Starting…
Running 'Verilator.Lint' at 'synthesis/runs/lstm16x_22pin_clean4/01-verilator-lint'…
Logging subprocess to [repr.filename]'synthesis/runs/lstm16x_22pin_clean4/01-verilator-lint/verilator-lint.log'[/repr.filename]…
Running 'Checker.LintTimingConstructs' at 'synthesis/runs/lstm16x_22pin_clean4/02-checker-linttimingconstructs'…
Check for Lint Timing Errors clear.
Running 'Checker.LintErrors' at 'synthesis/runs/lstm16x_22pin_clean4/03-checker-linterrors'…
Check for Lint errors clear.
Running 'Checker.LintWarnings' at 'synthesis/runs/lstm16x_22pin_clean4/04-checker-lintwarnings'…
306 Lint warnings found.
Running 'Yosys.JsonHeader' at 'synthesis/runs/lstm16x_22pin_clean4/05-yosys-jsonheader'…
Logging subprocess to [repr.filename]'synthesis/runs/lstm16x_22pin_clean4/05-yosys-jsonheader/yosys-jsonheader.log'[/repr.filename]…
Running 'Yosys.Synthesis' at 'synthesis/runs/lstm16x_22pin_clean4/06-yosys-synthesis'…
Logging subprocess to [repr.filename]'synthesis/runs/lstm16x_22pin_clean4/06-yosys-synthesis/yosys-synthesis.log'[/repr.filename]…
Parsing synthesis checks…
Running 'Checker.YosysUnmappedCells' at 'synthesis/runs/lstm16x_22pin_clean4/07-checker-yosysunmappedcells'…
Check for Unmapped Yosys instances clear.
Running 'Checker.YosysSynthChecks' at 'synthesis/runs/lstm16x_22pin_clean4/08-checker-yosyssynthchecks'…
Check for Yosys check errors clear.
Running 'Checker.NetlistAssignStatements' at 'synthesis/runs/lstm16x_22pin_clean4/09-checker-netlistassignstatements'…
Running 'OpenROAD.CheckSDCFiles' at 'synthesis/runs/lstm16x_22pin_clean4/10-openroad-checksdcfiles'…
Running 'OpenROAD.CheckMacroInstances' at 'synthesis/runs/lstm16x_22pin_clean4/11-openroad-checkmacroinstances'…
No macros found, skipping instance check…
Running 'OpenROAD.STAPrePNR' at 'synthesis/runs/lstm16x_22pin_clean4/12-openroad-staprepnr'…
Starting STA for the nom_tt_025C_5v00 timing corner…
Starting STA for the nom_ss_125C_4v50 timing corner…
Starting STA for the nom_ff_n40C_5v50 timing corner…
Skipping corner min_tt_025C_5v00 for STA (identical to nom_tt_025C_5v00 at this stage)…
Skipping corner min_ss_125C_4v50 for STA (identical to nom_ss_125C_4v50 at this stage)…
Skipping corner min_ff_n40C_5v50 for STA (identical to nom_ff_n40C_5v50 at this stage)…
Skipping corner max_tt_025C_5v00 for STA (identical to nom_tt_025C_5v00 at this stage)…
Skipping corner max_ss_125C_4v50 for STA (identical to nom_ss_125C_4v50 at this stage)…
Skipping corner max_ff_n40C_5v50 for STA (identical to nom_ff_n40C_5v50 at this stage)…
Logging subprocess to [repr.filename]'synthesis/runs/lstm16x_22pin_clean4/12-openroad-staprepnr/nom_tt_025C_5v00/sta.log'[/repr.filename]…
Logging subprocess to [repr.filename]'synthesis/runs/lstm16x_22pin_clean4/12-openroad-staprepnr/nom_ss_125C_4v50/sta.log'[/repr.filename]…
Logging subprocess to [repr.filename]'synthesis/runs/lstm16x_22pin_clean4/12-openroad-staprepnr/nom_ff_n40C_5v50/sta.log'[/repr.filename]…
Finished STA for the nom_tt_025C_5v00 timing corner.
Finished STA for the nom_ff_n40C_5v50 timing corner.
Finished STA for the nom_ss_125C_4v50 timing corner.
Running 'OpenROAD.Floorplan' at 'synthesis/runs/lstm16x_22pin_clean4/13-openroad-floorplan'…
Logging subprocess to [repr.filename]'synthesis/runs/lstm16x_22pin_clean4/13-openroad-floorplan/openroad-floorplan.log'[/repr.filename]…
[IFP-0028] Core area lower left (20.000, 20.000) snapped to (20.160, 23.520).
Running 'OpenROAD.DumpRCValues' at 'synthesis/runs/lstm16x_22pin_clean4/14-openroad-dumprcvalues'…
Logging subprocess to [repr.filename]'synthesis/runs/lstm16x_22pin_clean4/14-openroad-dumprcvalues/openroad-dumprcvalues.log'[/repr.filename]…
Running 'Odb.CheckMacroAntennaProperties' at 'synthesis/runs/lstm16x_22pin_clean4/15-odb-checkmacroantennaproperties'…
No cells provided, skipping 'Odb.CheckMacroAntennaProperties'…
Running 'Odb.SetPowerConnections' at 'synthesis/runs/lstm16x_22pin_clean4/16-odb-setpowerconnections'…
Logging subprocess to [repr.filename]'synthesis/runs/lstm16x_22pin_clean4/16-odb-setpowerconnections/odb-setpowerconnections.log'[/repr.filename]…
Running 'Odb.ManualMacroPlacement' at 'synthesis/runs/lstm16x_22pin_clean4/17-odb-manualmacroplacement'…
No instances found, skipping 'Odb.ManualMacroPlacement'…
Running 'OpenROAD.CutRows' at 'synthesis/runs/lstm16x_22pin_clean4/18-openroad-cutrows'…
Logging subprocess to [repr.filename]'synthesis/runs/lstm16x_22pin_clean4/18-openroad-cutrows/openroad-cutrows.log'[/repr.filename]…
Running 'OpenROAD.TapEndcapInsertion' at 'synthesis/runs/lstm16x_22pin_clean4/19-openroad-tapendcapinsertion'…
Logging subprocess to [repr.filename]'synthesis/runs/lstm16x_22pin_clean4/19-openroad-tapendcapinsertion/openroad-tapendcapinsertion.log'[/repr.filename]…
Running 'Odb.AddPDNObstructions' at 'synthesis/runs/lstm16x_22pin_clean4/20-odb-addpdnobstructions'…
'PDN_OBSTRUCTIONS' is not defined. Skipping 'Odb.AddPDNObstructions'…
Running 'OpenROAD.GeneratePDN' at 'synthesis/runs/lstm16x_22pin_clean4/21-openroad-generatepdn'…
'PDN_CFG' not explicitly set, setting it to /usr/local/lib/python3.12/dist-packages/librelane/scripts/openroad/common/pdn_cfg.tcl…
Logging subprocess to [repr.filename]'synthesis/runs/lstm16x_22pin_clean4/21-openroad-generatepdn/openroad-generatepdn.log'[/repr.filename]…
Running 'Odb.RemovePDNObstructions' at 'synthesis/runs/lstm16x_22pin_clean4/22-odb-removepdnobstructions'…
'PDN_OBSTRUCTIONS' is not defined. Skipping 'Odb.RemovePDNObstructions'…
Running 'Odb.AddRoutingObstructions' at 'synthesis/runs/lstm16x_22pin_clean4/23-odb-addroutingobstructions'…
'ROUTING_OBSTRUCTIONS' is not defined. Skipping 'Odb.AddRoutingObstructions'…
Running 'OpenROAD.GlobalPlacementSkipIO' at 'synthesis/runs/lstm16x_22pin_clean4/24-openroad-globalplacementskipio'…
I/O pins to be placed from /foss/designs/lstm16x_int8_gf180_1000x1000/synthesis/pin_order.cfg. Returning state unaltered…
Running 'OpenROAD.IOPlacement' at 'synthesis/runs/lstm16x_22pin_clean4/25-openroad-ioplacement'…
IO_PIN_ORDER_CFG is set. Skipping 'OpenROAD.IOPlacement'…
Running 'Odb.CustomIOPlacement' at 'synthesis/runs/lstm16x_22pin_clean4/26-odb-customioplacement'…
Logging subprocess to [repr.filename]'synthesis/runs/lstm16x_22pin_clean4/26-odb-customioplacement/odb-customioplacement.log'[/repr.filename]…
VDD not found in design but found in config.
VSS not found in design but found in config.
Running 'Odb.ApplyDEFTemplate' at 'synthesis/runs/lstm16x_22pin_clean4/27-odb-applydeftemplate'…
No DEF template provided, skipping 'Odb.ApplyDEFTemplate'…
Running 'OpenROAD.GlobalPlacement' at 'synthesis/runs/lstm16x_22pin_clean4/28-openroad-globalplacement'…
Logging subprocess to [repr.filename]'synthesis/runs/lstm16x_22pin_clean4/28-openroad-globalplacement/openroad-globalplacement.log'[/repr.filename]…
[GRT-0281] Net clk has a large fanout of 3043 terminals.
[GRT-0281] Net rst_n has a large fanout of 3043 terminals.
Running 'Odb.WriteVerilogHeader' at 'synthesis/runs/lstm16x_22pin_clean4/29-odb-writeverilogheader'…
Logging subprocess to [repr.filename]'synthesis/runs/lstm16x_22pin_clean4/29-odb-writeverilogheader/odb-writeverilogheader.log'[/repr.filename]…
Running 'Checker.PowerGridViolations' at 'synthesis/runs/lstm16x_22pin_clean4/30-checker-powergridviolations'…
Check for power grid violations (as reported by OpenROAD PSM- you may ignore these if LVS passes) clear.
Running 'OpenROAD.STAMidPNR' at 'synthesis/runs/lstm16x_22pin_clean4/31-openroad-stamidpnr'…
Logging subprocess to [repr.filename]'synthesis/runs/lstm16x_22pin_clean4/31-openroad-stamidpnr/openroad-stamidpnr.log'[/repr.filename]…
Running 'OpenROAD.RepairDesignPostGPL' at 'synthesis/runs/lstm16x_22pin_clean4/32-openroad-repairdesignpostgpl'…
Logging subprocess to [repr.filename]'synthesis/runs/lstm16x_22pin_clean4/32-openroad-repairdesignpostgpl/openroad-repairdesignpostgpl.log'[/repr.filename]…
[STA-1140] /foss/pdks/gf180mcuD/libs.ref/gf180mcu_fd_sc_mcu7t5v0/lib/gf180mcu_fd_sc_mcu7t5v0__ff_n40C_5v50.lib line 17, library gf180mcu_fd_sc_mcu7t5v0__ff_n40C_5v50 already exists.
[STA-1140] /foss/pdks/gf180mcuD/libs.ref/gf180mcu_fd_sc_mcu7t5v0/lib/gf180mcu_fd_sc_mcu7t5v0__tt_025C_5v00.lib line 17, library gf180mcu_fd_sc_mcu7t5v0__tt_025C_5v00 already exists.
[STA-1140] /foss/pdks/gf180mcuD/libs.ref/gf180mcu_fd_sc_mcu7t5v0/lib/gf180mcu_fd_sc_mcu7t5v0__ff_n40C_5v50.lib line 17, library gf180mcu_fd_sc_mcu7t5v0__ff_n40C_5v50 already exists.
[STA-1140] /foss/pdks/gf180mcuD/libs.ref/gf180mcu_fd_sc_mcu7t5v0/lib/gf180mcu_fd_sc_mcu7t5v0__tt_025C_5v00.lib line 17, library gf180mcu_fd_sc_mcu7t5v0__tt_025C_5v00 already exists.
[STA-1140] /foss/pdks/gf180mcuD/libs.ref/gf180mcu_fd_sc_mcu7t5v0/lib/gf180mcu_fd_sc_mcu7t5v0__ss_125C_4v50.lib line 17, library gf180mcu_fd_sc_mcu7t5v0__ss_125C_4v50 already exists.
[STA-1140] /foss/pdks/gf180mcuD/libs.ref/gf180mcu_fd_sc_mcu7t5v0/lib/gf180mcu_fd_sc_mcu7t5v0__ss_125C_4v50.lib line 17, library gf180mcu_fd_sc_mcu7t5v0__ss_125C_4v50 already exists.
[RSZ-0065] max wire length less than 11493u increases wire delays.
[RSZ-0020] found 2 floating nets.
Running 'Odb.ManualGlobalPlacement' at 'synthesis/runs/lstm16x_22pin_clean4/33-odb-manualglobalplacement'…
'MANUAL_GLOBAL_PLACEMENTS' not set. Skipping 'Odb.ManualGlobalPlacement'…
Running 'OpenROAD.DetailedPlacement' at 'synthesis/runs/lstm16x_22pin_clean4/34-openroad-detailedplacement'…
Logging subprocess to [repr.filename]'synthesis/runs/lstm16x_22pin_clean4/34-openroad-detailedplacement/openroad-detailedplacement.log'[/repr.filename]…
Running 'OpenROAD.CTS' at 'synthesis/runs/lstm16x_22pin_clean4/35-openroad-cts'…
Logging subprocess to [repr.filename]'synthesis/runs/lstm16x_22pin_clean4/35-openroad-cts/openroad-cts.log'[/repr.filename]…
[STA-1140] /foss/pdks/gf180mcuD/libs.ref/gf180mcu_fd_sc_mcu7t5v0/lib/gf180mcu_fd_sc_mcu7t5v0__ff_n40C_5v50.lib line 17, library gf180mcu_fd_sc_mcu7t5v0__ff_n40C_5v50 already exists.
[STA-1140] /foss/pdks/gf180mcuD/libs.ref/gf180mcu_fd_sc_mcu7t5v0/lib/gf180mcu_fd_sc_mcu7t5v0__tt_025C_5v00.lib line 17, library gf180mcu_fd_sc_mcu7t5v0__tt_025C_5v00 already exists.
[STA-1140] /foss/pdks/gf180mcuD/libs.ref/gf180mcu_fd_sc_mcu7t5v0/lib/gf180mcu_fd_sc_mcu7t5v0__ff_n40C_5v50.lib line 17, library gf180mcu_fd_sc_mcu7t5v0__ff_n40C_5v50 already exists.
[STA-1140] /foss/pdks/gf180mcuD/libs.ref/gf180mcu_fd_sc_mcu7t5v0/lib/gf180mcu_fd_sc_mcu7t5v0__tt_025C_5v00.lib line 17, library gf180mcu_fd_sc_mcu7t5v0__tt_025C_5v00 already exists.
[STA-1140] /foss/pdks/gf180mcuD/libs.ref/gf180mcu_fd_sc_mcu7t5v0/lib/gf180mcu_fd_sc_mcu7t5v0__ss_125C_4v50.lib line 17, library gf180mcu_fd_sc_mcu7t5v0__ss_125C_4v50 already exists.
[STA-1140] /foss/pdks/gf180mcuD/libs.ref/gf180mcu_fd_sc_mcu7t5v0/lib/gf180mcu_fd_sc_mcu7t5v0__ss_125C_4v50.lib line 17, library gf180mcu_fd_sc_mcu7t5v0__ss_125C_4v50 already exists.
Running 'OpenROAD.STAMidPNR-1' at 'synthesis/runs/lstm16x_22pin_clean4/36-openroad-stamidpnr-1'…
Logging subprocess to [repr.filename]'synthesis/runs/lstm16x_22pin_clean4/36-openroad-stamidpnr-1/openroad-stamidpnr-1.log'[/repr.filename]…
Running 'OpenROAD.ResizerTimingPostCTS' at 'synthesis/runs/lstm16x_22pin_clean4/37-openroad-resizertimingpostcts'…
Logging subprocess to [repr.filename]'synthesis/runs/lstm16x_22pin_clean4/37-openroad-resizertimingpostcts/openroad-resizertimingpostcts.log'[/repr.filename]…
[STA-1140] /foss/pdks/gf180mcuD/libs.ref/gf180mcu_fd_sc_mcu7t5v0/lib/gf180mcu_fd_sc_mcu7t5v0__ff_n40C_5v50.lib line 17, library gf180mcu_fd_sc_mcu7t5v0__ff_n40C_5v50 already exists.
[STA-1140] /foss/pdks/gf180mcuD/libs.ref/gf180mcu_fd_sc_mcu7t5v0/lib/gf180mcu_fd_sc_mcu7t5v0__tt_025C_5v00.lib line 17, library gf180mcu_fd_sc_mcu7t5v0__tt_025C_5v00 already exists.
[STA-1140] /foss/pdks/gf180mcuD/libs.ref/gf180mcu_fd_sc_mcu7t5v0/lib/gf180mcu_fd_sc_mcu7t5v0__ff_n40C_5v50.lib line 17, library gf180mcu_fd_sc_mcu7t5v0__ff_n40C_5v50 already exists.
[STA-1140] /foss/pdks/gf180mcuD/libs.ref/gf180mcu_fd_sc_mcu7t5v0/lib/gf180mcu_fd_sc_mcu7t5v0__tt_025C_5v00.lib line 17, library gf180mcu_fd_sc_mcu7t5v0__tt_025C_5v00 already exists.
[STA-1140] /foss/pdks/gf180mcuD/libs.ref/gf180mcu_fd_sc_mcu7t5v0/lib/gf180mcu_fd_sc_mcu7t5v0__ss_125C_4v50.lib line 17, library gf180mcu_fd_sc_mcu7t5v0__ss_125C_4v50 already exists.
[STA-1140] /foss/pdks/gf180mcuD/libs.ref/gf180mcu_fd_sc_mcu7t5v0/lib/gf180mcu_fd_sc_mcu7t5v0__ss_125C_4v50.lib line 17, library gf180mcu_fd_sc_mcu7t5v0__ss_125C_4v50 already exists.
Running 'OpenROAD.STAMidPNR-2' at 'synthesis/runs/lstm16x_22pin_clean4/38-openroad-stamidpnr-2'…
Logging subprocess to [repr.filename]'synthesis/runs/lstm16x_22pin_clean4/38-openroad-stamidpnr-2/openroad-stamidpnr-2.log'[/repr.filename]…
Running 'OpenROAD.GlobalRouting' at 'synthesis/runs/lstm16x_22pin_clean4/39-openroad-globalrouting'…
Logging subprocess to [repr.filename]'synthesis/runs/lstm16x_22pin_clean4/39-openroad-globalrouting/openroad-globalrouting.log'[/repr.filename]…
Running 'OpenROAD.CheckAntennas' at 'synthesis/runs/lstm16x_22pin_clean4/40-openroad-checkantennas'…
Logging subprocess to [repr.filename]'synthesis/runs/lstm16x_22pin_clean4/40-openroad-checkantennas/openroad-checkantennas.log'[/repr.filename]…
Running 'OpenROAD.RepairDesignPostGRT' at 'synthesis/runs/lstm16x_22pin_clean4/41-openroad-repairdesignpostgrt'…
Logging subprocess to [repr.filename]'synthesis/runs/lstm16x_22pin_clean4/41-openroad-repairdesignpostgrt/openroad-repairdesignpostgrt.log'[/repr.filename]…
[STA-1140] /foss/pdks/gf180mcuD/libs.ref/gf180mcu_fd_sc_mcu7t5v0/lib/gf180mcu_fd_sc_mcu7t5v0__ff_n40C_5v50.lib line 17, library gf180mcu_fd_sc_mcu7t5v0__ff_n40C_5v50 already exists.
[STA-1140] /foss/pdks/gf180mcuD/libs.ref/gf180mcu_fd_sc_mcu7t5v0/lib/gf180mcu_fd_sc_mcu7t5v0__tt_025C_5v00.lib line 17, library gf180mcu_fd_sc_mcu7t5v0__tt_025C_5v00 already exists.
[STA-1140] /foss/pdks/gf180mcuD/libs.ref/gf180mcu_fd_sc_mcu7t5v0/lib/gf180mcu_fd_sc_mcu7t5v0__ff_n40C_5v50.lib line 17, library gf180mcu_fd_sc_mcu7t5v0__ff_n40C_5v50 already exists.
[STA-1140] /foss/pdks/gf180mcuD/libs.ref/gf180mcu_fd_sc_mcu7t5v0/lib/gf180mcu_fd_sc_mcu7t5v0__tt_025C_5v00.lib line 17, library gf180mcu_fd_sc_mcu7t5v0__tt_025C_5v00 already exists.
[STA-1140] /foss/pdks/gf180mcuD/libs.ref/gf180mcu_fd_sc_mcu7t5v0/lib/gf180mcu_fd_sc_mcu7t5v0__ss_125C_4v50.lib line 17, library gf180mcu_fd_sc_mcu7t5v0__ss_125C_4v50 already exists.
[STA-1140] /foss/pdks/gf180mcuD/libs.ref/gf180mcu_fd_sc_mcu7t5v0/lib/gf180mcu_fd_sc_mcu7t5v0__ss_125C_4v50.lib line 17, library gf180mcu_fd_sc_mcu7t5v0__ss_125C_4v50 already exists.
[EST-0026] Missing route to pin _42269_/D in net _00000_.
[EST-0026] Missing route to pin _20664_/ZN in net _00000_.
[EST-0026] Missing route to pin _42269_/D in net _00000_.
[EST-0026] Missing route to pin _20664_/ZN in net _00000_.
[EST-0026] Missing route to pin _42269_/D in net _00000_.
[EST-0026] Missing route to pin _20664_/ZN in net _00000_.
[EST-0026] Missing route to pin _42269_/D in net _00000_.
[EST-0026] Missing route to pin _20664_/ZN in net _00000_.
[EST-0026] Missing route to pin _42269_/D in net _00000_.
[EST-0026] Missing route to pin _20664_/ZN in net _00000_.
[EST-0026] Missing route to pin _42269_/D in net _00000_.
[EST-0026] Missing route to pin _20664_/ZN in net _00000_.
[EST-0026] Missing route to pin _42269_/D in net _00000_.
[EST-0026] Missing route to pin _20664_/ZN in net _00000_.
[EST-0026] Missing route to pin _42269_/D in net _00000_.
[EST-0026] Missing route to pin _20664_/ZN in net _00000_.
[EST-0026] Missing route to pin _42269_/D in net _00000_.
[EST-0026] Missing route to pin _20664_/ZN in net _00000_.
[EST-0026] Missing route to pin _42270_/D in net _00001_.
[EST-0026] Missing route to pin _20660_/ZN in net _00001_.
[EST-0026] Missing route to pin _42270_/D in net _00001_.
[EST-0026] Missing route to pin _20660_/ZN in net _00001_.
[EST-0026] Missing route to pin _42270_/D in net _00001_.
[EST-0026] Missing route to pin _20660_/ZN in net _00001_.
[EST-0026] Missing route to pin _42270_/D in net _00001_.
[EST-0026] Missing route to pin _20660_/ZN in net _00001_.
[EST-0026] Missing route to pin _42270_/D in net _00001_.
[EST-0026] Missing route to pin _20660_/ZN in net _00001_.
[EST-0026] Missing route to pin _42270_/D in net _00001_.
[EST-0026] Missing route to pin _20660_/ZN in net _00001_.
[EST-0026] Missing route to pin _42270_/D in net _00001_.
[EST-0026] Missing route to pin _20660_/ZN in net _00001_.
[EST-0026] Missing route to pin _42270_/D in net _00001_.
[EST-0026] Missing route to pin _20660_/ZN in net _00001_.
[EST-0026] Missing route to pin _42270_/D in net _00001_.
[EST-0026] Missing route to pin _20660_/ZN in net _00001_.
[EST-0026] Missing route to pin _42262_/D in net _00003_.
[EST-0026] Missing route to pin _20509_/ZN in net _00003_.
[EST-0026] Missing route to pin _42262_/D in net _00003_.
[EST-0026] Missing route to pin _20509_/ZN in net _00003_.
[EST-0026] Missing route to pin _42262_/D in net _00003_.
[EST-0026] Missing route to pin _20509_/ZN in net _00003_.
[EST-0026] Missing route to pin _42262_/D in net _00003_.
[EST-0026] Missing route to pin _20509_/ZN in net _00003_.
[EST-0026] Missing route to pin _42262_/D in net _00003_.
[EST-0026] Missing route to pin _20509_/ZN in net _00003_.
[EST-0026] Missing route to pin _42262_/D in net _00003_.
[EST-0026] Missing route to pin _20509_/ZN in net _00003_.
[EST-0026] Missing route to pin _42262_/D in net _00003_.
[EST-0026] Missing route to pin _20509_/ZN in net _00003_.
[EST-0026] Missing route to pin _42262_/D in net _00003_.
[EST-0026] Missing route to pin _20509_/ZN in net _00003_.
[EST-0026] Missing route to pin _42262_/D in net _00003_.
[EST-0026] Missing route to pin _20509_/ZN in net _00003_.
[EST-0026] Missing route to pin _42263_/D in net _00004_.
[EST-0026] Missing route to pin _20527_/ZN in net _00004_.
[EST-0026] Missing route to pin _42263_/D in net _00004_.
[EST-0026] Missing route to pin _20527_/ZN in net _00004_.
[EST-0026] Missing route to pin _42263_/D in net _00004_.
[EST-0026] Missing route to pin _20527_/ZN in net _00004_.
[EST-0026] Missing route to pin _42263_/D in net _00004_.
[EST-0026] Missing route to pin _20527_/ZN in net _00004_.
[EST-0026] Missing route to pin _42263_/D in net _00004_.
[EST-0026] Missing route to pin _20527_/ZN in net _00004_.
[EST-0026] Missing route to pin _42263_/D in net _00004_.
[EST-0026] Missing route to pin _20527_/ZN in net _00004_.
[EST-0026] Missing route to pin _42263_/D in net _00004_.
[EST-0026] Missing route to pin _20527_/ZN in net _00004_.
[EST-0026] Missing route to pin _42263_/D in net _00004_.
[EST-0026] Missing route to pin _20527_/ZN in net _00004_.
[EST-0026] Missing route to pin _42263_/D in net _00004_.
[EST-0026] Missing route to pin _20527_/ZN in net _00004_.
[EST-0026] Missing route to pin _42264_/D in net _00005_.
[EST-0026] Missing route to pin _20560_/ZN in net _00005_.
[EST-0026] Missing route to pin _42264_/D in net _00005_.
[EST-0026] Missing route to pin _20560_/ZN in net _00005_.
[EST-0026] Missing route to pin _42264_/D in net _00005_.
[EST-0026] Missing route to pin _20560_/ZN in net _00005_.
[EST-0026] Missing route to pin _42264_/D in net _00005_.
[EST-0026] Missing route to pin _20560_/ZN in net _00005_.
[EST-0026] Missing route to pin _42264_/D in net _00005_.
[EST-0026] Missing route to pin _20560_/ZN in net _00005_.
[EST-0026] Missing route to pin _42264_/D in net _00005_.
[EST-0026] Missing route to pin _20560_/ZN in net _00005_.
[EST-0026] Missing route to pin _42264_/D in net _00005_.
[EST-0026] Missing route to pin _20560_/ZN in net _00005_.
[EST-0026] Missing route to pin _42264_/D in net _00005_.
[EST-0026] Missing route to pin _20560_/ZN in net _00005_.
[EST-0026] Missing route to pin _42264_/D in net _00005_.
[EST-0026] Missing route to pin _20560_/ZN in net _00005_.
[EST-0026] Missing route to pin _42265_/D in net _00006_.
[EST-0026] Missing route to pin _20593_/ZN in net _00006_.
[EST-0026] Missing route to pin _42265_/D in net _00006_.
[EST-0026] Missing route to pin _20593_/ZN in net _00006_.
[EST-0026] Missing route to pin _42265_/D in net _00006_.
[EST-0026] Missing route to pin _20593_/ZN in net _00006_.
[EST-0026] Missing route to pin _42265_/D in net _00006_.
[EST-0026] Missing route to pin _20593_/ZN in net _00006_.
[EST-0026] Missing route to pin _42265_/D in net _00006_.
[EST-0026] Missing route to pin _20593_/ZN in net _00006_.
[EST-0026] Missing route to pin _42265_/D in net _00006_.
[EST-0026] Missing route to pin _20593_/ZN in net _00006_.
[EST-0026] Missing route to pin _42265_/D in net _00006_.
[EST-0026] Missing route to pin _20593_/ZN in net _00006_.
[EST-0026] Missing route to pin _42265_/D in net _00006_.
[EST-0026] Missing route to pin _20593_/ZN in net _00006_.
[EST-0026] Missing route to pin _42265_/D in net _00006_.
[EST-0026] Missing route to pin _20593_/ZN in net _00006_.
[EST-0026] Missing route to pin _42266_/D in net _00007_.
[EST-0026] Missing route to pin _20609_/ZN in net _00007_.
[EST-0026] Missing route to pin _42266_/D in net _00007_.
[EST-0026] Missing route to pin _20609_/ZN in net _00007_.
[EST-0026] Missing route to pin _42266_/D in net _00007_.
[EST-0026] Missing route to pin _20609_/ZN in net _00007_.
[EST-0026] Missing route to pin _42266_/D in net _00007_.
[EST-0026] Missing route to pin _20609_/ZN in net _00007_.
[EST-0026] Missing route to pin _42266_/D in net _00007_.
[EST-0026] Missing route to pin _20609_/ZN in net _00007_.
[EST-0026] Missing route to pin _42266_/D in net _00007_.
[EST-0026] Missing route to pin _20609_/ZN in net _00007_.
[EST-0026] Missing route to pin _42266_/D in net _00007_.
[EST-0026] Missing route to pin _20609_/ZN in net _00007_.
[EST-0026] Missing route to pin _42266_/D in net _00007_.
[EST-0026] Missing route to pin _20609_/ZN in net _00007_.
[EST-0026] Missing route to pin _42266_/D in net _00007_.
[EST-0026] Missing route to pin _20609_/ZN in net _00007_.
[EST-0026] Missing route to pin _42260_/D in net _00010_.
[EST-0026] Missing route to pin _20560_/A2 in net _00010_.
[EST-0026] Missing route to pin _20527_/B1 in net _00010_.
[EST-0026] Missing route to pin _20509_/A2 in net _00010_.
[EST-0026] Missing route to pin _20443_/ZN in net _00010_.
[EST-0026] Missing route to pin _42260_/D in net _00010_.
[EST-0026] Missing route to pin _20560_/A2 in net _00010_.
[EST-0026] Missing route to pin _20527_/B1 in net _00010_.
[EST-0026] Missing route to pin _20509_/A2 in net _00010_.
[EST-0026] Missing route to pin _20443_/ZN in net _00010_.
[EST-0026] Missing route to pin _42260_/D in net _00010_.
[EST-0026] Missing route to pin _20560_/A2 in net _00010_.
[EST-0026] Missing route to pin _20527_/B1 in net _00010_.
[EST-0026] Missing route to pin _20509_/A2 in net _00010_.
[EST-0026] Missing route to pin _20443_/ZN in net _00010_.
[EST-0026] Missing route to pin _42260_/D in net _00010_.
[EST-0026] Missing route to pin _20560_/A2 in net _00010_.
[EST-0026] Missing route to pin _20527_/B1 in net _00010_.
[EST-0026] Missing route to pin _20509_/A2 in net _00010_.
[EST-0026] Missing route to pin _20443_/ZN in net _00010_.
[EST-0026] Missing route to pin _42260_/D in net _00010_.
[EST-0026] Missing route to pin _20560_/A2 in net _00010_.
[EST-0026] Missing route to pin _20527_/B1 in net _00010_.
[EST-0026] Missing route to pin _20509_/A2 in net _00010_.
[EST-0026] Missing route to pin _20443_/ZN in net _00010_.
[EST-0026] Missing route to pin _42260_/D in net _00010_.
[EST-0026] Missing route to pin _20560_/A2 in net _00010_.
[EST-0026] Missing route to pin _20527_/B1 in net _00010_.
[EST-0026] Missing route to pin _20509_/A2 in net _00010_.
[EST-0026] Missing route to pin _20443_/ZN in net _00010_.
[EST-0026] Missing route to pin _42260_/D in net _00010_.
[EST-0026] Missing route to pin _20560_/A2 in net _00010_.
[EST-0026] Missing route to pin _20527_/B1 in net _00010_.
[EST-0026] Missing route to pin _20509_/A2 in net _00010_.
[EST-0026] Missing route to pin _20443_/ZN in net _00010_.
[EST-0026] Missing route to pin _42260_/D in net _00010_.
[EST-0026] Missing route to pin _20560_/A2 in net _00010_.
[EST-0026] Missing route to pin _20527_/B1 in net _00010_.
[EST-0026] Missing route to pin _20509_/A2 in net _00010_.
[EST-0026] Missing route to pin _20443_/ZN in net _00010_.
[EST-0026] Missing route to pin _42260_/D in net _00010_.
[EST-0026] Missing route to pin _20560_/A2 in net _00010_.
[EST-0026] Missing route to pin _20527_/B1 in net _00010_.
[EST-0026] Missing route to pin _20509_/A2 in net _00010_.
[EST-0026] Missing route to pin _20443_/ZN in net _00010_.
[EST-0026] Missing route to pin _42252_/D in net _00011_.
[EST-0026] Missing route to pin _21359_/B2 in net _00011_.
[EST-0026] Missing route to pin _20659_/ZN in net _00011_.
[EST-0026] Missing route to pin _42252_/D in net _00011_.
[EST-0026] Missing route to pin _21359_/B2 in net _00011_.
[EST-0026] Missing route to pin _20659_/ZN in net _00011_.
[EST-0026] Missing route to pin _42252_/D in net _00011_.
[EST-0026] Missing route to pin _21359_/B2 in net _00011_.
[EST-0026] Missing route to pin _20659_/ZN in net _00011_.
[EST-0026] Missing route to pin _42252_/D in net _00011_.
[EST-0026] Missing route to pin _21359_/B2 in net _00011_.
[EST-0026] Missing route to pin _20659_/ZN in net _00011_.
[EST-0026] Missing route to pin _42252_/D in net _00011_.
[EST-0026] Missing route to pin _21359_/B2 in net _00011_.
[EST-0026] Missing route to pin _20659_/ZN in net _00011_.
[EST-0026] Missing route to pin _42252_/D in net _00011_.
[EST-0026] Missing route to pin _21359_/B2 in net _00011_.
[EST-0026] Missing route to pin _20659_/ZN in net _00011_.
[EST-0026] Missing route to pin _42252_/D in net _00011_.
[EST-0026] Missing route to pin _21359_/B2 in net _00011_.
[EST-0026] Missing route to pin _20659_/ZN in net _00011_.
[EST-0026] Missing route to pin _42252_/D in net _00011_.
[EST-0026] Missing route to pin _21359_/B2 in net _00011_.
[EST-0026] Missing route to pin _20659_/ZN in net _00011_.
[EST-0026] Missing route to pin _42252_/D in net _00011_.
[EST-0026] Missing route to pin _21359_/B2 in net _00011_.
[EST-0026] Missing route to pin _20659_/ZN in net _00011_.
[EST-0026] Missing route to pin _42258_/D in net _00012_.
[EST-0026] Missing route to pin _20294_/Z in net _00012_.
[EST-0026] Missing route to pin _42258_/D in net _00012_.
[EST-0026] Missing route to pin _20294_/Z in net _00012_.
[EST-0026] Missing route to pin _42258_/D in net _00012_.
[EST-0026] Missing route to pin _20294_/Z in net _00012_.
[EST-0026] Missing route to pin _42258_/D in net _00012_.
[EST-0026] Missing route to pin _20294_/Z in net _00012_.
[EST-0026] Missing route to pin _42258_/D in net _00012_.
[EST-0026] Missing route to pin _20294_/Z in net _00012_.
[EST-0026] Missing route to pin _42258_/D in net _00012_.
[EST-0026] Missing route to pin _20294_/Z in net _00012_.
[EST-0026] Missing route to pin _42258_/D in net _00012_.
[EST-0026] Missing route to pin _20294_/Z in net _00012_.
[EST-0026] Missing route to pin _42258_/D in net _00012_.
[EST-0026] Missing route to pin _20294_/Z in net _00012_.
[EST-0026] Missing route to pin _42258_/D in net _00012_.
[EST-0026] Missing route to pin _20294_/Z in net _00012_.
[EST-0026] Missing route to pin _42242_/D in net _00013_.
[EST-0026] Missing route to pin _20657_/ZN in net _00013_.
[EST-0026] Missing route to pin _42242_/D in net _00013_.
[EST-0026] Missing route to pin _20657_/ZN in net _00013_.
[EST-0026] Missing route to pin _42242_/D in net _00013_.
[EST-0026] Missing route to pin _20657_/ZN in net _00013_.
[EST-0026] Missing route to pin _42242_/D in net _00013_.
[EST-0026] Missing route to pin _20657_/ZN in net _00013_.
[EST-0026] Missing route to pin _42242_/D in net _00013_.
[EST-0026] Missing route to pin _20657_/ZN in net _00013_.
[EST-0026] Missing route to pin _42242_/D in net _00013_.
[EST-0026] Missing route to pin _20657_/ZN in net _00013_.
[EST-0026] Missing route to pin _42242_/D in net _00013_.
[EST-0026] Missing route to pin _20657_/ZN in net _00013_.
[EST-0026] Missing route to pin _42242_/D in net _00013_.
[EST-0026] Missing route to pin _20657_/ZN in net _00013_.
[EST-0026] Missing route to pin _42242_/D in net _00013_.
[EST-0026] Missing route to pin _20657_/ZN in net _00013_.
[EST-0026] Missing route to pin _42232_/D in net _00015_.
[EST-0026] Missing route to pin _20655_/ZN in net _00015_.
[EST-0026] Missing route to pin _42232_/D in net _00015_.
[EST-0026] Missing route to pin _20655_/ZN in net _00015_.
[EST-0026] Missing route to pin _42232_/D in net _00015_.
[EST-0026] Missing route to pin _20655_/ZN in net _00015_.
[EST-0026] Missing route to pin _42232_/D in net _00015_.
[EST-0026] Missing route to pin _20655_/ZN in net _00015_.
[EST-0026] Missing route to pin _42232_/D in net _00015_.
[EST-0026] Missing route to pin _20655_/ZN in net _00015_.
[EST-0026] Missing route to pin _42232_/D in net _00015_.
[EST-0026] Missing route to pin _20655_/ZN in net _00015_.
[EST-0026] Missing route to pin _42232_/D in net _00015_.
[EST-0026] Missing route to pin _20655_/ZN in net _00015_.
[EST-0026] Missing route to pin _42232_/D in net _00015_.
[EST-0026] Missing route to pin _20655_/ZN in net _00015_.
[EST-0026] Missing route to pin _42232_/D in net _00015_.
[EST-0026] Missing route to pin _20655_/ZN in net _00015_.
[EST-0026] Missing route to pin _42238_/D in net _00016_.
[EST-0026] Missing route to pin _20307_/ZN in net _00016_.
[EST-0026] Missing route to pin _42238_/D in net _00016_.
[EST-0026] Missing route to pin _20307_/ZN in net _00016_.
[EST-0026] Missing route to pin _42238_/D in net _00016_.
[EST-0026] Missing route to pin _20307_/ZN in net _00016_.
[EST-0026] Missing route to pin _42238_/D in net _00016_.
[EST-0026] Missing route to pin _20307_/ZN in net _00016_.
[EST-0026] Missing route to pin _42238_/D in net _00016_.
[EST-0026] Missing route to pin _20307_/ZN in net _00016_.
[EST-0026] Missing route to pin _42238_/D in net _00016_.
[EST-0026] Missing route to pin _20307_/ZN in net _00016_.
[EST-0026] Missing route to pin _42238_/D in net _00016_.
[EST-0026] Missing route to pin _20307_/ZN in net _00016_.
[EST-0026] Missing route to pin _42238_/D in net _00016_.
[EST-0026] Missing route to pin _20307_/ZN in net _00016_.
[EST-0026] Missing route to pin _42238_/D in net _00016_.
[EST-0026] Missing route to pin _20307_/ZN in net _00016_.
[EST-0026] Missing route to pin _42222_/D in net _00017_.
[EST-0026] Missing route to pin _20653_/ZN in net _00017_.
[EST-0026] Missing route to pin _42222_/D in net _00017_.
[EST-0026] Missing route to pin _20653_/ZN in net _00017_.
[EST-0026] Missing route to pin _42222_/D in net _00017_.
[EST-0026] Missing route to pin _20653_/ZN in net _00017_.
[EST-0026] Missing route to pin _42222_/D in net _00017_.
[EST-0026] Missing route to pin _20653_/ZN in net _00017_.
[EST-0026] Missing route to pin _42222_/D in net _00017_.
[EST-0026] Missing route to pin _20653_/ZN in net _00017_.
[EST-0026] Missing route to pin _42222_/D in net _00017_.
[EST-0026] Missing route to pin _20653_/ZN in net _00017_.
[EST-0026] Missing route to pin _42222_/D in net _00017_.
[EST-0026] Missing route to pin _20653_/ZN in net _00017_.
[EST-0026] Missing route to pin _42222_/D in net _00017_.
[EST-0026] Missing route to pin _20653_/ZN in net _00017_.
[EST-0026] Missing route to pin _42222_/D in net _00017_.
[EST-0026] Missing route to pin _20653_/ZN in net _00017_.
[EST-0026] Missing route to pin _42218_/D in net _00020_.
[EST-0026] Missing route to pin _20273_/ZN in net _00020_.
[EST-0026] Missing route to pin _42218_/D in net _00020_.
[EST-0026] Missing route to pin _20273_/ZN in net _00020_.
[EST-0026] Missing route to pin _42218_/D in net _00020_.
[EST-0026] Missing route to pin _20273_/ZN in net _00020_.
[EST-0026] Missing route to pin _42218_/D in net _00020_.
[EST-0026] Missing route to pin _20273_/ZN in net _00020_.
[EST-0026] Missing route to pin _42218_/D in net _00020_.
[EST-0026] Missing route to pin _20273_/ZN in net _00020_.
[EST-0026] Missing route to pin _42218_/D in net _00020_.
[EST-0026] Missing route to pin _20273_/ZN in net _00020_.
[EST-0026] Missing route to pin _42218_/D in net _00020_.
[EST-0026] Missing route to pin _20273_/ZN in net _00020_.
[EST-0026] Missing route to pin _42218_/D in net _00020_.
[EST-0026] Missing route to pin _20273_/ZN in net _00020_.
[EST-0026] Missing route to pin _42218_/D in net _00020_.
[EST-0026] Missing route to pin _20273_/ZN in net _00020_.
[EST-0026] Missing route to pin _42202_/D in net _00021_.
[EST-0026] Missing route to pin _20649_/ZN in net _00021_.
[EST-0026] Missing route to pin _42202_/D in net _00021_.
[EST-0026] Missing route to pin _20649_/ZN in net _00021_.
[EST-0026] Missing route to pin _42202_/D in net _00021_.
[EST-0026] Missing route to pin _20649_/ZN in net _00021_.
[EST-0026] Missing route to pin _42202_/D in net _00021_.
[EST-0026] Missing route to pin _20649_/ZN in net _00021_.
[EST-0026] Missing route to pin _42202_/D in net _00021_.
[EST-0026] Missing route to pin _20649_/ZN in net _00021_.
[EST-0026] Missing route to pin _42202_/D in net _00021_.
[EST-0026] Missing route to pin _20649_/ZN in net _00021_.
[EST-0026] Missing route to pin _42202_/D in net _00021_.
[EST-0026] Missing route to pin _20649_/ZN in net _00021_.
[EST-0026] Missing route to pin _42202_/D in net _00021_.
[EST-0026] Missing route to pin _20649_/ZN in net _00021_.
[EST-0026] Missing route to pin _42202_/D in net _00021_.
[EST-0026] Missing route to pin _20649_/ZN in net _00021_.
[EST-0026] Missing route to pin _42208_/D in net _00022_.
[EST-0026] Missing route to pin _20260_/Z in net _00022_.
[EST-0026] Missing route to pin _42208_/D in net _00022_.
[EST-0026] Missing route to pin _20260_/Z in net _00022_.
[EST-0026] Missing route to pin _42208_/D in net _00022_.
[EST-0026] Missing route to pin _20260_/Z in net _00022_.
[EST-0026] Missing route to pin _42208_/D in net _00022_.
[EST-0026] Missing route to pin _20260_/Z in net _00022_.
[EST-0026] Missing route to pin _42208_/D in net _00022_.
[EST-0026] Missing route to pin _20260_/Z in net _00022_.
[EST-0026] Missing route to pin _42208_/D in net _00022_.
[EST-0026] Missing route to pin _20260_/Z in net _00022_.
[EST-0026] Missing route to pin _42208_/D in net _00022_.
[EST-0026] Missing route to pin _20260_/Z in net _00022_.
[EST-0026] Missing route to pin _42208_/D in net _00022_.
[EST-0026] Missing route to pin _20260_/Z in net _00022_.
[EST-0026] Missing route to pin _42208_/D in net _00022_.
[EST-0026] Missing route to pin _20260_/Z in net _00022_.
[EST-0026] Missing route to pin _42192_/D in net _00023_.
[EST-0026] Missing route to pin _20647_/ZN in net _00023_.
[EST-0026] Missing route to pin _42192_/D in net _00023_.
[EST-0026] Missing route to pin _20647_/ZN in net _00023_.
[EST-0026] Missing route to pin _42192_/D in net _00023_.
[EST-0026] Missing route to pin _20647_/ZN in net _00023_.
[EST-0026] Missing route to pin _42192_/D in net _00023_.
[EST-0026] Missing route to pin _20647_/ZN in net _00023_.
[EST-0026] Missing route to pin _42192_/D in net _00023_.
[EST-0026] Missing route to pin _20647_/ZN in net _00023_.
[EST-0026] Missing route to pin _42192_/D in net _00023_.
[EST-0026] Missing route to pin _20647_/ZN in net _00023_.
[EST-0026] Missing route to pin _42192_/D in net _00023_.
[EST-0026] Missing route to pin _20647_/ZN in net _00023_.
[EST-0026] Missing route to pin _42192_/D in net _00023_.
[EST-0026] Missing route to pin _20647_/ZN in net _00023_.
[EST-0026] Missing route to pin _42192_/D in net _00023_.
[EST-0026] Missing route to pin _20647_/ZN in net _00023_.
[EST-0026] Missing route to pin _42182_/D in net _00025_.
[EST-0026] Missing route to pin _20298_/ZN in net _00025_.
[EST-0026] Missing route to pin _42182_/D in net _00025_.
[EST-0026] Missing route to pin _20298_/ZN in net _00025_.
[EST-0026] Missing route to pin _42182_/D in net _00025_.
[EST-0026] Missing route to pin _20298_/ZN in net _00025_.
[EST-0026] Missing route to pin _42182_/D in net _00025_.
[EST-0026] Missing route to pin _20298_/ZN in net _00025_.
[EST-0026] Missing route to pin _42182_/D in net _00025_.
[EST-0026] Missing route to pin _20298_/ZN in net _00025_.
[EST-0026] Missing route to pin _42182_/D in net _00025_.
[EST-0026] Missing route to pin _20298_/ZN in net _00025_.
[EST-0026] Missing route to pin _42182_/D in net _00025_.
[EST-0026] Missing route to pin _20298_/ZN in net _00025_.
[EST-0026] Missing route to pin _42182_/D in net _00025_.
[EST-0026] Missing route to pin _20298_/ZN in net _00025_.
[EST-0026] Missing route to pin _42182_/D in net _00025_.
[EST-0026] Missing route to pin _20298_/ZN in net _00025_.
[EST-0026] Missing route to pin _42188_/D in net _00026_.
[EST-0026] Missing route to pin _20289_/Z in net _00026_.
[EST-0026] Missing route to pin _42188_/D in net _00026_.
[EST-0026] Missing route to pin _20289_/Z in net _00026_.
[EST-0026] Missing route to pin _42188_/D in net _00026_.
[EST-0026] Missing route to pin _20289_/Z in net _00026_.
[EST-0026] Missing route to pin _42188_/D in net _00026_.
[EST-0026] Missing route to pin _20289_/Z in net _00026_.
[EST-0026] Missing route to pin _42188_/D in net _00026_.
[EST-0026] Missing route to pin _20289_/Z in net _00026_.
[EST-0026] Missing route to pin _42188_/D in net _00026_.
[EST-0026] Missing route to pin _20289_/Z in net _00026_.
[EST-0026] Missing route to pin _42188_/D in net _00026_.
[EST-0026] Missing route to pin _20289_/Z in net _00026_.
[EST-0026] Missing route to pin _42188_/D in net _00026_.
[EST-0026] Missing route to pin _20289_/Z in net _00026_.
[EST-0026] Missing route to pin _42188_/D in net _00026_.
[EST-0026] Missing route to pin _20289_/Z in net _00026_.
[EST-0026] Missing route to pin _42178_/D in net _00028_.
[EST-0026] Missing route to pin _26329_/B in net _00028_.
[EST-0026] Missing route to pin _20266_/Z in net _00028_.
[EST-0026] Missing route to pin _42178_/D in net _00028_.
[EST-0026] Missing route to pin _26329_/B in net _00028_.
[EST-0026] Missing route to pin _20266_/Z in net _00028_.
[EST-0026] Missing route to pin _42178_/D in net _00028_.
[EST-0026] Missing route to pin _26329_/B in net _00028_.
[EST-0026] Missing route to pin _20266_/Z in net _00028_.
[EST-0026] Missing route to pin _42178_/D in net _00028_.
[EST-0026] Missing route to pin _26329_/B in net _00028_.
[EST-0026] Missing route to pin _20266_/Z in net _00028_.
[EST-0026] Missing route to pin _42178_/D in net _00028_.
[EST-0026] Missing route to pin _26329_/B in net _00028_.
[EST-0026] Missing route to pin _20266_/Z in net _00028_.
[EST-0026] Missing route to pin _42178_/D in net _00028_.
[EST-0026] Missing route to pin _26329_/B in net _00028_.
[EST-0026] Missing route to pin _20266_/Z in net _00028_.
[EST-0026] Missing route to pin _42178_/D in net _00028_.
[EST-0026] Missing route to pin _26329_/B in net _00028_.
[EST-0026] Missing route to pin _20266_/Z in net _00028_.
[EST-0026] Missing route to pin _42178_/D in net _00028_.
[EST-0026] Missing route to pin _26329_/B in net _00028_.
[EST-0026] Missing route to pin _20266_/Z in net _00028_.
[EST-0026] Missing route to pin _42178_/D in net _00028_.
[EST-0026] Missing route to pin _26329_/B in net _00028_.
[EST-0026] Missing route to pin _20266_/Z in net _00028_.
[EST-0026] Missing route to pin _42162_/D in net _00029_.
[EST-0026] Missing route to pin _20238_/ZN in net _00029_.
[EST-0026] Missing route to pin _42162_/D in net _00029_.
[EST-0026] Missing route to pin _20238_/ZN in net _00029_.
[EST-0026] Missing route to pin _42162_/D in net _00029_.
[EST-0026] Missing route to pin _20238_/ZN in net _00029_.
[EST-0026] Missing route to pin _42162_/D in net _00029_.
[EST-0026] Missing route to pin _20238_/ZN in net _00029_.
[EST-0026] Missing route to pin _42162_/D in net _00029_.
[EST-0026] Missing route to pin _20238_/ZN in net _00029_.
[EST-0026] Missing route to pin _42162_/D in net _00029_.
[EST-0026] Missing route to pin _20238_/ZN in net _00029_.
[EST-0026] Missing route to pin _42162_/D in net _00029_.
[EST-0026] Missing route to pin _20238_/ZN in net _00029_.
[EST-0026] Missing route to pin _42162_/D in net _00029_.
[EST-0026] Missing route to pin _20238_/ZN in net _00029_.
[EST-0026] Missing route to pin _42162_/D in net _00029_.
[EST-0026] Missing route to pin _20238_/ZN in net _00029_.
[EST-0026] Missing route to pin _42168_/D in net _00030_.
[EST-0026] Missing route to pin _20235_/Z in net _00030_.
[EST-0026] Missing route to pin _42168_/D in net _00030_.
[EST-0026] Missing route to pin _20235_/Z in net _00030_.
[EST-0026] Missing route to pin _42168_/D in net _00030_.
[EST-0026] Missing route to pin _20235_/Z in net _00030_.
[EST-0026] Missing route to pin _42168_/D in net _00030_.
[EST-0026] Missing route to pin _20235_/Z in net _00030_.
[EST-0026] Missing route to pin _42168_/D in net _00030_.
[EST-0026] Missing route to pin _20235_/Z in net _00030_.
[EST-0026] Missing route to pin _42168_/D in net _00030_.
[EST-0026] Missing route to pin _20235_/Z in net _00030_.
[EST-0026] Missing route to pin _42168_/D in net _00030_.
[EST-0026] Missing route to pin _20235_/Z in net _00030_.
[EST-0026] Missing route to pin _42168_/D in net _00030_.
[EST-0026] Missing route to pin _20235_/Z in net _00030_.
[EST-0026] Missing route to pin _42168_/D in net _00030_.
[EST-0026] Missing route to pin _20235_/Z in net _00030_.
[EST-0026] Missing route to pin _42152_/D in net _00031_.
[EST-0026] Missing route to pin _20228_/ZN in net _00031_.
[EST-0026] Missing route to pin _42152_/D in net _00031_.
[EST-0026] Missing route to pin _20228_/ZN in net _00031_.
[EST-0026] Missing route to pin _42152_/D in net _00031_.
[EST-0026] Missing route to pin _20228_/ZN in net _00031_.
[EST-0026] Missing route to pin _42152_/D in net _00031_.
[EST-0026] Missing route to pin _20228_/ZN in net _00031_.
[EST-0026] Missing route to pin _42152_/D in net _00031_.
[EST-0026] Missing route to pin _20228_/ZN in net _00031_.
[EST-0026] Missing route to pin _42152_/D in net _00031_.
[EST-0026] Missing route to pin _20228_/ZN in net _00031_.
[EST-0026] Missing route to pin _42152_/D in net _00031_.
[EST-0026] Missing route to pin _20228_/ZN in net _00031_.
[EST-0026] Missing route to pin _42152_/D in net _00031_.
[EST-0026] Missing route to pin _20228_/ZN in net _00031_.
[EST-0026] Missing route to pin _42152_/D in net _00031_.
[EST-0026] Missing route to pin _20228_/ZN in net _00031_.
[EST-0026] Missing route to pin _42158_/D in net _00032_.
[EST-0026] Missing route to pin _20224_/Z in net _00032_.
[EST-0026] Missing route to pin _42158_/D in net _00032_.
[EST-0026] Missing route to pin _20224_/Z in net _00032_.
[EST-0026] Missing route to pin _42158_/D in net _00032_.
[EST-0026] Missing route to pin _20224_/Z in net _00032_.
[EST-0026] Missing route to pin _42158_/D in net _00032_.
[EST-0026] Missing route to pin _20224_/Z in net _00032_.
[EST-0026] Missing route to pin _42158_/D in net _00032_.
[EST-0026] Missing route to pin _20224_/Z in net _00032_.
[EST-0026] Missing route to pin _42158_/D in net _00032_.
[EST-0026] Missing route to pin _20224_/Z in net _00032_.
[EST-0026] Missing route to pin _42158_/D in net _00032_.
[EST-0026] Missing route to pin _20224_/Z in net _00032_.
[EST-0026] Missing route to pin _42158_/D in net _00032_.
[EST-0026] Missing route to pin _20224_/Z in net _00032_.
[EST-0026] Missing route to pin _42158_/D in net _00032_.
[EST-0026] Missing route to pin _20224_/Z in net _00032_.
[EST-0026] Missing route to pin _42142_/D in net _00033_.
[EST-0026] Missing route to pin _20218_/ZN in net _00033_.
[EST-0026] Missing route to pin _42142_/D in net _00033_.
[EST-0026] Missing route to pin _20218_/ZN in net _00033_.
[EST-0026] Missing route to pin _42142_/D in net _00033_.
[EST-0026] Missing route to pin _20218_/ZN in net _00033_.
[EST-0026] Missing route to pin _42142_/D in net _00033_.
[EST-0026] Missing route to pin _20218_/ZN in net _00033_.
[EST-0026] Missing route to pin _42142_/D in net _00033_.
[EST-0026] Missing route to pin _20218_/ZN in net _00033_.
[EST-0026] Missing route to pin _42142_/D in net _00033_.
[EST-0026] Missing route to pin _20218_/ZN in net _00033_.
[EST-0026] Missing route to pin _42142_/D in net _00033_.
[EST-0026] Missing route to pin _20218_/ZN in net _00033_.
[EST-0026] Missing route to pin _42142_/D in net _00033_.
[EST-0026] Missing route to pin _20218_/ZN in net _00033_.
[EST-0026] Missing route to pin _42142_/D in net _00033_.
[EST-0026] Missing route to pin _20218_/ZN in net _00033_.
[EST-0026] Missing route to pin _42148_/D in net _00034_.
[EST-0026] Missing route to pin _20215_/Z in net _00034_.
[EST-0026] Missing route to pin _42148_/D in net _00034_.
[EST-0026] Missing route to pin _20215_/Z in net _00034_.
[EST-0026] Missing route to pin _42148_/D in net _00034_.
[EST-0026] Missing route to pin _20215_/Z in net _00034_.
[EST-0026] Missing route to pin _42148_/D in net _00034_.
[EST-0026] Missing route to pin _20215_/Z in net _00034_.
[EST-0026] Missing route to pin _42148_/D in net _00034_.
[EST-0026] Missing route to pin _20215_/Z in net _00034_.
[EST-0026] Missing route to pin _42148_/D in net _00034_.
[EST-0026] Missing route to pin _20215_/Z in net _00034_.
[EST-0026] Missing route to pin _42148_/D in net _00034_.
[EST-0026] Missing route to pin _20215_/Z in net _00034_.
[EST-0026] Missing route to pin _42148_/D in net _00034_.
[EST-0026] Missing route to pin _20215_/Z in net _00034_.
[EST-0026] Missing route to pin _42148_/D in net _00034_.
[EST-0026] Missing route to pin _20215_/Z in net _00034_.
[EST-0026] Missing route to pin _42138_/D in net _00036_.
[EST-0026] Missing route to pin _20205_/Z in net _00036_.
[EST-0026] Missing route to pin _42138_/D in net _00036_.
[EST-0026] Missing route to pin _20205_/Z in net _00036_.
[EST-0026] Missing route to pin _42138_/D in net _00036_.
[EST-0026] Missing route to pin _20205_/Z in net _00036_.
[EST-0026] Missing route to pin _42138_/D in net _00036_.
[EST-0026] Missing route to pin _20205_/Z in net _00036_.
[EST-0026] Missing route to pin _42138_/D in net _00036_.
[EST-0026] Missing route to pin _20205_/Z in net _00036_.
[EST-0026] Missing route to pin _42138_/D in net _00036_.
[EST-0026] Missing route to pin _20205_/Z in net _00036_.
[EST-0026] Missing route to pin _42138_/D in net _00036_.
[EST-0026] Missing route to pin _20205_/Z in net _00036_.
[EST-0026] Missing route to pin _42138_/D in net _00036_.
[EST-0026] Missing route to pin _20205_/Z in net _00036_.
[EST-0026] Missing route to pin _42138_/D in net _00036_.
[EST-0026] Missing route to pin _20205_/Z in net _00036_.
[EST-0026] Missing route to pin _42122_/D in net _00037_.
[EST-0026] Missing route to pin _20199_/ZN in net _00037_.
[EST-0026] Missing route to pin _42122_/D in net _00037_.
[EST-0026] Missing route to pin _20199_/ZN in net _00037_.
[EST-0026] Missing route to pin _42122_/D in net _00037_.
[EST-0026] Missing route to pin _20199_/ZN in net _00037_.
[EST-0026] Missing route to pin _42122_/D in net _00037_.
[EST-0026] Missing route to pin _20199_/ZN in net _00037_.
[EST-0026] Missing route to pin _42122_/D in net _00037_.
[EST-0026] Missing route to pin _20199_/ZN in net _00037_.
[EST-0026] Missing route to pin _42122_/D in net _00037_.
[EST-0026] Missing route to pin _20199_/ZN in net _00037_.
[EST-0026] Missing route to pin _42122_/D in net _00037_.
[EST-0026] Missing route to pin _20199_/ZN in net _00037_.
[EST-0026] Missing route to pin _42122_/D in net _00037_.
[EST-0026] Missing route to pin _20199_/ZN in net _00037_.
[EST-0026] Missing route to pin _42122_/D in net _00037_.
[EST-0026] Missing route to pin _20199_/ZN in net _00037_.
[EST-0026] Missing route to pin _42128_/D in net _00038_.
[EST-0026] Missing route to pin _20195_/Z in net _00038_.
[EST-0026] Missing route to pin _42128_/D in net _00038_.
[EST-0026] Missing route to pin _20195_/Z in net _00038_.
[EST-0026] Missing route to pin _42128_/D in net _00038_.
[EST-0026] Missing route to pin _20195_/Z in net _00038_.
[EST-0026] Missing route to pin _42128_/D in net _00038_.
[EST-0026] Missing route to pin _20195_/Z in net _00038_.
[EST-0026] Missing route to pin _42128_/D in net _00038_.
[EST-0026] Missing route to pin _20195_/Z in net _00038_.
[EST-0026] Missing route to pin _42128_/D in net _00038_.
[EST-0026] Missing route to pin _20195_/Z in net _00038_.
[EST-0026] Missing route to pin _42128_/D in net _00038_.
[EST-0026] Missing route to pin _20195_/Z in net _00038_.
[EST-0026] Missing route to pin _42128_/D in net _00038_.
[EST-0026] Missing route to pin _20195_/Z in net _00038_.
[EST-0026] Missing route to pin _42128_/D in net _00038_.
[EST-0026] Missing route to pin _20195_/Z in net _00038_.
[EST-0026] Missing route to pin _42112_/D in net _00039_.
[EST-0026] Missing route to pin _20189_/ZN in net _00039_.
[EST-0026] Missing route to pin _42112_/D in net _00039_.
[EST-0026] Missing route to pin _20189_/ZN in net _00039_.
[EST-0026] Missing route to pin _42112_/D in net _00039_.
[EST-0026] Missing route to pin _20189_/ZN in net _00039_.
[EST-0026] Missing route to pin _42112_/D in net _00039_.
[EST-0026] Missing route to pin _20189_/ZN in net _00039_.
[EST-0026] Missing route to pin _42112_/D in net _00039_.
[EST-0026] Missing route to pin _20189_/ZN in net _00039_.
[EST-0026] Missing route to pin _42112_/D in net _00039_.
[EST-0026] Missing route to pin _20189_/ZN in net _00039_.
[EST-0026] Missing route to pin _42112_/D in net _00039_.
[EST-0026] Missing route to pin _20189_/ZN in net _00039_.
[EST-0026] Missing route to pin _42112_/D in net _00039_.
[EST-0026] Missing route to pin _20189_/ZN in net _00039_.
[EST-0026] Missing route to pin _42112_/D in net _00039_.
[EST-0026] Missing route to pin _20189_/ZN in net _00039_.
[EST-0026] Missing route to pin _42118_/D in net _00040_.
[EST-0026] Missing route to pin _20185_/Z in net _00040_.
[EST-0026] Missing route to pin _42118_/D in net _00040_.
[EST-0026] Missing route to pin _20185_/Z in net _00040_.
[EST-0026] Missing route to pin _42118_/D in net _00040_.
[EST-0026] Missing route to pin _20185_/Z in net _00040_.
[EST-0026] Missing route to pin _42118_/D in net _00040_.
[EST-0026] Missing route to pin _20185_/Z in net _00040_.
[EST-0026] Missing route to pin _42118_/D in net _00040_.
[EST-0026] Missing route to pin _20185_/Z in net _00040_.
[EST-0026] Missing route to pin _42118_/D in net _00040_.
[EST-0026] Missing route to pin _20185_/Z in net _00040_.
[EST-0026] Missing route to pin _42118_/D in net _00040_.
[EST-0026] Missing route to pin _20185_/Z in net _00040_.
[EST-0026] Missing route to pin _42118_/D in net _00040_.
[EST-0026] Missing route to pin _20185_/Z in net _00040_.
[EST-0026] Missing route to pin _42118_/D in net _00040_.
[EST-0026] Missing route to pin _20185_/Z in net _00040_.
[EST-0026] Missing route to pin _42102_/D in net _00041_.
[EST-0026] Missing route to pin _20179_/ZN in net _00041_.
[EST-0026] Missing route to pin _42102_/D in net _00041_.
[EST-0026] Missing route to pin _20179_/ZN in net _00041_.
[EST-0026] Missing route to pin _42102_/D in net _00041_.
[EST-0026] Missing route to pin _20179_/ZN in net _00041_.
[EST-0026] Missing route to pin _42102_/D in net _00041_.
[EST-0026] Missing route to pin _20179_/ZN in net _00041_.
[EST-0026] Missing route to pin _42102_/D in net _00041_.
[EST-0026] Missing route to pin _20179_/ZN in net _00041_.
[EST-0026] Missing route to pin _42102_/D in net _00041_.
[EST-0026] Missing route to pin _20179_/ZN in net _00041_.
[EST-0026] Missing route to pin _42102_/D in net _00041_.
[EST-0026] Missing route to pin _20179_/ZN in net _00041_.
[EST-0026] Missing route to pin _42102_/D in net _00041_.
[EST-0026] Missing route to pin _20179_/ZN in net _00041_.
[EST-0026] Missing route to pin _42102_/D in net _00041_.
[EST-0026] Missing route to pin _20179_/ZN in net _00041_.
[EST-0026] Missing route to pin _42108_/D in net _00042_.
[EST-0026] Missing route to pin _20175_/Z in net _00042_.
[EST-0026] Missing route to pin _42108_/D in net _00042_.
[EST-0026] Missing route to pin _20175_/Z in net _00042_.
[EST-0026] Missing route to pin _42108_/D in net _00042_.
[EST-0026] Missing route to pin _20175_/Z in net _00042_.
[EST-0026] Missing route to pin _42108_/D in net _00042_.
[EST-0026] Missing route to pin _20175_/Z in net _00042_.
[EST-0026] Missing route to pin _42108_/D in net _00042_.
[EST-0026] Missing route to pin _20175_/Z in net _00042_.
[EST-0026] Missing route to pin _42108_/D in net _00042_.
[EST-0026] Missing route to pin _20175_/Z in net _00042_.
[EST-0026] Missing route to pin _42108_/D in net _00042_.
[EST-0026] Missing route to pin _20175_/Z in net _00042_.
[EST-0026] Missing route to pin _42108_/D in net _00042_.
[EST-0026] Missing route to pin _20175_/Z in net _00042_.
[EST-0026] Missing route to pin _42108_/D in net _00042_.
[EST-0026] Missing route to pin _20175_/Z in net _00042_.
[EST-0026] Missing route to pin _42250_/D in net _00043_.
[EST-0026] Missing route to pin _20427_/ZN in net _00043_.
[EST-0026] Missing route to pin _42250_/D in net _00043_.
[EST-0026] Missing route to pin _20427_/ZN in net _00043_.
[EST-0026] Missing route to pin _42250_/D in net _00043_.
[EST-0026] Missing route to pin _20427_/ZN in net _00043_.
[EST-0026] Missing route to pin _42250_/D in net _00043_.
[EST-0026] Missing route to pin _20427_/ZN in net _00043_.
[EST-0026] Missing route to pin _42250_/D in net _00043_.
[EST-0026] Missing route to pin _20427_/ZN in net _00043_.
[EST-0026] Missing route to pin _42250_/D in net _00043_.
[EST-0026] Missing route to pin _20427_/ZN in net _00043_.
[EST-0026] Missing route to pin _42250_/D in net _00043_.
[EST-0026] Missing route to pin _20427_/ZN in net _00043_.
[EST-0026] Missing route to pin _42250_/D in net _00043_.
[EST-0026] Missing route to pin _20427_/ZN in net _00043_.
[EST-0026] Missing route to pin _42250_/D in net _00043_.
[EST-0026] Missing route to pin _20427_/ZN in net _00043_.
[EST-0026] Missing route to pin _42253_/D in net _00044_.
[EST-0026] Missing route to pin _20425_/ZN in net _00044_.
[EST-0026] Missing route to pin _42253_/D in net _00044_.
[EST-0026] Missing route to pin _20425_/ZN in net _00044_.
[EST-0026] Missing route to pin _42253_/D in net _00044_.
[EST-0026] Missing route to pin _20425_/ZN in net _00044_.
[EST-0026] Missing route to pin _42253_/D in net _00044_.
[EST-0026] Missing route to pin _20425_/ZN in net _00044_.
[EST-0026] Missing route to pin _42253_/D in net _00044_.
[EST-0026] Missing route to pin _20425_/ZN in net _00044_.
[EST-0026] Missing route to pin _42253_/D in net _00044_.
[EST-0026] Missing route to pin _20425_/ZN in net _00044_.
[EST-0026] Missing route to pin _42253_/D in net _00044_.
[EST-0026] Missing route to pin _20425_/ZN in net _00044_.
[EST-0026] Missing route to pin _42253_/D in net _00044_.
[EST-0026] Missing route to pin _20425_/ZN in net _00044_.
[EST-0026] Missing route to pin _42253_/D in net _00044_.
[EST-0026] Missing route to pin _20425_/ZN in net _00044_.
[EST-0026] Missing route to pin _42255_/D in net _00045_.
[EST-0026] Missing route to pin _20423_/ZN in net _00045_.
[EST-0026] Missing route to pin _42255_/D in net _00045_.
[EST-0026] Missing route to pin _20423_/ZN in net _00045_.
[EST-0026] Missing route to pin _42255_/D in net _00045_.
[EST-0026] Missing route to pin _20423_/ZN in net _00045_.
[EST-0026] Missing route to pin _42255_/D in net _00045_.
[EST-0026] Missing route to pin _20423_/ZN in net _00045_.
[EST-0026] Missing route to pin _42255_/D in net _00045_.
[EST-0026] Missing route to pin _20423_/ZN in net _00045_.
[EST-0026] Missing route to pin _42255_/D in net _00045_.
[EST-0026] Missing route to pin _20423_/ZN in net _00045_.
[EST-0026] Missing route to pin _42255_/D in net _00045_.
[EST-0026] Missing route to pin _20423_/ZN in net _00045_.
[EST-0026] Missing route to pin _42255_/D in net _00045_.
[EST-0026] Missing route to pin _20423_/ZN in net _00045_.
[EST-0026] Missing route to pin _42255_/D in net _00045_.
[EST-0026] Missing route to pin _20423_/ZN in net _00045_.
[EST-0026] Missing route to pin _42245_/D in net _00048_.
[EST-0026] Missing route to pin _20415_/ZN in net _00048_.
[EST-0026] Missing route to pin _42245_/D in net _00048_.
[EST-0026] Missing route to pin _20415_/ZN in net _00048_.
[EST-0026] Missing route to pin _42245_/D in net _00048_.
[EST-0026] Missing route to pin _20415_/ZN in net _00048_.
[EST-0026] Missing route to pin _42245_/D in net _00048_.
[EST-0026] Missing route to pin _20415_/ZN in net _00048_.
[EST-0026] Missing route to pin _42245_/D in net _00048_.
[EST-0026] Missing route to pin _20415_/ZN in net _00048_.
[EST-0026] Missing route to pin _42245_/D in net _00048_.
[EST-0026] Missing route to pin _20415_/ZN in net _00048_.
[EST-0026] Missing route to pin _42245_/D in net _00048_.
[EST-0026] Missing route to pin _20415_/ZN in net _00048_.
[EST-0026] Missing route to pin _42245_/D in net _00048_.
[EST-0026] Missing route to pin _20415_/ZN in net _00048_.
[EST-0026] Missing route to pin _42245_/D in net _00048_.
[EST-0026] Missing route to pin _20415_/ZN in net _00048_.
[EST-0026] Missing route to pin _42233_/D in net _00050_.
[EST-0026] Missing route to pin _20410_/ZN in net _00050_.
[EST-0026] Missing route to pin _42233_/D in net _00050_.
[EST-0026] Missing route to pin _20410_/ZN in net _00050_.
[EST-0026] Missing route to pin _42233_/D in net _00050_.
[EST-0026] Missing route to pin _20410_/ZN in net _00050_.
[EST-0026] Missing route to pin _42233_/D in net _00050_.
[EST-0026] Missing route to pin _20410_/ZN in net _00050_.
[EST-0026] Missing route to pin _42233_/D in net _00050_.
[EST-0026] Missing route to pin _20410_/ZN in net _00050_.
[EST-0026] Missing route to pin _42233_/D in net _00050_.
[EST-0026] Missing route to pin _20410_/ZN in net _00050_.
[EST-0026] Missing route to pin _42233_/D in net _00050_.
[EST-0026] Missing route to pin _20410_/ZN in net _00050_.
[EST-0026] Missing route to pin _42233_/D in net _00050_.
[EST-0026] Missing route to pin _20410_/ZN in net _00050_.
[EST-0026] Missing route to pin _42233_/D in net _00050_.
[EST-0026] Missing route to pin _20410_/ZN in net _00050_.
[EST-0026] Missing route to pin _42235_/D in net _00051_.
[EST-0026] Missing route to pin _20408_/ZN in net _00051_.
[EST-0026] Missing route to pin _42235_/D in net _00051_.
[EST-0026] Missing route to pin _20408_/ZN in net _00051_.
[EST-0026] Missing route to pin _42235_/D in net _00051_.
[EST-0026] Missing route to pin _20408_/ZN in net _00051_.
[EST-0026] Missing route to pin _42235_/D in net _00051_.
[EST-0026] Missing route to pin _20408_/ZN in net _00051_.
[EST-0026] Missing route to pin _42235_/D in net _00051_.
[EST-0026] Missing route to pin _20408_/ZN in net _00051_.
[EST-0026] Missing route to pin _42235_/D in net _00051_.
[EST-0026] Missing route to pin _20408_/ZN in net _00051_.
[EST-0026] Missing route to pin _42235_/D in net _00051_.
[EST-0026] Missing route to pin _20408_/ZN in net _00051_.
[EST-0026] Missing route to pin _42235_/D in net _00051_.
[EST-0026] Missing route to pin _20408_/ZN in net _00051_.
[EST-0026] Missing route to pin _42235_/D in net _00051_.
[EST-0026] Missing route to pin _20408_/ZN in net _00051_.
[EST-0026] Missing route to pin _42220_/D in net _00052_.
[EST-0026] Missing route to pin _20404_/ZN in net _00052_.
[EST-0026] Missing route to pin _42220_/D in net _00052_.
[EST-0026] Missing route to pin _20404_/ZN in net _00052_.
[EST-0026] Missing route to pin _42220_/D in net _00052_.
[EST-0026] Missing route to pin _20404_/ZN in net _00052_.
[EST-0026] Missing route to pin _42220_/D in net _00052_.
[EST-0026] Missing route to pin _20404_/ZN in net _00052_.
[EST-0026] Missing route to pin _42220_/D in net _00052_.
[EST-0026] Missing route to pin _20404_/ZN in net _00052_.
[EST-0026] Missing route to pin _42220_/D in net _00052_.
[EST-0026] Missing route to pin _20404_/ZN in net _00052_.
[EST-0026] Missing route to pin _42220_/D in net _00052_.
[EST-0026] Missing route to pin _20404_/ZN in net _00052_.
[EST-0026] Missing route to pin _42220_/D in net _00052_.
[EST-0026] Missing route to pin _20404_/ZN in net _00052_.
[EST-0026] Missing route to pin _42220_/D in net _00052_.
[EST-0026] Missing route to pin _20404_/ZN in net _00052_.
[EST-0026] Missing route to pin _42225_/D in net _00054_.
[EST-0026] Missing route to pin _20400_/ZN in net _00054_.
[EST-0026] Missing route to pin _42225_/D in net _00054_.
[EST-0026] Missing route to pin _20400_/ZN in net _00054_.
[EST-0026] Missing route to pin _42225_/D in net _00054_.
[EST-0026] Missing route to pin _20400_/ZN in net _00054_.
[EST-0026] Missing route to pin _42225_/D in net _00054_.
[EST-0026] Missing route to pin _20400_/ZN in net _00054_.
[EST-0026] Missing route to pin _42225_/D in net _00054_.
[EST-0026] Missing route to pin _20400_/ZN in net _00054_.
[EST-0026] Missing route to pin _42225_/D in net _00054_.
[EST-0026] Missing route to pin _20400_/ZN in net _00054_.
[EST-0026] Missing route to pin _42225_/D in net _00054_.
[EST-0026] Missing route to pin _20400_/ZN in net _00054_.
[EST-0026] Missing route to pin _42225_/D in net _00054_.
[EST-0026] Missing route to pin _20400_/ZN in net _00054_.
[EST-0026] Missing route to pin _42225_/D in net _00054_.
[EST-0026] Missing route to pin _20400_/ZN in net _00054_.
[EST-0026] Missing route to pin _42210_/D in net _00055_.
[EST-0026] Missing route to pin _20396_/ZN in net _00055_.
[EST-0026] Missing route to pin _42210_/D in net _00055_.
[EST-0026] Missing route to pin _20396_/ZN in net _00055_.
[EST-0026] Missing route to pin _42210_/D in net _00055_.
[EST-0026] Missing route to pin _20396_/ZN in net _00055_.
[EST-0026] Missing route to pin _42210_/D in net _00055_.
[EST-0026] Missing route to pin _20396_/ZN in net _00055_.
[EST-0026] Missing route to pin _42210_/D in net _00055_.
[EST-0026] Missing route to pin _20396_/ZN in net _00055_.
[EST-0026] Missing route to pin _42210_/D in net _00055_.
[EST-0026] Missing route to pin _20396_/ZN in net _00055_.
[EST-0026] Missing route to pin _42210_/D in net _00055_.
[EST-0026] Missing route to pin _20396_/ZN in net _00055_.
[EST-0026] Missing route to pin _42210_/D in net _00055_.
[EST-0026] Missing route to pin _20396_/ZN in net _00055_.
[EST-0026] Missing route to pin _42210_/D in net _00055_.
[EST-0026] Missing route to pin _20396_/ZN in net _00055_.
[EST-0026] Missing route to pin _42213_/D in net _00056_.
[EST-0026] Missing route to pin _20394_/ZN in net _00056_.
[EST-0026] Missing route to pin _42213_/D in net _00056_.
[EST-0026] Missing route to pin _20394_/ZN in net _00056_.
[EST-0026] Missing route to pin _42213_/D in net _00056_.
[EST-0026] Missing route to pin _20394_/ZN in net _00056_.
[EST-0026] Missing route to pin _42213_/D in net _00056_.
[EST-0026] Missing route to pin _20394_/ZN in net _00056_.
[EST-0026] Missing route to pin _42213_/D in net _00056_.
[EST-0026] Missing route to pin _20394_/ZN in net _00056_.
[EST-0026] Missing route to pin _42213_/D in net _00056_.
[EST-0026] Missing route to pin _20394_/ZN in net _00056_.
[EST-0026] Missing route to pin _42213_/D in net _00056_.
[EST-0026] Missing route to pin _20394_/ZN in net _00056_.
[EST-0026] Missing route to pin _42213_/D in net _00056_.
[EST-0026] Missing route to pin _20394_/ZN in net _00056_.
[EST-0026] Missing route to pin _42213_/D in net _00056_.
[EST-0026] Missing route to pin _20394_/ZN in net _00056_.
[EST-0026] Missing route to pin _42215_/D in net _00057_.
[EST-0026] Missing route to pin _20392_/ZN in net _00057_.
[EST-0026] Missing route to pin _42215_/D in net _00057_.
[EST-0026] Missing route to pin _20392_/ZN in net _00057_.
[EST-0026] Missing route to pin _42215_/D in net _00057_.
[EST-0026] Missing route to pin _20392_/ZN in net _00057_.
[EST-0026] Missing route to pin _42215_/D in net _00057_.
[EST-0026] Missing route to pin _20392_/ZN in net _00057_.
[EST-0026] Missing route to pin _42215_/D in net _00057_.
[EST-0026] Missing route to pin _20392_/ZN in net _00057_.
[EST-0026] Missing route to pin _42215_/D in net _00057_.
[EST-0026] Missing route to pin _20392_/ZN in net _00057_.
[EST-0026] Missing route to pin _42215_/D in net _00057_.
[EST-0026] Missing route to pin _20392_/ZN in net _00057_.
[EST-0026] Missing route to pin _42215_/D in net _00057_.
[EST-0026] Missing route to pin _20392_/ZN in net _00057_.
[EST-0026] Missing route to pin _42215_/D in net _00057_.
[EST-0026] Missing route to pin _20392_/ZN in net _00057_.
[EST-0026] Missing route to pin _42200_/D in net _00058_.
[EST-0026] Missing route to pin _20388_/ZN in net _00058_.
[EST-0026] Missing route to pin _42200_/D in net _00058_.
[EST-0026] Missing route to pin _20388_/ZN in net _00058_.
[EST-0026] Missing route to pin _42200_/D in net _00058_.
[EST-0026] Missing route to pin _20388_/ZN in net _00058_.
[EST-0026] Missing route to pin _42200_/D in net _00058_.
[EST-0026] Missing route to pin _20388_/ZN in net _00058_.
[EST-0026] Missing route to pin _42200_/D in net _00058_.
[EST-0026] Missing route to pin _20388_/ZN in net _00058_.
[EST-0026] Missing route to pin _42200_/D in net _00058_.
[EST-0026] Missing route to pin _20388_/ZN in net _00058_.
[EST-0026] Missing route to pin _42200_/D in net _00058_.
[EST-0026] Missing route to pin _20388_/ZN in net _00058_.
[EST-0026] Missing route to pin _42200_/D in net _00058_.
[EST-0026] Missing route to pin _20388_/ZN in net _00058_.
[EST-0026] Missing route to pin _42200_/D in net _00058_.
[EST-0026] Missing route to pin _20388_/ZN in net _00058_.
[EST-0026] Missing route to pin _42203_/D in net _00059_.
[EST-0026] Missing route to pin _20386_/ZN in net _00059_.
[EST-0026] Missing route to pin _42203_/D in net _00059_.
[EST-0026] Missing route to pin _20386_/ZN in net _00059_.
[EST-0026] Missing route to pin _42203_/D in net _00059_.
[EST-0026] Missing route to pin _20386_/ZN in net _00059_.
[EST-0026] Missing route to pin _42203_/D in net _00059_.
[EST-0026] Missing route to pin _20386_/ZN in net _00059_.
[EST-0026] Missing route to pin _42203_/D in net _00059_.
[EST-0026] Missing route to pin _20386_/ZN in net _00059_.
[EST-0026] Missing route to pin _42203_/D in net _00059_.
[EST-0026] Missing route to pin _20386_/ZN in net _00059_.
[EST-0026] Missing route to pin _42203_/D in net _00059_.
[EST-0026] Missing route to pin _20386_/ZN in net _00059_.
[EST-0026] Missing route to pin _42203_/D in net _00059_.
[EST-0026] Missing route to pin _20386_/ZN in net _00059_.
[EST-0026] Missing route to pin _42203_/D in net _00059_.
[EST-0026] Missing route to pin _20386_/ZN in net _00059_.
[EST-0026] Missing route to pin _42205_/D in net _00060_.
[EST-0026] Missing route to pin _20384_/ZN in net _00060_.
[EST-0026] Missing route to pin _42205_/D in net _00060_.
[EST-0026] Missing route to pin _20384_/ZN in net _00060_.
[EST-0026] Missing route to pin _42205_/D in net _00060_.
[EST-0026] Missing route to pin _20384_/ZN in net _00060_.
[EST-0026] Missing route to pin _42205_/D in net _00060_.
[EST-0026] Missing route to pin _20384_/ZN in net _00060_.
[EST-0026] Missing route to pin _42205_/D in net _00060_.
[EST-0026] Missing route to pin _20384_/ZN in net _00060_.
[EST-0026] Missing route to pin _42205_/D in net _00060_.
[EST-0026] Missing route to pin _20384_/ZN in net _00060_.
[EST-0026] Missing route to pin _42205_/D in net _00060_.
[EST-0026] Missing route to pin _20384_/ZN in net _00060_.
[EST-0026] Missing route to pin _42205_/D in net _00060_.
[EST-0026] Missing route to pin _20384_/ZN in net _00060_.
[EST-0026] Missing route to pin _42205_/D in net _00060_.
[EST-0026] Missing route to pin _20384_/ZN in net _00060_.
[EST-0026] Missing route to pin _42190_/D in net _00061_.
[EST-0026] Missing route to pin _20381_/ZN in net _00061_.
[EST-0026] Missing route to pin _42190_/D in net _00061_.
[EST-0026] Missing route to pin _20381_/ZN in net _00061_.
[EST-0026] Missing route to pin _42190_/D in net _00061_.
[EST-0026] Missing route to pin _20381_/ZN in net _00061_.
[EST-0026] Missing route to pin _42190_/D in net _00061_.
[EST-0026] Missing route to pin _20381_/ZN in net _00061_.
[EST-0026] Missing route to pin _42190_/D in net _00061_.
[EST-0026] Missing route to pin _20381_/ZN in net _00061_.
[EST-0026] Missing route to pin _42190_/D in net _00061_.
[EST-0026] Missing route to pin _20381_/ZN in net _00061_.
[EST-0026] Missing route to pin _42190_/D in net _00061_.
[EST-0026] Missing route to pin _20381_/ZN in net _00061_.
[EST-0026] Missing route to pin _42190_/D in net _00061_.
[EST-0026] Missing route to pin _20381_/ZN in net _00061_.
[EST-0026] Missing route to pin _42190_/D in net _00061_.
[EST-0026] Missing route to pin _20381_/ZN in net _00061_.
[EST-0026] Missing route to pin _42193_/D in net _00062_.
[EST-0026] Missing route to pin _20379_/ZN in net _00062_.
[EST-0026] Missing route to pin _42193_/D in net _00062_.
[EST-0026] Missing route to pin _20379_/ZN in net _00062_.
[EST-0026] Missing route to pin _42193_/D in net _00062_.
[EST-0026] Missing route to pin _20379_/ZN in net _00062_.
[EST-0026] Missing route to pin _42193_/D in net _00062_.
[EST-0026] Missing route to pin _20379_/ZN in net _00062_.
[EST-0026] Missing route to pin _42193_/D in net _00062_.
[EST-0026] Missing route to pin _20379_/ZN in net _00062_.
[EST-0026] Missing route to pin _42193_/D in net _00062_.
[EST-0026] Missing route to pin _20379_/ZN in net _00062_.
[EST-0026] Missing route to pin _42193_/D in net _00062_.
[EST-0026] Missing route to pin _20379_/ZN in net _00062_.
[EST-0026] Missing route to pin _42193_/D in net _00062_.
[EST-0026] Missing route to pin _20379_/ZN in net _00062_.
[EST-0026] Missing route to pin _42193_/D in net _00062_.
[EST-0026] Missing route to pin _20379_/ZN in net _00062_.
[EST-0026] Missing route to pin _42180_/D in net _00064_.
[EST-0026] Missing route to pin _20372_/ZN in net _00064_.
[EST-0026] Missing route to pin _42180_/D in net _00064_.
[EST-0026] Missing route to pin _20372_/ZN in net _00064_.
[EST-0026] Missing route to pin _42180_/D in net _00064_.
[EST-0026] Missing route to pin _20372_/ZN in net _00064_.
[EST-0026] Missing route to pin _42180_/D in net _00064_.
[EST-0026] Missing route to pin _20372_/ZN in net _00064_.
[EST-0026] Missing route to pin _42180_/D in net _00064_.
[EST-0026] Missing route to pin _20372_/ZN in net _00064_.
[EST-0026] Missing route to pin _42180_/D in net _00064_.
[EST-0026] Missing route to pin _20372_/ZN in net _00064_.
[EST-0026] Missing route to pin _42180_/D in net _00064_.
[EST-0026] Missing route to pin _20372_/ZN in net _00064_.
[EST-0026] Missing route to pin _42180_/D in net _00064_.
[EST-0026] Missing route to pin _20372_/ZN in net _00064_.
[EST-0026] Missing route to pin _42180_/D in net _00064_.
[EST-0026] Missing route to pin _20372_/ZN in net _00064_.
[EST-0026] Missing route to pin _42185_/D in net _00066_.
[EST-0026] Missing route to pin _20368_/ZN in net _00066_.
[EST-0026] Missing route to pin _42185_/D in net _00066_.
[EST-0026] Missing route to pin _20368_/ZN in net _00066_.
[EST-0026] Missing route to pin _42185_/D in net _00066_.
[EST-0026] Missing route to pin _20368_/ZN in net _00066_.
[EST-0026] Missing route to pin _42185_/D in net _00066_.
[EST-0026] Missing route to pin _20368_/ZN in net _00066_.
[EST-0026] Missing route to pin _42185_/D in net _00066_.
[EST-0026] Missing route to pin _20368_/ZN in net _00066_.
[EST-0026] Missing route to pin _42185_/D in net _00066_.
[EST-0026] Missing route to pin _20368_/ZN in net _00066_.
[EST-0026] Missing route to pin _42185_/D in net _00066_.
[EST-0026] Missing route to pin _20368_/ZN in net _00066_.
[EST-0026] Missing route to pin _42185_/D in net _00066_.
[EST-0026] Missing route to pin _20368_/ZN in net _00066_.
[EST-0026] Missing route to pin _42185_/D in net _00066_.
[EST-0026] Missing route to pin _20368_/ZN in net _00066_.
[EST-0026] Missing route to pin _42173_/D in net _00068_.
[EST-0026] Missing route to pin _20363_/ZN in net _00068_.
[EST-0026] Missing route to pin _42173_/D in net _00068_.
[EST-0026] Missing route to pin _20363_/ZN in net _00068_.
[EST-0026] Missing route to pin _42173_/D in net _00068_.
[EST-0026] Missing route to pin _20363_/ZN in net _00068_.
[EST-0026] Missing route to pin _42173_/D in net _00068_.
[EST-0026] Missing route to pin _20363_/ZN in net _00068_.
[EST-0026] Missing route to pin _42173_/D in net _00068_.
[EST-0026] Missing route to pin _20363_/ZN in net _00068_.
[EST-0026] Missing route to pin _42173_/D in net _00068_.
[EST-0026] Missing route to pin _20363_/ZN in net _00068_.
[EST-0026] Missing route to pin _42173_/D in net _00068_.
[EST-0026] Missing route to pin _20363_/ZN in net _00068_.
[EST-0026] Missing route to pin _42173_/D in net _00068_.
[EST-0026] Missing route to pin _20363_/ZN in net _00068_.
[EST-0026] Missing route to pin _42173_/D in net _00068_.
[EST-0026] Missing route to pin _20363_/ZN in net _00068_.
[EST-0026] Missing route to pin _42175_/D in net _00069_.
[EST-0026] message limit (1000) reached. This message will no longer print.
Running 'Odb.DiodesOnPorts' at 'synthesis/runs/lstm16x_22pin_clean4/42-odb-diodesonports'…
Running 'Odb.PortDiodePlacement' at 'synthesis/runs/lstm16x_22pin_clean4/42-odb-diodesonports/1-odb-portdiodeplacement'…
'GPL_CELL_PADDING' is set to 0. This step may cause overlap failures.
Logging subprocess to [repr.filename]'synthesis/runs/lstm16x_22pin_clean4/42-odb-diodesonports/1-odb-portdiodeplacement/odb-portdiodeplacement.log'[/repr.filename]…
Running 'OpenROAD.DetailedPlacement' at 'synthesis/runs/lstm16x_22pin_clean4/42-odb-diodesonports/2-openroad-detailedplacement'…
Logging subprocess to [repr.filename]'synthesis/runs/lstm16x_22pin_clean4/42-odb-diodesonports/2-openroad-detailedplacement/openroad-detailedplacement.log'[/repr.filename]…
Running 'OpenROAD.GlobalRouting' at 'synthesis/runs/lstm16x_22pin_clean4/42-odb-diodesonports/3-openroad-globalrouting'…
Logging subprocess to [repr.filename]'synthesis/runs/lstm16x_22pin_clean4/42-odb-diodesonports/3-openroad-globalrouting/openroad-globalrouting.log'[/repr.filename]…
Gating variable for step 'Odb.HeuristicDiodeInsertion' set to 'False'- the step will be skipped.
Skipping step 'Heuristic Diode Insertion'…
Running 'OpenROAD.RepairAntennas' at 'synthesis/runs/lstm16x_22pin_clean4/43-openroad-repairantennas'…
Running 'OpenROAD.DiodeInsertion' at 'synthesis/runs/lstm16x_22pin_clean4/43-openroad-repairantennas/1-openroad-diodeinsertion'…
Logging subprocess to [repr.filename]'synthesis/runs/lstm16x_22pin_clean4/43-openroad-repairantennas/1-openroad-diodeinsertion/openroad-diodeinsertion.log'[/repr.filename]…
Running 'OpenROAD.CheckAntennas' at 'synthesis/runs/lstm16x_22pin_clean4/43-openroad-repairantennas/2-openroad-checkantennas'…
Logging subprocess to [repr.filename]'synthesis/runs/lstm16x_22pin_clean4/43-openroad-repairantennas/2-openroad-checkantennas/openroad-checkantennas.log'[/repr.filename]…
Gating variable for step 'OpenROAD.ResizerTimingPostGRT' set to 'False'- the step will be skipped.
Skipping step 'Resizer Timing Optimizations (Post-Global Routing)'…
Running 'OpenROAD.STAMidPNR-3' at 'synthesis/runs/lstm16x_22pin_clean4/44-openroad-stamidpnr-3'…
Logging subprocess to [repr.filename]'synthesis/runs/lstm16x_22pin_clean4/44-openroad-stamidpnr-3/openroad-stamidpnr-3.log'[/repr.filename]…
Running 'OpenROAD.DetailedRouting' at 'synthesis/runs/lstm16x_22pin_clean4/45-openroad-detailedrouting'…
Running TritonRoute with 32 threads…
Logging subprocess to [repr.filename]'synthesis/runs/lstm16x_22pin_clean4/45-openroad-detailedrouting/openroad-detailedrouting.log'[/repr.filename]…
[DRT-0349] LEF58_ENCLOSURE with no CUTCLASS is not supported. Skipping for layer Via1
[DRT-0349] LEF58_ENCLOSURE with no CUTCLASS is not supported. Skipping for layer Via1
[DRT-0349] LEF58_ENCLOSURE with no CUTCLASS is not supported. Skipping for layer Via2
[DRT-0349] LEF58_ENCLOSURE with no CUTCLASS is not supported. Skipping for layer Via2
[DRT-0349] LEF58_ENCLOSURE with no CUTCLASS is not supported. Skipping for layer Via3
[DRT-0349] LEF58_ENCLOSURE with no CUTCLASS is not supported. Skipping for layer Via3
[DRT-0349] LEF58_ENCLOSURE with no CUTCLASS is not supported. Skipping for layer Via4
[DRT-0349] LEF58_ENCLOSURE with no CUTCLASS is not supported. Skipping for layer Via4
Running 'Odb.RemoveRoutingObstructions' at 'synthesis/runs/lstm16x_22pin_clean4/46-odb-removeroutingobstructions'…
'ROUTING_OBSTRUCTIONS' is not defined. Skipping 'Odb.RemoveRoutingObstructions'…
Running 'OpenROAD.CheckAntennas-1' at 'synthesis/runs/lstm16x_22pin_clean4/47-openroad-checkantennas-1'…
Logging subprocess to [repr.filename]'synthesis/runs/lstm16x_22pin_clean4/47-openroad-checkantennas-1/openroad-checkantennas-1.log'[/repr.filename]…
Running 'Checker.TrDRC' at 'synthesis/runs/lstm16x_22pin_clean4/48-checker-trdrc'…
Check for Routing DRC errors clear.
Running 'Odb.ReportDisconnectedPins' at 'synthesis/runs/lstm16x_22pin_clean4/49-odb-reportdisconnectedpins'…
Logging subprocess to [repr.filename]'synthesis/runs/lstm16x_22pin_clean4/49-odb-reportdisconnectedpins/odb-reportdisconnectedpins.log'[/repr.filename]…
Running 'Checker.DisconnectedPins' at 'synthesis/runs/lstm16x_22pin_clean4/50-checker-disconnectedpins'…
Check for critical disconnected pins clear.
Running 'Odb.ReportWireLength' at 'synthesis/runs/lstm16x_22pin_clean4/51-odb-reportwirelength'…
Logging subprocess to [repr.filename]'synthesis/runs/lstm16x_22pin_clean4/51-odb-reportwirelength/odb-reportwirelength.log'[/repr.filename]…
Running 'Checker.WireLength' at 'synthesis/runs/lstm16x_22pin_clean4/52-checker-wirelength'…
Threshold for Threshold-surpassing long wires is not set. The checker will be skipped.
Running 'OpenROAD.FillInsertion' at 'synthesis/runs/lstm16x_22pin_clean4/53-openroad-fillinsertion'…
Logging subprocess to [repr.filename]'synthesis/runs/lstm16x_22pin_clean4/53-openroad-fillinsertion/openroad-fillinsertion.log'[/repr.filename]…
Running 'Odb.CellFrequencyTables' at 'synthesis/runs/lstm16x_22pin_clean4/54-odb-cellfrequencytables'…
Logging subprocess to [repr.filename]'synthesis/runs/lstm16x_22pin_clean4/54-odb-cellfrequencytables/buffer_list.txt'[/repr.filename]…
Logging subprocess to [repr.filename]'synthesis/runs/lstm16x_22pin_clean4/54-odb-cellfrequencytables/odb-cellfrequencytables.log'[/repr.filename]…
Running 'OpenROAD.RCX' at 'synthesis/runs/lstm16x_22pin_clean4/55-openroad-rcx'…
Running RCX for corners matching nom_* (/foss/designs/lstm16x_int8_gf180_1000x1000/synthesis/runs/lstm16x_22pin_clean4/55-openroad-rcx/nom/rcx.log)…
Running RCX for corners matching min_* (/foss/designs/lstm16x_int8_gf180_1000x1000/synthesis/runs/lstm16x_22pin_clean4/55-openroad-rcx/min/rcx.log)…
Running RCX for corners matching max_* (/foss/designs/lstm16x_int8_gf180_1000x1000/synthesis/runs/lstm16x_22pin_clean4/55-openroad-rcx/max/rcx.log)…
Logging subprocess to [repr.filename]'synthesis/runs/lstm16x_22pin_clean4/55-openroad-rcx/min/rcx.log'[/repr.filename]…
Logging subprocess to [repr.filename]'synthesis/runs/lstm16x_22pin_clean4/55-openroad-rcx/nom/rcx.log'[/repr.filename]…
Logging subprocess to [repr.filename]'synthesis/runs/lstm16x_22pin_clean4/55-openroad-rcx/max/rcx.log'[/repr.filename]…
Finished RCX for corners matching max_*.
Finished RCX for corners matching nom_*.
Finished RCX for corners matching min_*.
Running 'OpenROAD.STAPostPNR' at 'synthesis/runs/lstm16x_22pin_clean4/56-openroad-stapostpnr'…
Starting STA for the nom_tt_025C_5v00 timing corner…
Starting STA for the nom_ss_125C_4v50 timing corner…
Starting STA for the nom_ff_n40C_5v50 timing corner…
Starting STA for the min_tt_025C_5v00 timing corner…
Starting STA for the min_ss_125C_4v50 timing corner…
Starting STA for the min_ff_n40C_5v50 timing corner…
Logging subprocess to [repr.filename]'synthesis/runs/lstm16x_22pin_clean4/56-openroad-stapostpnr/nom_tt_025C_5v00/sta.log'[/repr.filename]…
Starting STA for the max_tt_025C_5v00 timing corner…
Starting STA for the max_ss_125C_4v50 timing corner…
Logging subprocess to [repr.filename]'synthesis/runs/lstm16x_22pin_clean4/56-openroad-stapostpnr/nom_ss_125C_4v50/sta.log'[/repr.filename]…
Starting STA for the max_ff_n40C_5v50 timing corner…
Logging subprocess to [repr.filename]'synthesis/runs/lstm16x_22pin_clean4/56-openroad-stapostpnr/nom_ff_n40C_5v50/sta.log'[/repr.filename]…
Logging subprocess to [repr.filename]'synthesis/runs/lstm16x_22pin_clean4/56-openroad-stapostpnr/min_tt_025C_5v00/sta.log'[/repr.filename]…
Logging subprocess to [repr.filename]'synthesis/runs/lstm16x_22pin_clean4/56-openroad-stapostpnr/min_ss_125C_4v50/sta.log'[/repr.filename]…
Logging subprocess to [repr.filename]'synthesis/runs/lstm16x_22pin_clean4/56-openroad-stapostpnr/min_ff_n40C_5v50/sta.log'[/repr.filename]…
Logging subprocess to [repr.filename]'synthesis/runs/lstm16x_22pin_clean4/56-openroad-stapostpnr/max_tt_025C_5v00/sta.log'[/repr.filename]…
Logging subprocess to [repr.filename]'synthesis/runs/lstm16x_22pin_clean4/56-openroad-stapostpnr/max_ff_n40C_5v50/sta.log'[/repr.filename]…
Logging subprocess to [repr.filename]'synthesis/runs/lstm16x_22pin_clean4/56-openroad-stapostpnr/max_ss_125C_4v50/sta.log'[/repr.filename]…
Finished STA for the min_ss_125C_4v50 timing corner.
Logging subprocess to [repr.filename]'synthesis/runs/lstm16x_22pin_clean4/56-openroad-stapostpnr/min_ss_125C_4v50/filter_unannotated.log'[/repr.filename]…
Finished STA for the max_ss_125C_4v50 timing corner.
Finished STA for the max_tt_025C_5v00 timing corner.
Logging subprocess to [repr.filename]'synthesis/runs/lstm16x_22pin_clean4/56-openroad-stapostpnr/max_ss_125C_4v50/filter_unannotated.log'[/repr.filename]…
Logging subprocess to [repr.filename]'synthesis/runs/lstm16x_22pin_clean4/56-openroad-stapostpnr/max_tt_025C_5v00/filter_unannotated.log'[/repr.filename]…
Finished STA for the min_tt_025C_5v00 timing corner.
Finished STA for the nom_ss_125C_4v50 timing corner.
Logging subprocess to [repr.filename]'synthesis/runs/lstm16x_22pin_clean4/56-openroad-stapostpnr/min_tt_025C_5v00/filter_unannotated.log'[/repr.filename]…
Logging subprocess to [repr.filename]'synthesis/runs/lstm16x_22pin_clean4/56-openroad-stapostpnr/nom_ss_125C_4v50/filter_unannotated.log'[/repr.filename]…
Finished STA for the nom_tt_025C_5v00 timing corner.
Finished STA for the nom_ff_n40C_5v50 timing corner.
Logging subprocess to [repr.filename]'synthesis/runs/lstm16x_22pin_clean4/56-openroad-stapostpnr/nom_ff_n40C_5v50/filter_unannotated.log'[/repr.filename]…
Logging subprocess to [repr.filename]'synthesis/runs/lstm16x_22pin_clean4/56-openroad-stapostpnr/nom_tt_025C_5v00/filter_unannotated.log'[/repr.filename]…
Finished STA for the min_ff_n40C_5v50 timing corner.
Logging subprocess to [repr.filename]'synthesis/runs/lstm16x_22pin_clean4/56-openroad-stapostpnr/min_ff_n40C_5v50/filter_unannotated.log'[/repr.filename]…
Finished STA for the max_ff_n40C_5v50 timing corner.
Logging subprocess to [repr.filename]'synthesis/runs/lstm16x_22pin_clean4/56-openroad-stapostpnr/max_ff_n40C_5v50/filter_unannotated.log'[/repr.filename]…
Running 'OpenROAD.IRDropReport' at 'synthesis/runs/lstm16x_22pin_clean4/57-openroad-irdropreport'…
'VSRC_LOC_FILES' was not given a value, which may make the results of IR drop analysis inaccurate. If you are not integrating a top-level chip for manufacture, you may ignore this warning, otherwise, see the documentation for 'VSRC_LOC_FILES'.
Logging subprocess to [repr.filename]'synthesis/runs/lstm16x_22pin_clean4/57-openroad-irdropreport/openroad-irdropreport.log'[/repr.filename]…
+ analyze_power_grid -net VDD -voltage_file /foss/designs/lstm16x_int8_gf180_1000x1000/synthesis/runs/lstm16x_22pin_clean4/57-openroad-irdropreport/net-VDD.csv
[INFO PSM-0040] All shapes on net VDD are connected.
########## IR report #################
Net              : VDD
Corner           : nom_tt_025C_5v00
Total power      : 5.17e-02 W
Supply voltage   : 5.00e+00 V
Worstcase voltage: 5.00e+00 V
Average voltage  : 5.00e+00 V
Average IR drop  : 1.14e-05 V
Worstcase IR drop: 6.22e-05 V
Percentage drop  : 0.00 %
######################################
+ analyze_power_grid -net VSS -voltage_file /foss/designs/lstm16x_int8_gf180_1000x1000/synthesis/runs/lstm16x_22pin_clean4/57-openroad-irdropreport/net-VSS.csv
[INFO PSM-0040] All shapes on net VSS are connected.
########## IR report #################
Net              : VSS
Corner           : nom_tt_025C_5v00
Total power      : 5.17e-02 W
Supply voltage   : 0.00e+00 V
Worstcase voltage: 6.64e-05 V
Average voltage  : 1.09e-05 V
Average IR drop  : 1.09e-05 V
Worstcase IR drop: 6.64e-05 V
Percentage drop  : 0.00 %
######################################

Running 'Magic.StreamOut' at 'synthesis/runs/lstm16x_22pin_clean4/58-magic-streamout'…
Logging subprocess to [repr.filename]'synthesis/runs/lstm16x_22pin_clean4/58-magic-streamout/magic-streamout.log'[/repr.filename]…
Running 'KLayout.StreamOut' at 'synthesis/runs/lstm16x_22pin_clean4/59-klayout-streamout'…
Logging subprocess to [repr.filename]'synthesis/runs/lstm16x_22pin_clean4/59-klayout-streamout/klayout-streamout.log'[/repr.filename]…
Running 'KLayout.Render' at 'synthesis/runs/lstm16x_22pin_clean4/60-klayout-render'…
Logging subprocess to [repr.filename]'synthesis/runs/lstm16x_22pin_clean4/60-klayout-render/klayout-render.log'[/repr.filename]…
Running 'Magic.WriteLEF' at 'synthesis/runs/lstm16x_22pin_clean4/61-magic-writelef'…
Logging subprocess to [repr.filename]'synthesis/runs/lstm16x_22pin_clean4/61-magic-writelef/magic-writelef.log'[/repr.filename]…
Running 'Odb.CheckDesignAntennaProperties' at 'synthesis/runs/lstm16x_22pin_clean4/62-odb-checkdesignantennaproperties'…
Logging subprocess to [repr.filename]'synthesis/runs/lstm16x_22pin_clean4/62-odb-checkdesignantennaproperties/odb-checkdesignantennaproperties.log'[/repr.filename]…
Running 'KLayout.XOR' at 'synthesis/runs/lstm16x_22pin_clean4/63-klayout-xor'…
Running XOR with 32 threads…
Logging subprocess to [repr.filename]'synthesis/runs/lstm16x_22pin_clean4/63-klayout-xor/klayout-xor.log'[/repr.filename]…
Running 'Checker.XOR' at 'synthesis/runs/lstm16x_22pin_clean4/64-checker-xor'…
Check for XOR differences clear.
Running 'Magic.DRC' at 'synthesis/runs/lstm16x_22pin_clean4/65-magic-drc'…
Logging subprocess to [repr.filename]'synthesis/runs/lstm16x_22pin_clean4/65-magic-drc/magic-drc.log'[/repr.filename]…
Running 'KLayout.DRC' at 'synthesis/runs/lstm16x_22pin_clean4/66-klayout-drc'…
KLAYOUT_DRC_RUNSET is unset. KLayout.DRC may not be supported for the gf180mcuD PDK. This step will be skipped.
Running 'Checker.MagicDRC' at 'synthesis/runs/lstm16x_22pin_clean4/67-checker-magicdrc'…
Check for Magic DRC errors clear.
Running 'Checker.KLayoutDRC' at 'synthesis/runs/lstm16x_22pin_clean4/68-checker-klayoutdrc'…
The KLayout DRC errors metric was not found. Are you sure the relevant step was run?
Running 'Magic.SpiceExtraction' at 'synthesis/runs/lstm16x_22pin_clean4/69-magic-spiceextraction'…
Logging subprocess to [repr.filename]'synthesis/runs/lstm16x_22pin_clean4/69-magic-spiceextraction/magic-spiceextraction.log'[/repr.filename]…
Running 'Checker.IllegalOverlap' at 'synthesis/runs/lstm16x_22pin_clean4/70-checker-illegaloverlap'…
Check for Magic Illegal Overlap errors clear.
Running 'Netgen.LVS' at 'synthesis/runs/lstm16x_22pin_clean4/71-netgen-lvs'…
Logging subprocess to [repr.filename]'synthesis/runs/lstm16x_22pin_clean4/71-netgen-lvs/netgen-lvs.log'[/repr.filename]…
Running 'Checker.LVS' at 'synthesis/runs/lstm16x_22pin_clean4/72-checker-lvs'…
Check for LVS errors clear.
Gating variable for step 'Yosys.EQY' set to 'False'- the step will be skipped.
Skipping step 'Equivalence Check'…
Running 'Checker.SetupViolations' at 'synthesis/runs/lstm16x_22pin_clean4/73-checker-setupviolations'…
No setup violations found
Running 'Checker.HoldViolations' at 'synthesis/runs/lstm16x_22pin_clean4/74-checker-holdviolations'…
No hold violations found
Running 'Checker.MaxSlewViolations' at 'synthesis/runs/lstm16x_22pin_clean4/75-checker-maxslewviolations'…
No max slew violations found
Running 'Checker.MaxCapViolations' at 'synthesis/runs/lstm16x_22pin_clean4/76-checker-maxcapviolations'…
No max cap violations found
Running 'Misc.ReportManufacturability' at 'synthesis/runs/lstm16x_22pin_clean4/77-misc-reportmanufacturability'…
klayout__drc_error__count not reported. KLayout.DRC may have been skipped.
Saving views to '/foss/designs/lstm16x_int8_gf180_1000x1000/synthesis/runs/lstm16x_22pin_clean4/final'…
Flow complete.
