306 Lint warnings found.
[IFP-0028] Core area lower left (20.000, 20.000) snapped to (20.160, 23.520).
VDD not found in design but found in config.
VSS not found in design but found in config.
[GRT-0281] Net clk has a large fanout of 3043 terminals.
[GRT-0281] Net rst_n has a large fanout of 3043 terminals.
[STA-1140] /foss/pdks/gf180mcuD/libs.ref/gf180mcu_fd_sc_mcu7t5v0/lib/gf180mcu_fd_sc_mcu7t5v0__ff_n40C_5v50.lib line 17, library gf180mcu_fd_sc_mcu7t5v0__ff_n40C_5v50 already exists.
[STA-1140] /foss/pdks/gf180mcuD/libs.ref/gf180mcu_fd_sc_mcu7t5v0/lib/gf180mcu_fd_sc_mcu7t5v0__tt_025C_5v00.lib line 17, library gf180mcu_fd_sc_mcu7t5v0__tt_025C_5v00 already exists.
[STA-1140] /foss/pdks/gf180mcuD/libs.ref/gf180mcu_fd_sc_mcu7t5v0/lib/gf180mcu_fd_sc_mcu7t5v0__ff_n40C_5v50.lib line 17, library gf180mcu_fd_sc_mcu7t5v0__ff_n40C_5v50 already exists.
[STA-1140] /foss/pdks/gf180mcuD/libs.ref/gf180mcu_fd_sc_mcu7t5v0/lib/gf180mcu_fd_sc_mcu7t5v0__tt_025C_5v00.lib line 17, library gf180mcu_fd_sc_mcu7t5v0__tt_025C_5v00 already exists.
[STA-1140] /foss/pdks/gf180mcuD/libs.ref/gf180mcu_fd_sc_mcu7t5v0/lib/gf180mcu_fd_sc_mcu7t5v0__ss_125C_4v50.lib line 17, library gf180mcu_fd_sc_mcu7t5v0__ss_125C_4v50 already exists.
[STA-1140] /foss/pdks/gf180mcuD/libs.ref/gf180mcu_fd_sc_mcu7t5v0/lib/gf180mcu_fd_sc_mcu7t5v0__ss_125C_4v50.lib line 17, library gf180mcu_fd_sc_mcu7t5v0__ss_125C_4v50 already exists.
[RSZ-0065] max wire length less than 11493u increases wire delays.
[RSZ-0020] found 2 floating nets.
[STA-1140] /foss/pdks/gf180mcuD/libs.ref/gf180mcu_fd_sc_mcu7t5v0/lib/gf180mcu_fd_sc_mcu7t5v0__ff_n40C_5v50.lib line 17, library gf180mcu_fd_sc_mcu7t5v0__ff_n40C_5v50 already exists.
[STA-1140] /foss/pdks/gf180mcuD/libs.ref/gf180mcu_fd_sc_mcu7t5v0/lib/gf180mcu_fd_sc_mcu7t5v0__tt_025C_5v00.lib line 17, library gf180mcu_fd_sc_mcu7t5v0__tt_025C_5v00 already exists.
[STA-1140] /foss/pdks/gf180mcuD/libs.ref/gf180mcu_fd_sc_mcu7t5v0/lib/gf180mcu_fd_sc_mcu7t5v0__ff_n40C_5v50.lib line 17, library gf180mcu_fd_sc_mcu7t5v0__ff_n40C_5v50 already exists.
[STA-1140] /foss/pdks/gf180mcuD/libs.ref/gf180mcu_fd_sc_mcu7t5v0/lib/gf180mcu_fd_sc_mcu7t5v0__tt_025C_5v00.lib line 17, library gf180mcu_fd_sc_mcu7t5v0__tt_025C_5v00 already exists.
[STA-1140] /foss/pdks/gf180mcuD/libs.ref/gf180mcu_fd_sc_mcu7t5v0/lib/gf180mcu_fd_sc_mcu7t5v0__ss_125C_4v50.lib line 17, library gf180mcu_fd_sc_mcu7t5v0__ss_125C_4v50 already exists.
[STA-1140] /foss/pdks/gf180mcuD/libs.ref/gf180mcu_fd_sc_mcu7t5v0/lib/gf180mcu_fd_sc_mcu7t5v0__ss_125C_4v50.lib line 17, library gf180mcu_fd_sc_mcu7t5v0__ss_125C_4v50 already exists.
[STA-1140] /foss/pdks/gf180mcuD/libs.ref/gf180mcu_fd_sc_mcu7t5v0/lib/gf180mcu_fd_sc_mcu7t5v0__ff_n40C_5v50.lib line 17, library gf180mcu_fd_sc_mcu7t5v0__ff_n40C_5v50 already exists.
[STA-1140] /foss/pdks/gf180mcuD/libs.ref/gf180mcu_fd_sc_mcu7t5v0/lib/gf180mcu_fd_sc_mcu7t5v0__tt_025C_5v00.lib line 17, library gf180mcu_fd_sc_mcu7t5v0__tt_025C_5v00 already exists.
[STA-1140] /foss/pdks/gf180mcuD/libs.ref/gf180mcu_fd_sc_mcu7t5v0/lib/gf180mcu_fd_sc_mcu7t5v0__ff_n40C_5v50.lib line 17, library gf180mcu_fd_sc_mcu7t5v0__ff_n40C_5v50 already exists.
[STA-1140] /foss/pdks/gf180mcuD/libs.ref/gf180mcu_fd_sc_mcu7t5v0/lib/gf180mcu_fd_sc_mcu7t5v0__tt_025C_5v00.lib line 17, library gf180mcu_fd_sc_mcu7t5v0__tt_025C_5v00 already exists.
[STA-1140] /foss/pdks/gf180mcuD/libs.ref/gf180mcu_fd_sc_mcu7t5v0/lib/gf180mcu_fd_sc_mcu7t5v0__ss_125C_4v50.lib line 17, library gf180mcu_fd_sc_mcu7t5v0__ss_125C_4v50 already exists.
[STA-1140] /foss/pdks/gf180mcuD/libs.ref/gf180mcu_fd_sc_mcu7t5v0/lib/gf180mcu_fd_sc_mcu7t5v0__ss_125C_4v50.lib line 17, library gf180mcu_fd_sc_mcu7t5v0__ss_125C_4v50 already exists.
[STA-1140] /foss/pdks/gf180mcuD/libs.ref/gf180mcu_fd_sc_mcu7t5v0/lib/gf180mcu_fd_sc_mcu7t5v0__ff_n40C_5v50.lib line 17, library gf180mcu_fd_sc_mcu7t5v0__ff_n40C_5v50 already exists.
[STA-1140] /foss/pdks/gf180mcuD/libs.ref/gf180mcu_fd_sc_mcu7t5v0/lib/gf180mcu_fd_sc_mcu7t5v0__tt_025C_5v00.lib line 17, library gf180mcu_fd_sc_mcu7t5v0__tt_025C_5v00 already exists.
[STA-1140] /foss/pdks/gf180mcuD/libs.ref/gf180mcu_fd_sc_mcu7t5v0/lib/gf180mcu_fd_sc_mcu7t5v0__ff_n40C_5v50.lib line 17, library gf180mcu_fd_sc_mcu7t5v0__ff_n40C_5v50 already exists.
[STA-1140] /foss/pdks/gf180mcuD/libs.ref/gf180mcu_fd_sc_mcu7t5v0/lib/gf180mcu_fd_sc_mcu7t5v0__tt_025C_5v00.lib line 17, library gf180mcu_fd_sc_mcu7t5v0__tt_025C_5v00 already exists.
[STA-1140] /foss/pdks/gf180mcuD/libs.ref/gf180mcu_fd_sc_mcu7t5v0/lib/gf180mcu_fd_sc_mcu7t5v0__ss_125C_4v50.lib line 17, library gf180mcu_fd_sc_mcu7t5v0__ss_125C_4v50 already exists.
[STA-1140] /foss/pdks/gf180mcuD/libs.ref/gf180mcu_fd_sc_mcu7t5v0/lib/gf180mcu_fd_sc_mcu7t5v0__ss_125C_4v50.lib line 17, library gf180mcu_fd_sc_mcu7t5v0__ss_125C_4v50 already exists.
[EST-0026] Missing route to pin _42269_/D in net _00000_.
[EST-0026] Missing route to pin _20664_/ZN in net _00000_.
[EST-0026] Missing route to pin _42269_/D in net _00000_.
[EST-0026] Missing route to pin _20664_/ZN in net _00000_.
[EST-0026] Missing route to pin _42269_/D in net _00000_.
[EST-0026] Missing route to pin _20664_/ZN in net _00000_.
[EST-0026] Missing route to pin _42269_/D in net _00000_.
[EST-0026] Missing route to pin _20664_/ZN in net _00000_.
[EST-0026] Missing route to pin _42269_/D in net _00000_.
[EST-0026] Missing route to pin _20664_/ZN in net _00000_.
[EST-0026] Missing route to pin _42269_/D in net _00000_.
[EST-0026] Missing route to pin _20664_/ZN in net _00000_.
[EST-0026] Missing route to pin _42269_/D in net _00000_.
[EST-0026] Missing route to pin _20664_/ZN in net _00000_.
[EST-0026] Missing route to pin _42269_/D in net _00000_.
[EST-0026] Missing route to pin _20664_/ZN in net _00000_.
[EST-0026] Missing route to pin _42269_/D in net _00000_.
[EST-0026] Missing route to pin _20664_/ZN in net _00000_.
[EST-0026] Missing route to pin _42270_/D in net _00001_.
[EST-0026] Missing route to pin _20660_/ZN in net _00001_.
[EST-0026] Missing route to pin _42270_/D in net _00001_.
[EST-0026] Missing route to pin _20660_/ZN in net _00001_.
[EST-0026] Missing route to pin _42270_/D in net _00001_.
[EST-0026] Missing route to pin _20660_/ZN in net _00001_.
[EST-0026] Missing route to pin _42270_/D in net _00001_.
[EST-0026] Missing route to pin _20660_/ZN in net _00001_.
[EST-0026] Missing route to pin _42270_/D in net _00001_.
[EST-0026] Missing route to pin _20660_/ZN in net _00001_.
[EST-0026] Missing route to pin _42270_/D in net _00001_.
[EST-0026] Missing route to pin _20660_/ZN in net _00001_.
[EST-0026] Missing route to pin _42270_/D in net _00001_.
[EST-0026] Missing route to pin _20660_/ZN in net _00001_.
[EST-0026] Missing route to pin _42270_/D in net _00001_.
[EST-0026] Missing route to pin _20660_/ZN in net _00001_.
[EST-0026] Missing route to pin _42270_/D in net _00001_.
[EST-0026] Missing route to pin _20660_/ZN in net _00001_.
[EST-0026] Missing route to pin _42262_/D in net _00003_.
[EST-0026] Missing route to pin _20509_/ZN in net _00003_.
[EST-0026] Missing route to pin _42262_/D in net _00003_.
[EST-0026] Missing route to pin _20509_/ZN in net _00003_.
[EST-0026] Missing route to pin _42262_/D in net _00003_.
[EST-0026] Missing route to pin _20509_/ZN in net _00003_.
[EST-0026] Missing route to pin _42262_/D in net _00003_.
[EST-0026] Missing route to pin _20509_/ZN in net _00003_.
[EST-0026] Missing route to pin _42262_/D in net _00003_.
[EST-0026] Missing route to pin _20509_/ZN in net _00003_.
[EST-0026] Missing route to pin _42262_/D in net _00003_.
[EST-0026] Missing route to pin _20509_/ZN in net _00003_.
[EST-0026] Missing route to pin _42262_/D in net _00003_.
[EST-0026] Missing route to pin _20509_/ZN in net _00003_.
[EST-0026] Missing route to pin _42262_/D in net _00003_.
[EST-0026] Missing route to pin _20509_/ZN in net _00003_.
[EST-0026] Missing route to pin _42262_/D in net _00003_.
[EST-0026] Missing route to pin _20509_/ZN in net _00003_.
[EST-0026] Missing route to pin _42263_/D in net _00004_.
[EST-0026] Missing route to pin _20527_/ZN in net _00004_.
[EST-0026] Missing route to pin _42263_/D in net _00004_.
[EST-0026] Missing route to pin _20527_/ZN in net _00004_.
[EST-0026] Missing route to pin _42263_/D in net _00004_.
[EST-0026] Missing route to pin _20527_/ZN in net _00004_.
[EST-0026] Missing route to pin _42263_/D in net _00004_.
[EST-0026] Missing route to pin _20527_/ZN in net _00004_.
[EST-0026] Missing route to pin _42263_/D in net _00004_.
[EST-0026] Missing route to pin _20527_/ZN in net _00004_.
[EST-0026] Missing route to pin _42263_/D in net _00004_.
[EST-0026] Missing route to pin _20527_/ZN in net _00004_.
[EST-0026] Missing route to pin _42263_/D in net _00004_.
[EST-0026] Missing route to pin _20527_/ZN in net _00004_.
[EST-0026] Missing route to pin _42263_/D in net _00004_.
[EST-0026] Missing route to pin _20527_/ZN in net _00004_.
[EST-0026] Missing route to pin _42263_/D in net _00004_.
[EST-0026] Missing route to pin _20527_/ZN in net _00004_.
[EST-0026] Missing route to pin _42264_/D in net _00005_.
[EST-0026] Missing route to pin _20560_/ZN in net _00005_.
[EST-0026] Missing route to pin _42264_/D in net _00005_.
[EST-0026] Missing route to pin _20560_/ZN in net _00005_.
[EST-0026] Missing route to pin _42264_/D in net _00005_.
[EST-0026] Missing route to pin _20560_/ZN in net _00005_.
[EST-0026] Missing route to pin _42264_/D in net _00005_.
[EST-0026] Missing route to pin _20560_/ZN in net _00005_.
[EST-0026] Missing route to pin _42264_/D in net _00005_.
[EST-0026] Missing route to pin _20560_/ZN in net _00005_.
[EST-0026] Missing route to pin _42264_/D in net _00005_.
[EST-0026] Missing route to pin _20560_/ZN in net _00005_.
[EST-0026] Missing route to pin _42264_/D in net _00005_.
[EST-0026] Missing route to pin _20560_/ZN in net _00005_.
[EST-0026] Missing route to pin _42264_/D in net _00005_.
[EST-0026] Missing route to pin _20560_/ZN in net _00005_.
[EST-0026] Missing route to pin _42264_/D in net _00005_.
[EST-0026] Missing route to pin _20560_/ZN in net _00005_.
[EST-0026] Missing route to pin _42265_/D in net _00006_.
[EST-0026] Missing route to pin _20593_/ZN in net _00006_.
[EST-0026] Missing route to pin _42265_/D in net _00006_.
[EST-0026] Missing route to pin _20593_/ZN in net _00006_.
[EST-0026] Missing route to pin _42265_/D in net _00006_.
[EST-0026] Missing route to pin _20593_/ZN in net _00006_.
[EST-0026] Missing route to pin _42265_/D in net _00006_.
[EST-0026] Missing route to pin _20593_/ZN in net _00006_.
[EST-0026] Missing route to pin _42265_/D in net _00006_.
[EST-0026] Missing route to pin _20593_/ZN in net _00006_.
[EST-0026] Missing route to pin _42265_/D in net _00006_.
[EST-0026] Missing route to pin _20593_/ZN in net _00006_.
[EST-0026] Missing route to pin _42265_/D in net _00006_.
[EST-0026] Missing route to pin _20593_/ZN in net _00006_.
[EST-0026] Missing route to pin _42265_/D in net _00006_.
[EST-0026] Missing route to pin _20593_/ZN in net _00006_.
[EST-0026] Missing route to pin _42265_/D in net _00006_.
[EST-0026] Missing route to pin _20593_/ZN in net _00006_.
[EST-0026] Missing route to pin _42266_/D in net _00007_.
[EST-0026] Missing route to pin _20609_/ZN in net _00007_.
[EST-0026] Missing route to pin _42266_/D in net _00007_.
[EST-0026] Missing route to pin _20609_/ZN in net _00007_.
[EST-0026] Missing route to pin _42266_/D in net _00007_.
[EST-0026] Missing route to pin _20609_/ZN in net _00007_.
[EST-0026] Missing route to pin _42266_/D in net _00007_.
[EST-0026] Missing route to pin _20609_/ZN in net _00007_.
[EST-0026] Missing route to pin _42266_/D in net _00007_.
[EST-0026] Missing route to pin _20609_/ZN in net _00007_.
[EST-0026] Missing route to pin _42266_/D in net _00007_.
[EST-0026] Missing route to pin _20609_/ZN in net _00007_.
[EST-0026] Missing route to pin _42266_/D in net _00007_.
[EST-0026] Missing route to pin _20609_/ZN in net _00007_.
[EST-0026] Missing route to pin _42266_/D in net _00007_.
[EST-0026] Missing route to pin _20609_/ZN in net _00007_.
[EST-0026] Missing route to pin _42266_/D in net _00007_.
[EST-0026] Missing route to pin _20609_/ZN in net _00007_.
[EST-0026] Missing route to pin _42260_/D in net _00010_.
[EST-0026] Missing route to pin _20560_/A2 in net _00010_.
[EST-0026] Missing route to pin _20527_/B1 in net _00010_.
[EST-0026] Missing route to pin _20509_/A2 in net _00010_.
[EST-0026] Missing route to pin _20443_/ZN in net _00010_.
[EST-0026] Missing route to pin _42260_/D in net _00010_.
[EST-0026] Missing route to pin _20560_/A2 in net _00010_.
[EST-0026] Missing route to pin _20527_/B1 in net _00010_.
[EST-0026] Missing route to pin _20509_/A2 in net _00010_.
[EST-0026] Missing route to pin _20443_/ZN in net _00010_.
[EST-0026] Missing route to pin _42260_/D in net _00010_.
[EST-0026] Missing route to pin _20560_/A2 in net _00010_.
[EST-0026] Missing route to pin _20527_/B1 in net _00010_.
[EST-0026] Missing route to pin _20509_/A2 in net _00010_.
[EST-0026] Missing route to pin _20443_/ZN in net _00010_.
[EST-0026] Missing route to pin _42260_/D in net _00010_.
[EST-0026] Missing route to pin _20560_/A2 in net _00010_.
[EST-0026] Missing route to pin _20527_/B1 in net _00010_.
[EST-0026] Missing route to pin _20509_/A2 in net _00010_.
[EST-0026] Missing route to pin _20443_/ZN in net _00010_.
[EST-0026] Missing route to pin _42260_/D in net _00010_.
[EST-0026] Missing route to pin _20560_/A2 in net _00010_.
[EST-0026] Missing route to pin _20527_/B1 in net _00010_.
[EST-0026] Missing route to pin _20509_/A2 in net _00010_.
[EST-0026] Missing route to pin _20443_/ZN in net _00010_.
[EST-0026] Missing route to pin _42260_/D in net _00010_.
[EST-0026] Missing route to pin _20560_/A2 in net _00010_.
[EST-0026] Missing route to pin _20527_/B1 in net _00010_.
[EST-0026] Missing route to pin _20509_/A2 in net _00010_.
[EST-0026] Missing route to pin _20443_/ZN in net _00010_.
[EST-0026] Missing route to pin _42260_/D in net _00010_.
[EST-0026] Missing route to pin _20560_/A2 in net _00010_.
[EST-0026] Missing route to pin _20527_/B1 in net _00010_.
[EST-0026] Missing route to pin _20509_/A2 in net _00010_.
[EST-0026] Missing route to pin _20443_/ZN in net _00010_.
[EST-0026] Missing route to pin _42260_/D in net _00010_.
[EST-0026] Missing route to pin _20560_/A2 in net _00010_.
[EST-0026] Missing route to pin _20527_/B1 in net _00010_.
[EST-0026] Missing route to pin _20509_/A2 in net _00010_.
[EST-0026] Missing route to pin _20443_/ZN in net _00010_.
[EST-0026] Missing route to pin _42260_/D in net _00010_.
[EST-0026] Missing route to pin _20560_/A2 in net _00010_.
[EST-0026] Missing route to pin _20527_/B1 in net _00010_.
[EST-0026] Missing route to pin _20509_/A2 in net _00010_.
[EST-0026] Missing route to pin _20443_/ZN in net _00010_.
[EST-0026] Missing route to pin _42252_/D in net _00011_.
[EST-0026] Missing route to pin _21359_/B2 in net _00011_.
[EST-0026] Missing route to pin _20659_/ZN in net _00011_.
[EST-0026] Missing route to pin _42252_/D in net _00011_.
[EST-0026] Missing route to pin _21359_/B2 in net _00011_.
[EST-0026] Missing route to pin _20659_/ZN in net _00011_.
[EST-0026] Missing route to pin _42252_/D in net _00011_.
[EST-0026] Missing route to pin _21359_/B2 in net _00011_.
[EST-0026] Missing route to pin _20659_/ZN in net _00011_.
[EST-0026] Missing route to pin _42252_/D in net _00011_.
[EST-0026] Missing route to pin _21359_/B2 in net _00011_.
[EST-0026] Missing route to pin _20659_/ZN in net _00011_.
[EST-0026] Missing route to pin _42252_/D in net _00011_.
[EST-0026] Missing route to pin _21359_/B2 in net _00011_.
[EST-0026] Missing route to pin _20659_/ZN in net _00011_.
[EST-0026] Missing route to pin _42252_/D in net _00011_.
[EST-0026] Missing route to pin _21359_/B2 in net _00011_.
[EST-0026] Missing route to pin _20659_/ZN in net _00011_.
[EST-0026] Missing route to pin _42252_/D in net _00011_.
[EST-0026] Missing route to pin _21359_/B2 in net _00011_.
[EST-0026] Missing route to pin _20659_/ZN in net _00011_.
[EST-0026] Missing route to pin _42252_/D in net _00011_.
[EST-0026] Missing route to pin _21359_/B2 in net _00011_.
[EST-0026] Missing route to pin _20659_/ZN in net _00011_.
[EST-0026] Missing route to pin _42252_/D in net _00011_.
[EST-0026] Missing route to pin _21359_/B2 in net _00011_.
[EST-0026] Missing route to pin _20659_/ZN in net _00011_.
[EST-0026] Missing route to pin _42258_/D in net _00012_.
[EST-0026] Missing route to pin _20294_/Z in net _00012_.
[EST-0026] Missing route to pin _42258_/D in net _00012_.
[EST-0026] Missing route to pin _20294_/Z in net _00012_.
[EST-0026] Missing route to pin _42258_/D in net _00012_.
[EST-0026] Missing route to pin _20294_/Z in net _00012_.
[EST-0026] Missing route to pin _42258_/D in net _00012_.
[EST-0026] Missing route to pin _20294_/Z in net _00012_.
[EST-0026] Missing route to pin _42258_/D in net _00012_.
[EST-0026] Missing route to pin _20294_/Z in net _00012_.
[EST-0026] Missing route to pin _42258_/D in net _00012_.
[EST-0026] Missing route to pin _20294_/Z in net _00012_.
[EST-0026] Missing route to pin _42258_/D in net _00012_.
[EST-0026] Missing route to pin _20294_/Z in net _00012_.
[EST-0026] Missing route to pin _42258_/D in net _00012_.
[EST-0026] Missing route to pin _20294_/Z in net _00012_.
[EST-0026] Missing route to pin _42258_/D in net _00012_.
[EST-0026] Missing route to pin _20294_/Z in net _00012_.
[EST-0026] Missing route to pin _42242_/D in net _00013_.
[EST-0026] Missing route to pin _20657_/ZN in net _00013_.
[EST-0026] Missing route to pin _42242_/D in net _00013_.
[EST-0026] Missing route to pin _20657_/ZN in net _00013_.
[EST-0026] Missing route to pin _42242_/D in net _00013_.
[EST-0026] Missing route to pin _20657_/ZN in net _00013_.
[EST-0026] Missing route to pin _42242_/D in net _00013_.
[EST-0026] Missing route to pin _20657_/ZN in net _00013_.
[EST-0026] Missing route to pin _42242_/D in net _00013_.
[EST-0026] Missing route to pin _20657_/ZN in net _00013_.
[EST-0026] Missing route to pin _42242_/D in net _00013_.
[EST-0026] Missing route to pin _20657_/ZN in net _00013_.
[EST-0026] Missing route to pin _42242_/D in net _00013_.
[EST-0026] Missing route to pin _20657_/ZN in net _00013_.
[EST-0026] Missing route to pin _42242_/D in net _00013_.
[EST-0026] Missing route to pin _20657_/ZN in net _00013_.
[EST-0026] Missing route to pin _42242_/D in net _00013_.
[EST-0026] Missing route to pin _20657_/ZN in net _00013_.
[EST-0026] Missing route to pin _42232_/D in net _00015_.
[EST-0026] Missing route to pin _20655_/ZN in net _00015_.
[EST-0026] Missing route to pin _42232_/D in net _00015_.
[EST-0026] Missing route to pin _20655_/ZN in net _00015_.
[EST-0026] Missing route to pin _42232_/D in net _00015_.
[EST-0026] Missing route to pin _20655_/ZN in net _00015_.
[EST-0026] Missing route to pin _42232_/D in net _00015_.
[EST-0026] Missing route to pin _20655_/ZN in net _00015_.
[EST-0026] Missing route to pin _42232_/D in net _00015_.
[EST-0026] Missing route to pin _20655_/ZN in net _00015_.
[EST-0026] Missing route to pin _42232_/D in net _00015_.
[EST-0026] Missing route to pin _20655_/ZN in net _00015_.
[EST-0026] Missing route to pin _42232_/D in net _00015_.
[EST-0026] Missing route to pin _20655_/ZN in net _00015_.
[EST-0026] Missing route to pin _42232_/D in net _00015_.
[EST-0026] Missing route to pin _20655_/ZN in net _00015_.
[EST-0026] Missing route to pin _42232_/D in net _00015_.
[EST-0026] Missing route to pin _20655_/ZN in net _00015_.
[EST-0026] Missing route to pin _42238_/D in net _00016_.
[EST-0026] Missing route to pin _20307_/ZN in net _00016_.
[EST-0026] Missing route to pin _42238_/D in net _00016_.
[EST-0026] Missing route to pin _20307_/ZN in net _00016_.
[EST-0026] Missing route to pin _42238_/D in net _00016_.
[EST-0026] Missing route to pin _20307_/ZN in net _00016_.
[EST-0026] Missing route to pin _42238_/D in net _00016_.
[EST-0026] Missing route to pin _20307_/ZN in net _00016_.
[EST-0026] Missing route to pin _42238_/D in net _00016_.
[EST-0026] Missing route to pin _20307_/ZN in net _00016_.
[EST-0026] Missing route to pin _42238_/D in net _00016_.
[EST-0026] Missing route to pin _20307_/ZN in net _00016_.
[EST-0026] Missing route to pin _42238_/D in net _00016_.
[EST-0026] Missing route to pin _20307_/ZN in net _00016_.
[EST-0026] Missing route to pin _42238_/D in net _00016_.
[EST-0026] Missing route to pin _20307_/ZN in net _00016_.
[EST-0026] Missing route to pin _42238_/D in net _00016_.
[EST-0026] Missing route to pin _20307_/ZN in net _00016_.
[EST-0026] Missing route to pin _42222_/D in net _00017_.
[EST-0026] Missing route to pin _20653_/ZN in net _00017_.
[EST-0026] Missing route to pin _42222_/D in net _00017_.
[EST-0026] Missing route to pin _20653_/ZN in net _00017_.
[EST-0026] Missing route to pin _42222_/D in net _00017_.
[EST-0026] Missing route to pin _20653_/ZN in net _00017_.
[EST-0026] Missing route to pin _42222_/D in net _00017_.
[EST-0026] Missing route to pin _20653_/ZN in net _00017_.
[EST-0026] Missing route to pin _42222_/D in net _00017_.
[EST-0026] Missing route to pin _20653_/ZN in net _00017_.
[EST-0026] Missing route to pin _42222_/D in net _00017_.
[EST-0026] Missing route to pin _20653_/ZN in net _00017_.
[EST-0026] Missing route to pin _42222_/D in net _00017_.
[EST-0026] Missing route to pin _20653_/ZN in net _00017_.
[EST-0026] Missing route to pin _42222_/D in net _00017_.
[EST-0026] Missing route to pin _20653_/ZN in net _00017_.
[EST-0026] Missing route to pin _42222_/D in net _00017_.
[EST-0026] Missing route to pin _20653_/ZN in net _00017_.
[EST-0026] Missing route to pin _42218_/D in net _00020_.
[EST-0026] Missing route to pin _20273_/ZN in net _00020_.
[EST-0026] Missing route to pin _42218_/D in net _00020_.
[EST-0026] Missing route to pin _20273_/ZN in net _00020_.
[EST-0026] Missing route to pin _42218_/D in net _00020_.
[EST-0026] Missing route to pin _20273_/ZN in net _00020_.
[EST-0026] Missing route to pin _42218_/D in net _00020_.
[EST-0026] Missing route to pin _20273_/ZN in net _00020_.
[EST-0026] Missing route to pin _42218_/D in net _00020_.
[EST-0026] Missing route to pin _20273_/ZN in net _00020_.
[EST-0026] Missing route to pin _42218_/D in net _00020_.
[EST-0026] Missing route to pin _20273_/ZN in net _00020_.
[EST-0026] Missing route to pin _42218_/D in net _00020_.
[EST-0026] Missing route to pin _20273_/ZN in net _00020_.
[EST-0026] Missing route to pin _42218_/D in net _00020_.
[EST-0026] Missing route to pin _20273_/ZN in net _00020_.
[EST-0026] Missing route to pin _42218_/D in net _00020_.
[EST-0026] Missing route to pin _20273_/ZN in net _00020_.
[EST-0026] Missing route to pin _42202_/D in net _00021_.
[EST-0026] Missing route to pin _20649_/ZN in net _00021_.
[EST-0026] Missing route to pin _42202_/D in net _00021_.
[EST-0026] Missing route to pin _20649_/ZN in net _00021_.
[EST-0026] Missing route to pin _42202_/D in net _00021_.
[EST-0026] Missing route to pin _20649_/ZN in net _00021_.
[EST-0026] Missing route to pin _42202_/D in net _00021_.
[EST-0026] Missing route to pin _20649_/ZN in net _00021_.
[EST-0026] Missing route to pin _42202_/D in net _00021_.
[EST-0026] Missing route to pin _20649_/ZN in net _00021_.
[EST-0026] Missing route to pin _42202_/D in net _00021_.
[EST-0026] Missing route to pin _20649_/ZN in net _00021_.
[EST-0026] Missing route to pin _42202_/D in net _00021_.
[EST-0026] Missing route to pin _20649_/ZN in net _00021_.
[EST-0026] Missing route to pin _42202_/D in net _00021_.
[EST-0026] Missing route to pin _20649_/ZN in net _00021_.
[EST-0026] Missing route to pin _42202_/D in net _00021_.
[EST-0026] Missing route to pin _20649_/ZN in net _00021_.
[EST-0026] Missing route to pin _42208_/D in net _00022_.
[EST-0026] Missing route to pin _20260_/Z in net _00022_.
[EST-0026] Missing route to pin _42208_/D in net _00022_.
[EST-0026] Missing route to pin _20260_/Z in net _00022_.
[EST-0026] Missing route to pin _42208_/D in net _00022_.
[EST-0026] Missing route to pin _20260_/Z in net _00022_.
[EST-0026] Missing route to pin _42208_/D in net _00022_.
[EST-0026] Missing route to pin _20260_/Z in net _00022_.
[EST-0026] Missing route to pin _42208_/D in net _00022_.
[EST-0026] Missing route to pin _20260_/Z in net _00022_.
[EST-0026] Missing route to pin _42208_/D in net _00022_.
[EST-0026] Missing route to pin _20260_/Z in net _00022_.
[EST-0026] Missing route to pin _42208_/D in net _00022_.
[EST-0026] Missing route to pin _20260_/Z in net _00022_.
[EST-0026] Missing route to pin _42208_/D in net _00022_.
[EST-0026] Missing route to pin _20260_/Z in net _00022_.
[EST-0026] Missing route to pin _42208_/D in net _00022_.
[EST-0026] Missing route to pin _20260_/Z in net _00022_.
[EST-0026] Missing route to pin _42192_/D in net _00023_.
[EST-0026] Missing route to pin _20647_/ZN in net _00023_.
[EST-0026] Missing route to pin _42192_/D in net _00023_.
[EST-0026] Missing route to pin _20647_/ZN in net _00023_.
[EST-0026] Missing route to pin _42192_/D in net _00023_.
[EST-0026] Missing route to pin _20647_/ZN in net _00023_.
[EST-0026] Missing route to pin _42192_/D in net _00023_.
[EST-0026] Missing route to pin _20647_/ZN in net _00023_.
[EST-0026] Missing route to pin _42192_/D in net _00023_.
[EST-0026] Missing route to pin _20647_/ZN in net _00023_.
[EST-0026] Missing route to pin _42192_/D in net _00023_.
[EST-0026] Missing route to pin _20647_/ZN in net _00023_.
[EST-0026] Missing route to pin _42192_/D in net _00023_.
[EST-0026] Missing route to pin _20647_/ZN in net _00023_.
[EST-0026] Missing route to pin _42192_/D in net _00023_.
[EST-0026] Missing route to pin _20647_/ZN in net _00023_.
[EST-0026] Missing route to pin _42192_/D in net _00023_.
[EST-0026] Missing route to pin _20647_/ZN in net _00023_.
[EST-0026] Missing route to pin _42182_/D in net _00025_.
[EST-0026] Missing route to pin _20298_/ZN in net _00025_.
[EST-0026] Missing route to pin _42182_/D in net _00025_.
[EST-0026] Missing route to pin _20298_/ZN in net _00025_.
[EST-0026] Missing route to pin _42182_/D in net _00025_.
[EST-0026] Missing route to pin _20298_/ZN in net _00025_.
[EST-0026] Missing route to pin _42182_/D in net _00025_.
[EST-0026] Missing route to pin _20298_/ZN in net _00025_.
[EST-0026] Missing route to pin _42182_/D in net _00025_.
[EST-0026] Missing route to pin _20298_/ZN in net _00025_.
[EST-0026] Missing route to pin _42182_/D in net _00025_.
[EST-0026] Missing route to pin _20298_/ZN in net _00025_.
[EST-0026] Missing route to pin _42182_/D in net _00025_.
[EST-0026] Missing route to pin _20298_/ZN in net _00025_.
[EST-0026] Missing route to pin _42182_/D in net _00025_.
[EST-0026] Missing route to pin _20298_/ZN in net _00025_.
[EST-0026] Missing route to pin _42182_/D in net _00025_.
[EST-0026] Missing route to pin _20298_/ZN in net _00025_.
[EST-0026] Missing route to pin _42188_/D in net _00026_.
[EST-0026] Missing route to pin _20289_/Z in net _00026_.
[EST-0026] Missing route to pin _42188_/D in net _00026_.
[EST-0026] Missing route to pin _20289_/Z in net _00026_.
[EST-0026] Missing route to pin _42188_/D in net _00026_.
[EST-0026] Missing route to pin _20289_/Z in net _00026_.
[EST-0026] Missing route to pin _42188_/D in net _00026_.
[EST-0026] Missing route to pin _20289_/Z in net _00026_.
[EST-0026] Missing route to pin _42188_/D in net _00026_.
[EST-0026] Missing route to pin _20289_/Z in net _00026_.
[EST-0026] Missing route to pin _42188_/D in net _00026_.
[EST-0026] Missing route to pin _20289_/Z in net _00026_.
[EST-0026] Missing route to pin _42188_/D in net _00026_.
[EST-0026] Missing route to pin _20289_/Z in net _00026_.
[EST-0026] Missing route to pin _42188_/D in net _00026_.
[EST-0026] Missing route to pin _20289_/Z in net _00026_.
[EST-0026] Missing route to pin _42188_/D in net _00026_.
[EST-0026] Missing route to pin _20289_/Z in net _00026_.
[EST-0026] Missing route to pin _42178_/D in net _00028_.
[EST-0026] Missing route to pin _26329_/B in net _00028_.
[EST-0026] Missing route to pin _20266_/Z in net _00028_.
[EST-0026] Missing route to pin _42178_/D in net _00028_.
[EST-0026] Missing route to pin _26329_/B in net _00028_.
[EST-0026] Missing route to pin _20266_/Z in net _00028_.
[EST-0026] Missing route to pin _42178_/D in net _00028_.
[EST-0026] Missing route to pin _26329_/B in net _00028_.
[EST-0026] Missing route to pin _20266_/Z in net _00028_.
[EST-0026] Missing route to pin _42178_/D in net _00028_.
[EST-0026] Missing route to pin _26329_/B in net _00028_.
[EST-0026] Missing route to pin _20266_/Z in net _00028_.
[EST-0026] Missing route to pin _42178_/D in net _00028_.
[EST-0026] Missing route to pin _26329_/B in net _00028_.
[EST-0026] Missing route to pin _20266_/Z in net _00028_.
[EST-0026] Missing route to pin _42178_/D in net _00028_.
[EST-0026] Missing route to pin _26329_/B in net _00028_.
[EST-0026] Missing route to pin _20266_/Z in net _00028_.
[EST-0026] Missing route to pin _42178_/D in net _00028_.
[EST-0026] Missing route to pin _26329_/B in net _00028_.
[EST-0026] Missing route to pin _20266_/Z in net _00028_.
[EST-0026] Missing route to pin _42178_/D in net _00028_.
[EST-0026] Missing route to pin _26329_/B in net _00028_.
[EST-0026] Missing route to pin _20266_/Z in net _00028_.
[EST-0026] Missing route to pin _42178_/D in net _00028_.
[EST-0026] Missing route to pin _26329_/B in net _00028_.
[EST-0026] Missing route to pin _20266_/Z in net _00028_.
[EST-0026] Missing route to pin _42162_/D in net _00029_.
[EST-0026] Missing route to pin _20238_/ZN in net _00029_.
[EST-0026] Missing route to pin _42162_/D in net _00029_.
[EST-0026] Missing route to pin _20238_/ZN in net _00029_.
[EST-0026] Missing route to pin _42162_/D in net _00029_.
[EST-0026] Missing route to pin _20238_/ZN in net _00029_.
[EST-0026] Missing route to pin _42162_/D in net _00029_.
[EST-0026] Missing route to pin _20238_/ZN in net _00029_.
[EST-0026] Missing route to pin _42162_/D in net _00029_.
[EST-0026] Missing route to pin _20238_/ZN in net _00029_.
[EST-0026] Missing route to pin _42162_/D in net _00029_.
[EST-0026] Missing route to pin _20238_/ZN in net _00029_.
[EST-0026] Missing route to pin _42162_/D in net _00029_.
[EST-0026] Missing route to pin _20238_/ZN in net _00029_.
[EST-0026] Missing route to pin _42162_/D in net _00029_.
[EST-0026] Missing route to pin _20238_/ZN in net _00029_.
[EST-0026] Missing route to pin _42162_/D in net _00029_.
[EST-0026] Missing route to pin _20238_/ZN in net _00029_.
[EST-0026] Missing route to pin _42168_/D in net _00030_.
[EST-0026] Missing route to pin _20235_/Z in net _00030_.
[EST-0026] Missing route to pin _42168_/D in net _00030_.
[EST-0026] Missing route to pin _20235_/Z in net _00030_.
[EST-0026] Missing route to pin _42168_/D in net _00030_.
[EST-0026] Missing route to pin _20235_/Z in net _00030_.
[EST-0026] Missing route to pin _42168_/D in net _00030_.
[EST-0026] Missing route to pin _20235_/Z in net _00030_.
[EST-0026] Missing route to pin _42168_/D in net _00030_.
[EST-0026] Missing route to pin _20235_/Z in net _00030_.
[EST-0026] Missing route to pin _42168_/D in net _00030_.
[EST-0026] Missing route to pin _20235_/Z in net _00030_.
[EST-0026] Missing route to pin _42168_/D in net _00030_.
[EST-0026] Missing route to pin _20235_/Z in net _00030_.
[EST-0026] Missing route to pin _42168_/D in net _00030_.
[EST-0026] Missing route to pin _20235_/Z in net _00030_.
[EST-0026] Missing route to pin _42168_/D in net _00030_.
[EST-0026] Missing route to pin _20235_/Z in net _00030_.
[EST-0026] Missing route to pin _42152_/D in net _00031_.
[EST-0026] Missing route to pin _20228_/ZN in net _00031_.
[EST-0026] Missing route to pin _42152_/D in net _00031_.
[EST-0026] Missing route to pin _20228_/ZN in net _00031_.
[EST-0026] Missing route to pin _42152_/D in net _00031_.
[EST-0026] Missing route to pin _20228_/ZN in net _00031_.
[EST-0026] Missing route to pin _42152_/D in net _00031_.
[EST-0026] Missing route to pin _20228_/ZN in net _00031_.
[EST-0026] Missing route to pin _42152_/D in net _00031_.
[EST-0026] Missing route to pin _20228_/ZN in net _00031_.
[EST-0026] Missing route to pin _42152_/D in net _00031_.
[EST-0026] Missing route to pin _20228_/ZN in net _00031_.
[EST-0026] Missing route to pin _42152_/D in net _00031_.
[EST-0026] Missing route to pin _20228_/ZN in net _00031_.
[EST-0026] Missing route to pin _42152_/D in net _00031_.
[EST-0026] Missing route to pin _20228_/ZN in net _00031_.
[EST-0026] Missing route to pin _42152_/D in net _00031_.
[EST-0026] Missing route to pin _20228_/ZN in net _00031_.
[EST-0026] Missing route to pin _42158_/D in net _00032_.
[EST-0026] Missing route to pin _20224_/Z in net _00032_.
[EST-0026] Missing route to pin _42158_/D in net _00032_.
[EST-0026] Missing route to pin _20224_/Z in net _00032_.
[EST-0026] Missing route to pin _42158_/D in net _00032_.
[EST-0026] Missing route to pin _20224_/Z in net _00032_.
[EST-0026] Missing route to pin _42158_/D in net _00032_.
[EST-0026] Missing route to pin _20224_/Z in net _00032_.
[EST-0026] Missing route to pin _42158_/D in net _00032_.
[EST-0026] Missing route to pin _20224_/Z in net _00032_.
[EST-0026] Missing route to pin _42158_/D in net _00032_.
[EST-0026] Missing route to pin _20224_/Z in net _00032_.
[EST-0026] Missing route to pin _42158_/D in net _00032_.
[EST-0026] Missing route to pin _20224_/Z in net _00032_.
[EST-0026] Missing route to pin _42158_/D in net _00032_.
[EST-0026] Missing route to pin _20224_/Z in net _00032_.
[EST-0026] Missing route to pin _42158_/D in net _00032_.
[EST-0026] Missing route to pin _20224_/Z in net _00032_.
[EST-0026] Missing route to pin _42142_/D in net _00033_.
[EST-0026] Missing route to pin _20218_/ZN in net _00033_.
[EST-0026] Missing route to pin _42142_/D in net _00033_.
[EST-0026] Missing route to pin _20218_/ZN in net _00033_.
[EST-0026] Missing route to pin _42142_/D in net _00033_.
[EST-0026] Missing route to pin _20218_/ZN in net _00033_.
[EST-0026] Missing route to pin _42142_/D in net _00033_.
[EST-0026] Missing route to pin _20218_/ZN in net _00033_.
[EST-0026] Missing route to pin _42142_/D in net _00033_.
[EST-0026] Missing route to pin _20218_/ZN in net _00033_.
[EST-0026] Missing route to pin _42142_/D in net _00033_.
[EST-0026] Missing route to pin _20218_/ZN in net _00033_.
[EST-0026] Missing route to pin _42142_/D in net _00033_.
[EST-0026] Missing route to pin _20218_/ZN in net _00033_.
[EST-0026] Missing route to pin _42142_/D in net _00033_.
[EST-0026] Missing route to pin _20218_/ZN in net _00033_.
[EST-0026] Missing route to pin _42142_/D in net _00033_.
[EST-0026] Missing route to pin _20218_/ZN in net _00033_.
[EST-0026] Missing route to pin _42148_/D in net _00034_.
[EST-0026] Missing route to pin _20215_/Z in net _00034_.
[EST-0026] Missing route to pin _42148_/D in net _00034_.
[EST-0026] Missing route to pin _20215_/Z in net _00034_.
[EST-0026] Missing route to pin _42148_/D in net _00034_.
[EST-0026] Missing route to pin _20215_/Z in net _00034_.
[EST-0026] Missing route to pin _42148_/D in net _00034_.
[EST-0026] Missing route to pin _20215_/Z in net _00034_.
[EST-0026] Missing route to pin _42148_/D in net _00034_.
[EST-0026] Missing route to pin _20215_/Z in net _00034_.
[EST-0026] Missing route to pin _42148_/D in net _00034_.
[EST-0026] Missing route to pin _20215_/Z in net _00034_.
[EST-0026] Missing route to pin _42148_/D in net _00034_.
[EST-0026] Missing route to pin _20215_/Z in net _00034_.
[EST-0026] Missing route to pin _42148_/D in net _00034_.
[EST-0026] Missing route to pin _20215_/Z in net _00034_.
[EST-0026] Missing route to pin _42148_/D in net _00034_.
[EST-0026] Missing route to pin _20215_/Z in net _00034_.
[EST-0026] Missing route to pin _42138_/D in net _00036_.
[EST-0026] Missing route to pin _20205_/Z in net _00036_.
[EST-0026] Missing route to pin _42138_/D in net _00036_.
[EST-0026] Missing route to pin _20205_/Z in net _00036_.
[EST-0026] Missing route to pin _42138_/D in net _00036_.
[EST-0026] Missing route to pin _20205_/Z in net _00036_.
[EST-0026] Missing route to pin _42138_/D in net _00036_.
[EST-0026] Missing route to pin _20205_/Z in net _00036_.
[EST-0026] Missing route to pin _42138_/D in net _00036_.
[EST-0026] Missing route to pin _20205_/Z in net _00036_.
[EST-0026] Missing route to pin _42138_/D in net _00036_.
[EST-0026] Missing route to pin _20205_/Z in net _00036_.
[EST-0026] Missing route to pin _42138_/D in net _00036_.
[EST-0026] Missing route to pin _20205_/Z in net _00036_.
[EST-0026] Missing route to pin _42138_/D in net _00036_.
[EST-0026] Missing route to pin _20205_/Z in net _00036_.
[EST-0026] Missing route to pin _42138_/D in net _00036_.
[EST-0026] Missing route to pin _20205_/Z in net _00036_.
[EST-0026] Missing route to pin _42122_/D in net _00037_.
[EST-0026] Missing route to pin _20199_/ZN in net _00037_.
[EST-0026] Missing route to pin _42122_/D in net _00037_.
[EST-0026] Missing route to pin _20199_/ZN in net _00037_.
[EST-0026] Missing route to pin _42122_/D in net _00037_.
[EST-0026] Missing route to pin _20199_/ZN in net _00037_.
[EST-0026] Missing route to pin _42122_/D in net _00037_.
[EST-0026] Missing route to pin _20199_/ZN in net _00037_.
[EST-0026] Missing route to pin _42122_/D in net _00037_.
[EST-0026] Missing route to pin _20199_/ZN in net _00037_.
[EST-0026] Missing route to pin _42122_/D in net _00037_.
[EST-0026] Missing route to pin _20199_/ZN in net _00037_.
[EST-0026] Missing route to pin _42122_/D in net _00037_.
[EST-0026] Missing route to pin _20199_/ZN in net _00037_.
[EST-0026] Missing route to pin _42122_/D in net _00037_.
[EST-0026] Missing route to pin _20199_/ZN in net _00037_.
[EST-0026] Missing route to pin _42122_/D in net _00037_.
[EST-0026] Missing route to pin _20199_/ZN in net _00037_.
[EST-0026] Missing route to pin _42128_/D in net _00038_.
[EST-0026] Missing route to pin _20195_/Z in net _00038_.
[EST-0026] Missing route to pin _42128_/D in net _00038_.
[EST-0026] Missing route to pin _20195_/Z in net _00038_.
[EST-0026] Missing route to pin _42128_/D in net _00038_.
[EST-0026] Missing route to pin _20195_/Z in net _00038_.
[EST-0026] Missing route to pin _42128_/D in net _00038_.
[EST-0026] Missing route to pin _20195_/Z in net _00038_.
[EST-0026] Missing route to pin _42128_/D in net _00038_.
[EST-0026] Missing route to pin _20195_/Z in net _00038_.
[EST-0026] Missing route to pin _42128_/D in net _00038_.
[EST-0026] Missing route to pin _20195_/Z in net _00038_.
[EST-0026] Missing route to pin _42128_/D in net _00038_.
[EST-0026] Missing route to pin _20195_/Z in net _00038_.
[EST-0026] Missing route to pin _42128_/D in net _00038_.
[EST-0026] Missing route to pin _20195_/Z in net _00038_.
[EST-0026] Missing route to pin _42128_/D in net _00038_.
[EST-0026] Missing route to pin _20195_/Z in net _00038_.
[EST-0026] Missing route to pin _42112_/D in net _00039_.
[EST-0026] Missing route to pin _20189_/ZN in net _00039_.
[EST-0026] Missing route to pin _42112_/D in net _00039_.
[EST-0026] Missing route to pin _20189_/ZN in net _00039_.
[EST-0026] Missing route to pin _42112_/D in net _00039_.
[EST-0026] Missing route to pin _20189_/ZN in net _00039_.
[EST-0026] Missing route to pin _42112_/D in net _00039_.
[EST-0026] Missing route to pin _20189_/ZN in net _00039_.
[EST-0026] Missing route to pin _42112_/D in net _00039_.
[EST-0026] Missing route to pin _20189_/ZN in net _00039_.
[EST-0026] Missing route to pin _42112_/D in net _00039_.
[EST-0026] Missing route to pin _20189_/ZN in net _00039_.
[EST-0026] Missing route to pin _42112_/D in net _00039_.
[EST-0026] Missing route to pin _20189_/ZN in net _00039_.
[EST-0026] Missing route to pin _42112_/D in net _00039_.
[EST-0026] Missing route to pin _20189_/ZN in net _00039_.
[EST-0026] Missing route to pin _42112_/D in net _00039_.
[EST-0026] Missing route to pin _20189_/ZN in net _00039_.
[EST-0026] Missing route to pin _42118_/D in net _00040_.
[EST-0026] Missing route to pin _20185_/Z in net _00040_.
[EST-0026] Missing route to pin _42118_/D in net _00040_.
[EST-0026] Missing route to pin _20185_/Z in net _00040_.
[EST-0026] Missing route to pin _42118_/D in net _00040_.
[EST-0026] Missing route to pin _20185_/Z in net _00040_.
[EST-0026] Missing route to pin _42118_/D in net _00040_.
[EST-0026] Missing route to pin _20185_/Z in net _00040_.
[EST-0026] Missing route to pin _42118_/D in net _00040_.
[EST-0026] Missing route to pin _20185_/Z in net _00040_.
[EST-0026] Missing route to pin _42118_/D in net _00040_.
[EST-0026] Missing route to pin _20185_/Z in net _00040_.
[EST-0026] Missing route to pin _42118_/D in net _00040_.
[EST-0026] Missing route to pin _20185_/Z in net _00040_.
[EST-0026] Missing route to pin _42118_/D in net _00040_.
[EST-0026] Missing route to pin _20185_/Z in net _00040_.
[EST-0026] Missing route to pin _42118_/D in net _00040_.
[EST-0026] Missing route to pin _20185_/Z in net _00040_.
[EST-0026] Missing route to pin _42102_/D in net _00041_.
[EST-0026] Missing route to pin _20179_/ZN in net _00041_.
[EST-0026] Missing route to pin _42102_/D in net _00041_.
[EST-0026] Missing route to pin _20179_/ZN in net _00041_.
[EST-0026] Missing route to pin _42102_/D in net _00041_.
[EST-0026] Missing route to pin _20179_/ZN in net _00041_.
[EST-0026] Missing route to pin _42102_/D in net _00041_.
[EST-0026] Missing route to pin _20179_/ZN in net _00041_.
[EST-0026] Missing route to pin _42102_/D in net _00041_.
[EST-0026] Missing route to pin _20179_/ZN in net _00041_.
[EST-0026] Missing route to pin _42102_/D in net _00041_.
[EST-0026] Missing route to pin _20179_/ZN in net _00041_.
[EST-0026] Missing route to pin _42102_/D in net _00041_.
[EST-0026] Missing route to pin _20179_/ZN in net _00041_.
[EST-0026] Missing route to pin _42102_/D in net _00041_.
[EST-0026] Missing route to pin _20179_/ZN in net _00041_.
[EST-0026] Missing route to pin _42102_/D in net _00041_.
[EST-0026] Missing route to pin _20179_/ZN in net _00041_.
[EST-0026] Missing route to pin _42108_/D in net _00042_.
[EST-0026] Missing route to pin _20175_/Z in net _00042_.
[EST-0026] Missing route to pin _42108_/D in net _00042_.
[EST-0026] Missing route to pin _20175_/Z in net _00042_.
[EST-0026] Missing route to pin _42108_/D in net _00042_.
[EST-0026] Missing route to pin _20175_/Z in net _00042_.
[EST-0026] Missing route to pin _42108_/D in net _00042_.
[EST-0026] Missing route to pin _20175_/Z in net _00042_.
[EST-0026] Missing route to pin _42108_/D in net _00042_.
[EST-0026] Missing route to pin _20175_/Z in net _00042_.
[EST-0026] Missing route to pin _42108_/D in net _00042_.
[EST-0026] Missing route to pin _20175_/Z in net _00042_.
[EST-0026] Missing route to pin _42108_/D in net _00042_.
[EST-0026] Missing route to pin _20175_/Z in net _00042_.
[EST-0026] Missing route to pin _42108_/D in net _00042_.
[EST-0026] Missing route to pin _20175_/Z in net _00042_.
[EST-0026] Missing route to pin _42108_/D in net _00042_.
[EST-0026] Missing route to pin _20175_/Z in net _00042_.
[EST-0026] Missing route to pin _42250_/D in net _00043_.
[EST-0026] Missing route to pin _20427_/ZN in net _00043_.
[EST-0026] Missing route to pin _42250_/D in net _00043_.
[EST-0026] Missing route to pin _20427_/ZN in net _00043_.
[EST-0026] Missing route to pin _42250_/D in net _00043_.
[EST-0026] Missing route to pin _20427_/ZN in net _00043_.
[EST-0026] Missing route to pin _42250_/D in net _00043_.
[EST-0026] Missing route to pin _20427_/ZN in net _00043_.
[EST-0026] Missing route to pin _42250_/D in net _00043_.
[EST-0026] Missing route to pin _20427_/ZN in net _00043_.
[EST-0026] Missing route to pin _42250_/D in net _00043_.
[EST-0026] Missing route to pin _20427_/ZN in net _00043_.
[EST-0026] Missing route to pin _42250_/D in net _00043_.
[EST-0026] Missing route to pin _20427_/ZN in net _00043_.
[EST-0026] Missing route to pin _42250_/D in net _00043_.
[EST-0026] Missing route to pin _20427_/ZN in net _00043_.
[EST-0026] Missing route to pin _42250_/D in net _00043_.
[EST-0026] Missing route to pin _20427_/ZN in net _00043_.
[EST-0026] Missing route to pin _42253_/D in net _00044_.
[EST-0026] Missing route to pin _20425_/ZN in net _00044_.
[EST-0026] Missing route to pin _42253_/D in net _00044_.
[EST-0026] Missing route to pin _20425_/ZN in net _00044_.
[EST-0026] Missing route to pin _42253_/D in net _00044_.
[EST-0026] Missing route to pin _20425_/ZN in net _00044_.
[EST-0026] Missing route to pin _42253_/D in net _00044_.
[EST-0026] Missing route to pin _20425_/ZN in net _00044_.
[EST-0026] Missing route to pin _42253_/D in net _00044_.
[EST-0026] Missing route to pin _20425_/ZN in net _00044_.
[EST-0026] Missing route to pin _42253_/D in net _00044_.
[EST-0026] Missing route to pin _20425_/ZN in net _00044_.
[EST-0026] Missing route to pin _42253_/D in net _00044_.
[EST-0026] Missing route to pin _20425_/ZN in net _00044_.
[EST-0026] Missing route to pin _42253_/D in net _00044_.
[EST-0026] Missing route to pin _20425_/ZN in net _00044_.
[EST-0026] Missing route to pin _42253_/D in net _00044_.
[EST-0026] Missing route to pin _20425_/ZN in net _00044_.
[EST-0026] Missing route to pin _42255_/D in net _00045_.
[EST-0026] Missing route to pin _20423_/ZN in net _00045_.
[EST-0026] Missing route to pin _42255_/D in net _00045_.
[EST-0026] Missing route to pin _20423_/ZN in net _00045_.
[EST-0026] Missing route to pin _42255_/D in net _00045_.
[EST-0026] Missing route to pin _20423_/ZN in net _00045_.
[EST-0026] Missing route to pin _42255_/D in net _00045_.
[EST-0026] Missing route to pin _20423_/ZN in net _00045_.
[EST-0026] Missing route to pin _42255_/D in net _00045_.
[EST-0026] Missing route to pin _20423_/ZN in net _00045_.
[EST-0026] Missing route to pin _42255_/D in net _00045_.
[EST-0026] Missing route to pin _20423_/ZN in net _00045_.
[EST-0026] Missing route to pin _42255_/D in net _00045_.
[EST-0026] Missing route to pin _20423_/ZN in net _00045_.
[EST-0026] Missing route to pin _42255_/D in net _00045_.
[EST-0026] Missing route to pin _20423_/ZN in net _00045_.
[EST-0026] Missing route to pin _42255_/D in net _00045_.
[EST-0026] Missing route to pin _20423_/ZN in net _00045_.
[EST-0026] Missing route to pin _42245_/D in net _00048_.
[EST-0026] Missing route to pin _20415_/ZN in net _00048_.
[EST-0026] Missing route to pin _42245_/D in net _00048_.
[EST-0026] Missing route to pin _20415_/ZN in net _00048_.
[EST-0026] Missing route to pin _42245_/D in net _00048_.
[EST-0026] Missing route to pin _20415_/ZN in net _00048_.
[EST-0026] Missing route to pin _42245_/D in net _00048_.
[EST-0026] Missing route to pin _20415_/ZN in net _00048_.
[EST-0026] Missing route to pin _42245_/D in net _00048_.
[EST-0026] Missing route to pin _20415_/ZN in net _00048_.
[EST-0026] Missing route to pin _42245_/D in net _00048_.
[EST-0026] Missing route to pin _20415_/ZN in net _00048_.
[EST-0026] Missing route to pin _42245_/D in net _00048_.
[EST-0026] Missing route to pin _20415_/ZN in net _00048_.
[EST-0026] Missing route to pin _42245_/D in net _00048_.
[EST-0026] Missing route to pin _20415_/ZN in net _00048_.
[EST-0026] Missing route to pin _42245_/D in net _00048_.
[EST-0026] Missing route to pin _20415_/ZN in net _00048_.
[EST-0026] Missing route to pin _42233_/D in net _00050_.
[EST-0026] Missing route to pin _20410_/ZN in net _00050_.
[EST-0026] Missing route to pin _42233_/D in net _00050_.
[EST-0026] Missing route to pin _20410_/ZN in net _00050_.
[EST-0026] Missing route to pin _42233_/D in net _00050_.
[EST-0026] Missing route to pin _20410_/ZN in net _00050_.
[EST-0026] Missing route to pin _42233_/D in net _00050_.
[EST-0026] Missing route to pin _20410_/ZN in net _00050_.
[EST-0026] Missing route to pin _42233_/D in net _00050_.
[EST-0026] Missing route to pin _20410_/ZN in net _00050_.
[EST-0026] Missing route to pin _42233_/D in net _00050_.
[EST-0026] Missing route to pin _20410_/ZN in net _00050_.
[EST-0026] Missing route to pin _42233_/D in net _00050_.
[EST-0026] Missing route to pin _20410_/ZN in net _00050_.
[EST-0026] Missing route to pin _42233_/D in net _00050_.
[EST-0026] Missing route to pin _20410_/ZN in net _00050_.
[EST-0026] Missing route to pin _42233_/D in net _00050_.
[EST-0026] Missing route to pin _20410_/ZN in net _00050_.
[EST-0026] Missing route to pin _42235_/D in net _00051_.
[EST-0026] Missing route to pin _20408_/ZN in net _00051_.
[EST-0026] Missing route to pin _42235_/D in net _00051_.
[EST-0026] Missing route to pin _20408_/ZN in net _00051_.
[EST-0026] Missing route to pin _42235_/D in net _00051_.
[EST-0026] Missing route to pin _20408_/ZN in net _00051_.
[EST-0026] Missing route to pin _42235_/D in net _00051_.
[EST-0026] Missing route to pin _20408_/ZN in net _00051_.
[EST-0026] Missing route to pin _42235_/D in net _00051_.
[EST-0026] Missing route to pin _20408_/ZN in net _00051_.
[EST-0026] Missing route to pin _42235_/D in net _00051_.
[EST-0026] Missing route to pin _20408_/ZN in net _00051_.
[EST-0026] Missing route to pin _42235_/D in net _00051_.
[EST-0026] Missing route to pin _20408_/ZN in net _00051_.
[EST-0026] Missing route to pin _42235_/D in net _00051_.
[EST-0026] Missing route to pin _20408_/ZN in net _00051_.
[EST-0026] Missing route to pin _42235_/D in net _00051_.
[EST-0026] Missing route to pin _20408_/ZN in net _00051_.
[EST-0026] Missing route to pin _42220_/D in net _00052_.
[EST-0026] Missing route to pin _20404_/ZN in net _00052_.
[EST-0026] Missing route to pin _42220_/D in net _00052_.
[EST-0026] Missing route to pin _20404_/ZN in net _00052_.
[EST-0026] Missing route to pin _42220_/D in net _00052_.
[EST-0026] Missing route to pin _20404_/ZN in net _00052_.
[EST-0026] Missing route to pin _42220_/D in net _00052_.
[EST-0026] Missing route to pin _20404_/ZN in net _00052_.
[EST-0026] Missing route to pin _42220_/D in net _00052_.
[EST-0026] Missing route to pin _20404_/ZN in net _00052_.
[EST-0026] Missing route to pin _42220_/D in net _00052_.
[EST-0026] Missing route to pin _20404_/ZN in net _00052_.
[EST-0026] Missing route to pin _42220_/D in net _00052_.
[EST-0026] Missing route to pin _20404_/ZN in net _00052_.
[EST-0026] Missing route to pin _42220_/D in net _00052_.
[EST-0026] Missing route to pin _20404_/ZN in net _00052_.
[EST-0026] Missing route to pin _42220_/D in net _00052_.
[EST-0026] Missing route to pin _20404_/ZN in net _00052_.
[EST-0026] Missing route to pin _42225_/D in net _00054_.
[EST-0026] Missing route to pin _20400_/ZN in net _00054_.
[EST-0026] Missing route to pin _42225_/D in net _00054_.
[EST-0026] Missing route to pin _20400_/ZN in net _00054_.
[EST-0026] Missing route to pin _42225_/D in net _00054_.
[EST-0026] Missing route to pin _20400_/ZN in net _00054_.
[EST-0026] Missing route to pin _42225_/D in net _00054_.
[EST-0026] Missing route to pin _20400_/ZN in net _00054_.
[EST-0026] Missing route to pin _42225_/D in net _00054_.
[EST-0026] Missing route to pin _20400_/ZN in net _00054_.
[EST-0026] Missing route to pin _42225_/D in net _00054_.
[EST-0026] Missing route to pin _20400_/ZN in net _00054_.
[EST-0026] Missing route to pin _42225_/D in net _00054_.
[EST-0026] Missing route to pin _20400_/ZN in net _00054_.
[EST-0026] Missing route to pin _42225_/D in net _00054_.
[EST-0026] Missing route to pin _20400_/ZN in net _00054_.
[EST-0026] Missing route to pin _42225_/D in net _00054_.
[EST-0026] Missing route to pin _20400_/ZN in net _00054_.
[EST-0026] Missing route to pin _42210_/D in net _00055_.
[EST-0026] Missing route to pin _20396_/ZN in net _00055_.
[EST-0026] Missing route to pin _42210_/D in net _00055_.
[EST-0026] Missing route to pin _20396_/ZN in net _00055_.
[EST-0026] Missing route to pin _42210_/D in net _00055_.
[EST-0026] Missing route to pin _20396_/ZN in net _00055_.
[EST-0026] Missing route to pin _42210_/D in net _00055_.
[EST-0026] Missing route to pin _20396_/ZN in net _00055_.
[EST-0026] Missing route to pin _42210_/D in net _00055_.
[EST-0026] Missing route to pin _20396_/ZN in net _00055_.
[EST-0026] Missing route to pin _42210_/D in net _00055_.
[EST-0026] Missing route to pin _20396_/ZN in net _00055_.
[EST-0026] Missing route to pin _42210_/D in net _00055_.
[EST-0026] Missing route to pin _20396_/ZN in net _00055_.
[EST-0026] Missing route to pin _42210_/D in net _00055_.
[EST-0026] Missing route to pin _20396_/ZN in net _00055_.
[EST-0026] Missing route to pin _42210_/D in net _00055_.
[EST-0026] Missing route to pin _20396_/ZN in net _00055_.
[EST-0026] Missing route to pin _42213_/D in net _00056_.
[EST-0026] Missing route to pin _20394_/ZN in net _00056_.
[EST-0026] Missing route to pin _42213_/D in net _00056_.
[EST-0026] Missing route to pin _20394_/ZN in net _00056_.
[EST-0026] Missing route to pin _42213_/D in net _00056_.
[EST-0026] Missing route to pin _20394_/ZN in net _00056_.
[EST-0026] Missing route to pin _42213_/D in net _00056_.
[EST-0026] Missing route to pin _20394_/ZN in net _00056_.
[EST-0026] Missing route to pin _42213_/D in net _00056_.
[EST-0026] Missing route to pin _20394_/ZN in net _00056_.
[EST-0026] Missing route to pin _42213_/D in net _00056_.
[EST-0026] Missing route to pin _20394_/ZN in net _00056_.
[EST-0026] Missing route to pin _42213_/D in net _00056_.
[EST-0026] Missing route to pin _20394_/ZN in net _00056_.
[EST-0026] Missing route to pin _42213_/D in net _00056_.
[EST-0026] Missing route to pin _20394_/ZN in net _00056_.
[EST-0026] Missing route to pin _42213_/D in net _00056_.
[EST-0026] Missing route to pin _20394_/ZN in net _00056_.
[EST-0026] Missing route to pin _42215_/D in net _00057_.
[EST-0026] Missing route to pin _20392_/ZN in net _00057_.
[EST-0026] Missing route to pin _42215_/D in net _00057_.
[EST-0026] Missing route to pin _20392_/ZN in net _00057_.
[EST-0026] Missing route to pin _42215_/D in net _00057_.
[EST-0026] Missing route to pin _20392_/ZN in net _00057_.
[EST-0026] Missing route to pin _42215_/D in net _00057_.
[EST-0026] Missing route to pin _20392_/ZN in net _00057_.
[EST-0026] Missing route to pin _42215_/D in net _00057_.
[EST-0026] Missing route to pin _20392_/ZN in net _00057_.
[EST-0026] Missing route to pin _42215_/D in net _00057_.
[EST-0026] Missing route to pin _20392_/ZN in net _00057_.
[EST-0026] Missing route to pin _42215_/D in net _00057_.
[EST-0026] Missing route to pin _20392_/ZN in net _00057_.
[EST-0026] Missing route to pin _42215_/D in net _00057_.
[EST-0026] Missing route to pin _20392_/ZN in net _00057_.
[EST-0026] Missing route to pin _42215_/D in net _00057_.
[EST-0026] Missing route to pin _20392_/ZN in net _00057_.
[EST-0026] Missing route to pin _42200_/D in net _00058_.
[EST-0026] Missing route to pin _20388_/ZN in net _00058_.
[EST-0026] Missing route to pin _42200_/D in net _00058_.
[EST-0026] Missing route to pin _20388_/ZN in net _00058_.
[EST-0026] Missing route to pin _42200_/D in net _00058_.
[EST-0026] Missing route to pin _20388_/ZN in net _00058_.
[EST-0026] Missing route to pin _42200_/D in net _00058_.
[EST-0026] Missing route to pin _20388_/ZN in net _00058_.
[EST-0026] Missing route to pin _42200_/D in net _00058_.
[EST-0026] Missing route to pin _20388_/ZN in net _00058_.
[EST-0026] Missing route to pin _42200_/D in net _00058_.
[EST-0026] Missing route to pin _20388_/ZN in net _00058_.
[EST-0026] Missing route to pin _42200_/D in net _00058_.
[EST-0026] Missing route to pin _20388_/ZN in net _00058_.
[EST-0026] Missing route to pin _42200_/D in net _00058_.
[EST-0026] Missing route to pin _20388_/ZN in net _00058_.
[EST-0026] Missing route to pin _42200_/D in net _00058_.
[EST-0026] Missing route to pin _20388_/ZN in net _00058_.
[EST-0026] Missing route to pin _42203_/D in net _00059_.
[EST-0026] Missing route to pin _20386_/ZN in net _00059_.
[EST-0026] Missing route to pin _42203_/D in net _00059_.
[EST-0026] Missing route to pin _20386_/ZN in net _00059_.
[EST-0026] Missing route to pin _42203_/D in net _00059_.
[EST-0026] Missing route to pin _20386_/ZN in net _00059_.
[EST-0026] Missing route to pin _42203_/D in net _00059_.
[EST-0026] Missing route to pin _20386_/ZN in net _00059_.
[EST-0026] Missing route to pin _42203_/D in net _00059_.
[EST-0026] Missing route to pin _20386_/ZN in net _00059_.
[EST-0026] Missing route to pin _42203_/D in net _00059_.
[EST-0026] Missing route to pin _20386_/ZN in net _00059_.
[EST-0026] Missing route to pin _42203_/D in net _00059_.
[EST-0026] Missing route to pin _20386_/ZN in net _00059_.
[EST-0026] Missing route to pin _42203_/D in net _00059_.
[EST-0026] Missing route to pin _20386_/ZN in net _00059_.
[EST-0026] Missing route to pin _42203_/D in net _00059_.
[EST-0026] Missing route to pin _20386_/ZN in net _00059_.
[EST-0026] Missing route to pin _42205_/D in net _00060_.
[EST-0026] Missing route to pin _20384_/ZN in net _00060_.
[EST-0026] Missing route to pin _42205_/D in net _00060_.
[EST-0026] Missing route to pin _20384_/ZN in net _00060_.
[EST-0026] Missing route to pin _42205_/D in net _00060_.
[EST-0026] Missing route to pin _20384_/ZN in net _00060_.
[EST-0026] Missing route to pin _42205_/D in net _00060_.
[EST-0026] Missing route to pin _20384_/ZN in net _00060_.
[EST-0026] Missing route to pin _42205_/D in net _00060_.
[EST-0026] Missing route to pin _20384_/ZN in net _00060_.
[EST-0026] Missing route to pin _42205_/D in net _00060_.
[EST-0026] Missing route to pin _20384_/ZN in net _00060_.
[EST-0026] Missing route to pin _42205_/D in net _00060_.
[EST-0026] Missing route to pin _20384_/ZN in net _00060_.
[EST-0026] Missing route to pin _42205_/D in net _00060_.
[EST-0026] Missing route to pin _20384_/ZN in net _00060_.
[EST-0026] Missing route to pin _42205_/D in net _00060_.
[EST-0026] Missing route to pin _20384_/ZN in net _00060_.
[EST-0026] Missing route to pin _42190_/D in net _00061_.
[EST-0026] Missing route to pin _20381_/ZN in net _00061_.
[EST-0026] Missing route to pin _42190_/D in net _00061_.
[EST-0026] Missing route to pin _20381_/ZN in net _00061_.
[EST-0026] Missing route to pin _42190_/D in net _00061_.
[EST-0026] Missing route to pin _20381_/ZN in net _00061_.
[EST-0026] Missing route to pin _42190_/D in net _00061_.
[EST-0026] Missing route to pin _20381_/ZN in net _00061_.
[EST-0026] Missing route to pin _42190_/D in net _00061_.
[EST-0026] Missing route to pin _20381_/ZN in net _00061_.
[EST-0026] Missing route to pin _42190_/D in net _00061_.
[EST-0026] Missing route to pin _20381_/ZN in net _00061_.
[EST-0026] Missing route to pin _42190_/D in net _00061_.
[EST-0026] Missing route to pin _20381_/ZN in net _00061_.
[EST-0026] Missing route to pin _42190_/D in net _00061_.
[EST-0026] Missing route to pin _20381_/ZN in net _00061_.
[EST-0026] Missing route to pin _42190_/D in net _00061_.
[EST-0026] Missing route to pin _20381_/ZN in net _00061_.
[EST-0026] Missing route to pin _42193_/D in net _00062_.
[EST-0026] Missing route to pin _20379_/ZN in net _00062_.
[EST-0026] Missing route to pin _42193_/D in net _00062_.
[EST-0026] Missing route to pin _20379_/ZN in net _00062_.
[EST-0026] Missing route to pin _42193_/D in net _00062_.
[EST-0026] Missing route to pin _20379_/ZN in net _00062_.
[EST-0026] Missing route to pin _42193_/D in net _00062_.
[EST-0026] Missing route to pin _20379_/ZN in net _00062_.
[EST-0026] Missing route to pin _42193_/D in net _00062_.
[EST-0026] Missing route to pin _20379_/ZN in net _00062_.
[EST-0026] Missing route to pin _42193_/D in net _00062_.
[EST-0026] Missing route to pin _20379_/ZN in net _00062_.
[EST-0026] Missing route to pin _42193_/D in net _00062_.
[EST-0026] Missing route to pin _20379_/ZN in net _00062_.
[EST-0026] Missing route to pin _42193_/D in net _00062_.
[EST-0026] Missing route to pin _20379_/ZN in net _00062_.
[EST-0026] Missing route to pin _42193_/D in net _00062_.
[EST-0026] Missing route to pin _20379_/ZN in net _00062_.
[EST-0026] Missing route to pin _42180_/D in net _00064_.
[EST-0026] Missing route to pin _20372_/ZN in net _00064_.
[EST-0026] Missing route to pin _42180_/D in net _00064_.
[EST-0026] Missing route to pin _20372_/ZN in net _00064_.
[EST-0026] Missing route to pin _42180_/D in net _00064_.
[EST-0026] Missing route to pin _20372_/ZN in net _00064_.
[EST-0026] Missing route to pin _42180_/D in net _00064_.
[EST-0026] Missing route to pin _20372_/ZN in net _00064_.
[EST-0026] Missing route to pin _42180_/D in net _00064_.
[EST-0026] Missing route to pin _20372_/ZN in net _00064_.
[EST-0026] Missing route to pin _42180_/D in net _00064_.
[EST-0026] Missing route to pin _20372_/ZN in net _00064_.
[EST-0026] Missing route to pin _42180_/D in net _00064_.
[EST-0026] Missing route to pin _20372_/ZN in net _00064_.
[EST-0026] Missing route to pin _42180_/D in net _00064_.
[EST-0026] Missing route to pin _20372_/ZN in net _00064_.
[EST-0026] Missing route to pin _42180_/D in net _00064_.
[EST-0026] Missing route to pin _20372_/ZN in net _00064_.
[EST-0026] Missing route to pin _42185_/D in net _00066_.
[EST-0026] Missing route to pin _20368_/ZN in net _00066_.
[EST-0026] Missing route to pin _42185_/D in net _00066_.
[EST-0026] Missing route to pin _20368_/ZN in net _00066_.
[EST-0026] Missing route to pin _42185_/D in net _00066_.
[EST-0026] Missing route to pin _20368_/ZN in net _00066_.
[EST-0026] Missing route to pin _42185_/D in net _00066_.
[EST-0026] Missing route to pin _20368_/ZN in net _00066_.
[EST-0026] Missing route to pin _42185_/D in net _00066_.
[EST-0026] Missing route to pin _20368_/ZN in net _00066_.
[EST-0026] Missing route to pin _42185_/D in net _00066_.
[EST-0026] Missing route to pin _20368_/ZN in net _00066_.
[EST-0026] Missing route to pin _42185_/D in net _00066_.
[EST-0026] Missing route to pin _20368_/ZN in net _00066_.
[EST-0026] Missing route to pin _42185_/D in net _00066_.
[EST-0026] Missing route to pin _20368_/ZN in net _00066_.
[EST-0026] Missing route to pin _42185_/D in net _00066_.
[EST-0026] Missing route to pin _20368_/ZN in net _00066_.
[EST-0026] Missing route to pin _42173_/D in net _00068_.
[EST-0026] Missing route to pin _20363_/ZN in net _00068_.
[EST-0026] Missing route to pin _42173_/D in net _00068_.
[EST-0026] Missing route to pin _20363_/ZN in net _00068_.
[EST-0026] Missing route to pin _42173_/D in net _00068_.
[EST-0026] Missing route to pin _20363_/ZN in net _00068_.
[EST-0026] Missing route to pin _42173_/D in net _00068_.
[EST-0026] Missing route to pin _20363_/ZN in net _00068_.
[EST-0026] Missing route to pin _42173_/D in net _00068_.
[EST-0026] Missing route to pin _20363_/ZN in net _00068_.
[EST-0026] Missing route to pin _42173_/D in net _00068_.
[EST-0026] Missing route to pin _20363_/ZN in net _00068_.
[EST-0026] Missing route to pin _42173_/D in net _00068_.
[EST-0026] Missing route to pin _20363_/ZN in net _00068_.
[EST-0026] Missing route to pin _42173_/D in net _00068_.
[EST-0026] Missing route to pin _20363_/ZN in net _00068_.
[EST-0026] Missing route to pin _42173_/D in net _00068_.
[EST-0026] Missing route to pin _20363_/ZN in net _00068_.
[EST-0026] Missing route to pin _42175_/D in net _00069_.
[EST-0026] message limit (1000) reached. This message will no longer print.
'GPL_CELL_PADDING' is set to 0. This step may cause overlap failures.
[DRT-0349] LEF58_ENCLOSURE with no CUTCLASS is not supported. Skipping for layer Via1
[DRT-0349] LEF58_ENCLOSURE with no CUTCLASS is not supported. Skipping for layer Via1
[DRT-0349] LEF58_ENCLOSURE with no CUTCLASS is not supported. Skipping for layer Via2
[DRT-0349] LEF58_ENCLOSURE with no CUTCLASS is not supported. Skipping for layer Via2
[DRT-0349] LEF58_ENCLOSURE with no CUTCLASS is not supported. Skipping for layer Via3
[DRT-0349] LEF58_ENCLOSURE with no CUTCLASS is not supported. Skipping for layer Via3
[DRT-0349] LEF58_ENCLOSURE with no CUTCLASS is not supported. Skipping for layer Via4
[DRT-0349] LEF58_ENCLOSURE with no CUTCLASS is not supported. Skipping for layer Via4
Threshold for Threshold-surpassing long wires is not set. The checker will be skipped.
'VSRC_LOC_FILES' was not given a value, which may make the results of IR drop analysis inaccurate. If you are not integrating a top-level chip for manufacture, you may ignore this warning, otherwise, see the documentation for 'VSRC_LOC_FILES'.
KLAYOUT_DRC_RUNSET is unset. KLayout.DRC may not be supported for the gf180mcuD PDK. This step will be skipped.
The KLayout DRC errors metric was not found. Are you sure the relevant step was run?
klayout__drc_error__count not reported. KLayout.DRC may have been skipped.
