Clock: core_clk
Sources: clk 
Generated: no
Virtual: yes
Propagated: no
Period: 100.000000

===========================================================================
report_clock_properties
============================================================================
Clock                   Period          Waveform
----------------------------------------------------
core_clk            100.000000    0.000000 50.000000

===========================================================================
report_clock_latency
============================================================================
Clock core_clk
rise -> rise
    min     max
0.000000 0.000000 source latency
0.996296         network latency _41146_/CLK
        1.287559 network latency _40891_/CLK
---------------
0.996296 1.287559 latency
        0.291263 skew

fall -> fall
    min     max
0.000000 0.000000 source latency
1.083020         network latency _41146_/CLK
        1.404135 network latency _40891_/CLK
---------------
1.083020 1.404135 latency
        0.321116 skew



===========================================================================
report_clock_min_period
============================================================================
core_clk period_min = 19.34 fmax = 51.71
