
===========================================================================
 report_power
============================================================================
======================= min_ff_n40C_5v50 Corner ===================================

Group                    Internal    Switching      Leakage        Total
                            Power        Power        Power        Power (Watts)
------------------------------------------------------------------------
Sequential           2.496845e-02 1.715519e-03 1.605411e-06 2.668557e-02  42.0%
Combinational        6.844786e-03 5.756497e-03 3.530466e-06 1.260481e-02  19.8%
Clock                1.461029e-02 9.667259e-03 2.152124e-06 2.427970e-02  38.2%
Macro                0.000000e+00 0.000000e+00 0.000000e+00 0.000000e+00   0.0%
Pad                  0.000000e+00 0.000000e+00 0.000000e+00 0.000000e+00   0.0%
------------------------------------------------------------------------
Total                4.642349e-02 1.713930e-02 7.287822e-06 6.357007e-02 100.0%
                            73.0%        27.0%         0.0%

