Using 32 threads…
Using a tile size of (500 µm)²…
Reading /foss/designs/lstm16x_int8_gf180_1000x1000/synthesis/runs/lstm16x_22pin_clean4/58-magic-streamout/lstm16x_top.magic.gds ..
Reading /foss/designs/lstm16x_int8_gf180_1000x1000/synthesis/runs/lstm16x_22pin_clean4/59-klayout-streamout/lstm16x_top.klayout.gds ..
--- Running XOR for layer 0/0 ---
"input" in: xor.drc:109
    Polygons (raw): 57127 (flat)  82 (hierarchical)
    Elapsed: 0.010s  Memory: 504.00M
"input" in: xor.drc:109
    Polygons (raw): 57127 (flat)  82 (hierarchical)
    Elapsed: 0.000s  Memory: 504.00M
"^" in: xor.drc:109
    Polygons (raw): 0 (flat)  0 (hierarchical)
    Elapsed: 0.360s  Memory: 544.00M
XOR differences: 0
"output" in: xor.drc:86
    Polygons (raw): 0 (flat)  0 (hierarchical)
    Elapsed: 0.000s  Memory: 544.00M
--- Running XOR for layer 112/1 ---
"input" in: xor.drc:109
    Polygons (raw): 57126 (flat)  81 (hierarchical)
    Elapsed: 0.000s  Memory: 544.00M
"input" in: xor.drc:109
    Polygons (raw): 57126 (flat)  81 (hierarchical)
    Elapsed: 0.000s  Memory: 544.00M
"^" in: xor.drc:109
    Polygons (raw): 0 (flat)  0 (hierarchical)
    Elapsed: 0.330s  Memory: 556.00M
XOR differences: 0
"output" in: xor.drc:86
    Polygons (raw): 0 (flat)  0 (hierarchical)
    Elapsed: 0.000s  Memory: 556.00M
--- Running XOR for layer 115/5 ---
"input" in: xor.drc:109
    Polygons (raw): 11 (flat)  1 (hierarchical)
    Elapsed: 0.000s  Memory: 556.00M
"input" in: xor.drc:109
    Polygons (raw): 11 (flat)  1 (hierarchical)
    Elapsed: 0.000s  Memory: 556.00M
"^" in: xor.drc:109
    Polygons (raw): 0 (flat)  0 (hierarchical)
    Elapsed: 0.070s  Memory: 556.00M
XOR differences: 0
"output" in: xor.drc:86
    Polygons (raw): 0 (flat)  0 (hierarchical)
    Elapsed: 0.000s  Memory: 556.00M
--- Running XOR for layer 204/0 ---
"input" in: xor.drc:109
    Polygons (raw): 57126 (flat)  81 (hierarchical)
    Elapsed: 0.000s  Memory: 556.00M
"input" in: xor.drc:109
    Polygons (raw): 57126 (flat)  81 (hierarchical)
    Elapsed: 0.000s  Memory: 556.00M
"^" in: xor.drc:109
    Polygons (raw): 0 (flat)  0 (hierarchical)
    Elapsed: 0.430s  Memory: 597.00M
XOR differences: 0
"output" in: xor.drc:86
    Polygons (raw): 0 (flat)  0 (hierarchical)
    Elapsed: 0.000s  Memory: 597.00M
--- Running XOR for layer 204/10 ---
"input" in: xor.drc:109
    Polygons (raw): 0 (flat)  0 (hierarchical)
    Elapsed: 0.000s  Memory: 597.00M
"input" in: xor.drc:109
    Polygons (raw): 0 (flat)  0 (hierarchical)
    Elapsed: 0.000s  Memory: 597.00M
"^" in: xor.drc:109
    Polygons (raw): 0 (flat)  0 (hierarchical)
    Elapsed: 0.100s  Memory: 597.00M
XOR differences: 0
"output" in: xor.drc:86
    Polygons (raw): 0 (flat)  0 (hierarchical)
    Elapsed: 0.000s  Memory: 597.00M
--- Running XOR for layer 21/0 ---
"input" in: xor.drc:109
    Polygons (raw): 57126 (flat)  81 (hierarchical)
    Elapsed: 0.000s  Memory: 597.00M
"input" in: xor.drc:109
    Polygons (raw): 57126 (flat)  81 (hierarchical)
    Elapsed: 0.000s  Memory: 597.00M
"^" in: xor.drc:109
    Polygons (raw): 0 (flat)  0 (hierarchical)
    Elapsed: 0.430s  Memory: 623.00M
XOR differences: 0
"output" in: xor.drc:86
    Polygons (raw): 0 (flat)  0 (hierarchical)
    Elapsed: 0.010s  Memory: 623.00M
--- Running XOR for layer 21/10 ---
"input" in: xor.drc:109
    Polygons (raw): 0 (flat)  0 (hierarchical)
    Elapsed: 0.000s  Memory: 623.00M
"input" in: xor.drc:109
    Polygons (raw): 0 (flat)  0 (hierarchical)
    Elapsed: 0.000s  Memory: 623.00M
"^" in: xor.drc:109
    Polygons (raw): 0 (flat)  0 (hierarchical)
    Elapsed: 0.090s  Memory: 623.00M
XOR differences: 0
"output" in: xor.drc:86
    Polygons (raw): 0 (flat)  0 (hierarchical)
    Elapsed: 0.000s  Memory: 623.00M
--- Running XOR for layer 22/0 ---
"input" in: xor.drc:109
    Polygons (raw): 112434 (flat)  248 (hierarchical)
    Elapsed: 0.000s  Memory: 623.00M
"input" in: xor.drc:109
    Polygons (raw): 112434 (flat)  248 (hierarchical)
    Elapsed: 0.000s  Memory: 623.00M
"^" in: xor.drc:109
    Polygons (raw): 0 (flat)  0 (hierarchical)
    Elapsed: 0.530s  Memory: 642.00M
XOR differences: 0
"output" in: xor.drc:86
    Polygons (raw): 0 (flat)  0 (hierarchical)
    Elapsed: 0.000s  Memory: 642.00M
--- Running XOR for layer 30/0 ---
"input" in: xor.drc:109
    Polygons (raw): 144015 (flat)  371 (hierarchical)
    Elapsed: 0.000s  Memory: 642.00M
"input" in: xor.drc:109
    Polygons (raw): 144015 (flat)  371 (hierarchical)
    Elapsed: 0.000s  Memory: 642.00M
"^" in: xor.drc:109
    Polygons (raw): 0 (flat)  0 (hierarchical)
    Elapsed: 0.910s  Memory: 652.00M
XOR differences: 0
"output" in: xor.drc:86
    Polygons (raw): 0 (flat)  0 (hierarchical)
    Elapsed: 0.000s  Memory: 652.00M
--- Running XOR for layer 31/0 ---
"input" in: xor.drc:109
    Polygons (raw): 63522 (flat)  83 (hierarchical)
    Elapsed: 0.000s  Memory: 652.00M
"input" in: xor.drc:109
    Polygons (raw): 63522 (flat)  83 (hierarchical)
    Elapsed: 0.000s  Memory: 652.00M
"^" in: xor.drc:109
    Polygons (raw): 0 (flat)  0 (hierarchical)
    Elapsed: 0.410s  Memory: 652.00M
XOR differences: 0
"output" in: xor.drc:86
    Polygons (raw): 0 (flat)  0 (hierarchical)
    Elapsed: 0.010s  Memory: 652.00M
--- Running XOR for layer 32/0 ---
"input" in: xor.drc:109
    Polygons (raw): 57126 (flat)  81 (hierarchical)
    Elapsed: 0.000s  Memory: 652.00M
"input" in: xor.drc:109
    Polygons (raw): 57126 (flat)  81 (hierarchical)
    Elapsed: 0.000s  Memory: 652.00M
"^" in: xor.drc:109
    Polygons (raw): 0 (flat)  0 (hierarchical)
    Elapsed: 0.450s  Memory: 668.00M
XOR differences: 0
"output" in: xor.drc:86
    Polygons (raw): 0 (flat)  0 (hierarchical)
    Elapsed: 0.000s  Memory: 668.00M
--- Running XOR for layer 33/0 ---
"input" in: xor.drc:109
    Polygons (raw): 678028 (flat)  2160 (hierarchical)
    Elapsed: 0.000s  Memory: 668.00M
"input" in: xor.drc:109
    Polygons (raw): 678028 (flat)  2160 (hierarchical)
    Elapsed: 0.000s  Memory: 668.00M
"^" in: xor.drc:109
    Polygons (raw): 0 (flat)  0 (hierarchical)
    Elapsed: 1.950s  Memory: 676.00M
XOR differences: 0
"output" in: xor.drc:86
    Polygons (raw): 0 (flat)  0 (hierarchical)
    Elapsed: 0.010s  Memory: 676.00M
--- Running XOR for layer 34/0 ---
"input" in: xor.drc:109
    Polygons (raw): 383359 (flat)  94837 (hierarchical)
    Elapsed: 0.000s  Memory: 676.00M
"input" in: xor.drc:109
    Polygons (raw): 386544 (flat)  858 (hierarchical)
    Elapsed: 0.000s  Memory: 676.00M
"^" in: xor.drc:109
    Polygons (raw): 0 (flat)  0 (hierarchical)
    Elapsed: 3.140s  Memory: 741.00M
XOR differences: 0
"output" in: xor.drc:86
    Polygons (raw): 0 (flat)  0 (hierarchical)
    Elapsed: 0.010s  Memory: 741.00M
--- Running XOR for layer 34/10 ---
"input" in: xor.drc:109
    Polygons (raw): 0 (flat)  0 (hierarchical)
    Elapsed: 0.000s  Memory: 741.00M
"input" in: xor.drc:109
    Polygons (raw): 0 (flat)  0 (hierarchical)
    Elapsed: 0.000s  Memory: 741.00M
"^" in: xor.drc:109
    Polygons (raw): 0 (flat)  0 (hierarchical)
    Elapsed: 0.120s  Memory: 741.00M
XOR differences: 0
"output" in: xor.drc:86
    Polygons (raw): 0 (flat)  0 (hierarchical)
    Elapsed: 0.000s  Memory: 741.00M
--- Running XOR for layer 35/0 ---
"input" in: xor.drc:109
    Polygons (raw): 122647 (flat)  122647 (hierarchical)
    Elapsed: 0.000s  Memory: 741.00M
"input" in: xor.drc:109
    Polygons (raw): 122647 (flat)  11 (hierarchical)
    Elapsed: 0.000s  Memory: 741.00M
"^" in: xor.drc:109
    Polygons (raw): 0 (flat)  0 (hierarchical)
    Elapsed: 0.370s  Memory: 749.00M
XOR differences: 0
"output" in: xor.drc:86
    Polygons (raw): 0 (flat)  0 (hierarchical)
    Elapsed: 0.000s  Memory: 749.00M
--- Running XOR for layer 36/0 ---
"input" in: xor.drc:109
    Polygons (raw): 81353 (flat)  81353 (hierarchical)
    Elapsed: 0.000s  Memory: 749.00M
"input" in: xor.drc:109
    Polygons (raw): 329627 (flat)  145437 (hierarchical)
    Elapsed: 0.000s  Memory: 749.00M
"^" in: xor.drc:109
    Polygons (raw): 0 (flat)  0 (hierarchical)
    Elapsed: 1.560s  Memory: 854.00M
XOR differences: 0
"output" in: xor.drc:86
    Polygons (raw): 0 (flat)  0 (hierarchical)
    Elapsed: 0.010s  Memory: 854.00M
--- Running XOR for layer 36/10 ---
"input" in: xor.drc:109
    Polygons (raw): 10 (flat)  10 (hierarchical)
    Elapsed: 0.000s  Memory: 854.00M
"input" in: xor.drc:109
    Polygons (raw): 10 (flat)  10 (hierarchical)
    Elapsed: 0.000s  Memory: 854.00M
"^" in: xor.drc:109
    Polygons (raw): 0 (flat)  0 (hierarchical)
    Elapsed: 0.050s  Memory: 854.00M
XOR differences: 0
"output" in: xor.drc:86
    Polygons (raw): 0 (flat)  0 (hierarchical)
    Elapsed: 0.000s  Memory: 854.00M
--- Running XOR for layer 38/0 ---
"input" in: xor.drc:109
    Polygons (raw): 112508 (flat)  112508 (hierarchical)
    Elapsed: 0.000s  Memory: 854.00M
"input" in: xor.drc:109
    Polygons (raw): 112508 (flat)  10 (hierarchical)
    Elapsed: 0.000s  Memory: 854.00M
"^" in: xor.drc:109
    Polygons (raw): 0 (flat)  0 (hierarchical)
    Elapsed: 0.340s  Memory: 875.00M
XOR differences: 0
"output" in: xor.drc:86
    Polygons (raw): 0 (flat)  0 (hierarchical)
    Elapsed: 0.000s  Memory: 875.00M
--- Running XOR for layer 40/0 ---
"input" in: xor.drc:109
    Polygons (raw): 34713 (flat)  34713 (hierarchical)
    Elapsed: 0.000s  Memory: 875.00M
"input" in: xor.drc:109
    Polygons (raw): 34713 (flat)  10 (hierarchical)
    Elapsed: 0.000s  Memory: 875.00M
"^" in: xor.drc:109
    Polygons (raw): 0 (flat)  0 (hierarchical)
    Elapsed: 0.130s  Memory: 877.00M
XOR differences: 0
"output" in: xor.drc:86
    Polygons (raw): 0 (flat)  0 (hierarchical)
    Elapsed: 0.010s  Memory: 877.00M
--- Running XOR for layer 42/0 ---
"input" in: xor.drc:109
    Polygons (raw): 40607 (flat)  40607 (hierarchical)
    Elapsed: 0.000s  Memory: 877.00M
"input" in: xor.drc:109
    Polygons (raw): 156459 (flat)  60202 (hierarchical)
    Elapsed: 0.000s  Memory: 877.00M
"^" in: xor.drc:109
    Polygons (raw): 0 (flat)  0 (hierarchical)
    Elapsed: 0.410s  Memory: 900.00M
XOR differences: 0
"output" in: xor.drc:86
    Polygons (raw): 0 (flat)  0 (hierarchical)
    Elapsed: 0.000s  Memory: 900.00M
--- Running XOR for layer 42/10 ---
"input" in: xor.drc:109
    Polygons (raw): 10 (flat)  10 (hierarchical)
    Elapsed: 0.000s  Memory: 900.00M
"input" in: xor.drc:109
    Polygons (raw): 10 (flat)  10 (hierarchical)
    Elapsed: 0.000s  Memory: 900.00M
"^" in: xor.drc:109
    Polygons (raw): 0 (flat)  0 (hierarchical)
    Elapsed: 0.060s  Memory: 900.00M
XOR differences: 0
"output" in: xor.drc:86
    Polygons (raw): 0 (flat)  0 (hierarchical)
    Elapsed: 0.000s  Memory: 900.00M
--- Running XOR for layer 46/0 ---
"input" in: xor.drc:109
    Polygons (raw): 2783 (flat)  2783 (hierarchical)
    Elapsed: 0.000s  Memory: 900.00M
"input" in: xor.drc:109
    Polygons (raw): 12784 (flat)  3553 (hierarchical)
    Elapsed: 0.010s  Memory: 900.00M
"^" in: xor.drc:109
    Polygons (raw): 0 (flat)  0 (hierarchical)
    Elapsed: 0.130s  Memory: 900.00M
XOR differences: 0
"output" in: xor.drc:86
    Polygons (raw): 0 (flat)  0 (hierarchical)
    Elapsed: 0.000s  Memory: 900.00M
--- Running XOR for layer 46/10 ---
"input" in: xor.drc:109
    Polygons (raw): 78 (flat)  78 (hierarchical)
    Elapsed: 0.000s  Memory: 900.00M
"input" in: xor.drc:109
    Polygons (raw): 78 (flat)  78 (hierarchical)
    Elapsed: 0.000s  Memory: 900.00M
"^" in: xor.drc:109
    Polygons (raw): 0 (flat)  0 (hierarchical)
    Elapsed: 0.060s  Memory: 900.00M
XOR differences: 0
"output" in: xor.drc:86
    Polygons (raw): 0 (flat)  0 (hierarchical)
    Elapsed: 0.000s  Memory: 900.00M
--- Running XOR for layer 55/0 ---
"input" in: xor.drc:109
    Polygons (raw): 57126 (flat)  81 (hierarchical)
    Elapsed: 0.010s  Memory: 900.00M
"input" in: xor.drc:109
    Polygons (raw): 57126 (flat)  81 (hierarchical)
    Elapsed: 0.000s  Memory: 900.00M
"^" in: xor.drc:109
    Polygons (raw): 0 (flat)  0 (hierarchical)
    Elapsed: 0.430s  Memory: 908.00M
XOR differences: 0
"output" in: xor.drc:86
    Polygons (raw): 0 (flat)  0 (hierarchical)
    Elapsed: 0.010s  Memory: 908.00M
--- Running XOR for layer 63/63 ---
"input" in: xor.drc:109
    Polygons (raw): 0 (flat)  0 (hierarchical)
    Elapsed: 0.000s  Memory: 908.00M
"input" in: xor.drc:109
    Polygons (raw): 0 (flat)  0 (hierarchical)
    Elapsed: 0.000s  Memory: 908.00M
"^" in: xor.drc:109
    Polygons (raw): 0 (flat)  0 (hierarchical)
    Elapsed: 0.120s  Memory: 909.00M
XOR differences: 0
"output" in: xor.drc:86
    Polygons (raw): 0 (flat)  0 (hierarchical)
    Elapsed: 0.000s  Memory: 909.00M
---
Total XOR differences: 0
Writing report database: /foss/designs/lstm16x_int8_gf180_1000x1000/synthesis/runs/lstm16x_22pin_clean4/63-klayout-xor/xor.xml ..
Total elapsed: 13.700s  Memory: 909.00M
/foss/designs/lstm16x_int8_gf180_1000x1000/synthesis/runs/lstm16x_22pin_clean4/58-magic-streamout/lstm16x_top.magic.gds
/foss/designs/lstm16x_int8_gf180_1000x1000/synthesis/runs/lstm16x_22pin_clean4/59-klayout-streamout/lstm16x_top.klayout.gds
%OL_METRIC_I design__xor_difference__count 0
