
===========================================================================
report_checks -unconstrained
===========================================================================
======================= nom_tt_025C_5v00 Corner ===================================

Startpoint: _40351_ (rising edge-triggered flip-flop clocked by core_clk)
Endpoint: _40448_ (rising edge-triggered flip-flop clocked by core_clk)
Path Group: core_clk
Path Type: max

Fanout         Cap        Slew       Delay        Time   Description
---------------------------------------------------------------------------------------------
                                  0.000000    0.000000   clock core_clk (rise edge)
                                  0.000000    0.000000   clock source latency
     2    0.131007    0.000000    0.000000    0.000000 ^ clk (in)
                                                         clk (net)
                      0.053825    0.022016    0.022016 ^ clkbuf_0_clk/I (gf180mcu_fd_sc_mcu7t5v0__clkbuf_16)
     4    0.204819    0.251705    0.326963    0.348979 ^ clkbuf_0_clk/Z (gf180mcu_fd_sc_mcu7t5v0__clkbuf_16)
                                                         clknet_0_clk (net)
                      0.252092    0.010270    0.359249 ^ clkbuf_2_0_0_clk/I (gf180mcu_fd_sc_mcu7t5v0__clkbuf_8)
    16    0.424869    0.876626    0.719752    1.079001 ^ clkbuf_2_0_0_clk/Z (gf180mcu_fd_sc_mcu7t5v0__clkbuf_8)
                                                         clknet_2_0_0_clk (net)
                      0.878869    0.024240    1.103241 ^ clkbuf_6_3_0_clk/I (gf180mcu_fd_sc_mcu7t5v0__clkbuf_8)
     9    0.155268    0.358406    0.524568    1.627810 ^ clkbuf_6_3_0_clk/Z (gf180mcu_fd_sc_mcu7t5v0__clkbuf_8)
                                                         clknet_6_3_0_clk (net)
                      0.358407    0.001071    1.628881 ^ clkbuf_leaf_444_clk/I (gf180mcu_fd_sc_mcu7t5v0__clkbuf_8)
     9    0.056234    0.169019    0.332945    1.961825 ^ clkbuf_leaf_444_clk/Z (gf180mcu_fd_sc_mcu7t5v0__clkbuf_8)
                                                         clknet_leaf_444_clk (net)
                      0.169019    0.000656    1.962481 ^ _40351_/CLK (gf180mcu_fd_sc_mcu7t5v0__dffrnq_1)
    20    0.131846    2.166277    2.078188    4.040669 ^ _40351_/Q (gf180mcu_fd_sc_mcu7t5v0__dffrnq_1)
                                                         g_lane[1].u_lane.vector_index[2] (net)
                      2.166303    0.004301    4.044970 ^ _19816_/I (gf180mcu_fd_sc_mcu7t5v0__clkinv_1)
     9    0.074354    1.453982    1.194028    5.238998 v _19816_/ZN (gf180mcu_fd_sc_mcu7t5v0__clkinv_1)
                                                         _16282_ (net)
                      1.453982    0.000490    5.239489 v _25363_/A2 (gf180mcu_fd_sc_mcu7t5v0__nor4_1)
     6    0.046962    2.928997    1.946858    7.186347 ^ _25363_/ZN (gf180mcu_fd_sc_mcu7t5v0__nor4_1)
                                                         _04375_ (net)
                      2.928997    0.000542    7.186889 ^ _25392_/A2 (gf180mcu_fd_sc_mcu7t5v0__oai32_1)
     4    0.032408    1.064218    0.500509    7.687397 v _25392_/ZN (gf180mcu_fd_sc_mcu7t5v0__oai32_1)
                                                         _04404_ (net)
                      1.064218    0.001053    7.688451 v _25444_/A2 (gf180mcu_fd_sc_mcu7t5v0__or4_1)
     3    0.022791    0.474260    1.208544    8.896996 v _25444_/Z (gf180mcu_fd_sc_mcu7t5v0__or4_1)
                                                         _04455_ (net)
                      0.474260    0.000430    8.897426 v _25476_/B (gf180mcu_fd_sc_mcu7t5v0__aoi211_1)
     2    0.015867    1.043177    0.714240    9.611666 ^ _25476_/ZN (gf180mcu_fd_sc_mcu7t5v0__aoi211_1)
                                                         _04487_ (net)
                      1.043177    0.000246    9.611912 ^ _25579_/A2 (gf180mcu_fd_sc_mcu7t5v0__oai31_1)
     1    0.022911    0.625496    0.432848   10.044760 v _25579_/ZN (gf180mcu_fd_sc_mcu7t5v0__oai31_1)
                                                         _04588_ (net)
                      0.625497    0.000998   10.045758 v wire501/I (gf180mcu_fd_sc_mcu7t5v0__dlyb_1)
     3    0.024782    0.389272    1.331309   11.377068 v wire501/Z (gf180mcu_fd_sc_mcu7t5v0__dlyb_1)
                                                         net501 (net)
                      0.389272    0.000794   11.377862 v _25631_/A4 (gf180mcu_fd_sc_mcu7t5v0__or4_1)
     4    0.022261    0.466729    1.043175   12.421036 v _25631_/Z (gf180mcu_fd_sc_mcu7t5v0__or4_1)
                                                         _04639_ (net)
                      0.466729    0.000164   12.421201 v _25632_/A2 (gf180mcu_fd_sc_mcu7t5v0__nand2_1)
     1    0.007895    0.284320    0.279476   12.700676 ^ _25632_/ZN (gf180mcu_fd_sc_mcu7t5v0__nand2_1)
                                                         _04640_ (net)
                      0.284320    0.000079   12.700755 ^ _25633_/A2 (gf180mcu_fd_sc_mcu7t5v0__xnor2_1)
    12    0.087473    3.014164    1.239028   13.939783 ^ _25633_/ZN (gf180mcu_fd_sc_mcu7t5v0__xnor2_1)
                                                         _04641_ (net)
                      3.014179    0.003738   13.943521 ^ _25635_/A2 (gf180mcu_fd_sc_mcu7t5v0__nand2_1)
     3    0.017499    0.779210    0.243833   14.187354 v _25635_/ZN (gf180mcu_fd_sc_mcu7t5v0__nand2_1)
                                                         _04643_ (net)
                      0.779210    0.000236   14.187591 v _25641_/A2 (gf180mcu_fd_sc_mcu7t5v0__xor3_1)
     2    0.014491    0.371120    1.353003   15.540593 v _25641_/Z (gf180mcu_fd_sc_mcu7t5v0__xor3_1)
                                                         _04649_ (net)
                      0.371120    0.000290   15.540883 v _25643_/A2 (gf180mcu_fd_sc_mcu7t5v0__xnor2_1)
     5    0.032103    0.614432    0.625162   16.166044 v _25643_/ZN (gf180mcu_fd_sc_mcu7t5v0__xnor2_1)
                                                         _04651_ (net)
                      0.614432    0.000414   16.166458 v _25697_/A2 (gf180mcu_fd_sc_mcu7t5v0__and3_1)
     4    0.020697    0.288136    0.593060   16.759520 v _25697_/Z (gf180mcu_fd_sc_mcu7t5v0__and3_1)
                                                         _04704_ (net)
                      0.288136    0.000316   16.759834 v _25740_/A2 (gf180mcu_fd_sc_mcu7t5v0__or3_1)
     1    0.005423    0.232575    0.628695   17.388531 v _25740_/Z (gf180mcu_fd_sc_mcu7t5v0__or3_1)
                                                         _04746_ (net)
                      0.232575    0.000052   17.388582 v _25763_/A2 (gf180mcu_fd_sc_mcu7t5v0__xor3_1)
     3    0.024305    0.508685    1.211181   18.599762 v _25763_/Z (gf180mcu_fd_sc_mcu7t5v0__xor3_1)
                                                         _04769_ (net)
                      0.508685    0.000203   18.599964 v _25793_/A2 (gf180mcu_fd_sc_mcu7t5v0__aoi21_1)
     4    0.028080    1.015226    0.715556   19.315521 ^ _25793_/ZN (gf180mcu_fd_sc_mcu7t5v0__aoi21_1)
                                                         _04798_ (net)
                      1.015226    0.000487   19.316008 ^ _25816_/A1 (gf180mcu_fd_sc_mcu7t5v0__xor3_1)
     1    0.007092    0.434014    0.936993   20.253000 ^ _25816_/Z (gf180mcu_fd_sc_mcu7t5v0__xor3_1)
                                                         _04821_ (net)
                      0.434014    0.000146   20.253145 ^ _25832_/B1 (gf180mcu_fd_sc_mcu7t5v0__oai32_1)
     2    0.017733    0.467986    0.327322   20.580467 v _25832_/ZN (gf180mcu_fd_sc_mcu7t5v0__oai32_1)
                                                         _04836_ (net)
                      0.467986    0.000570   20.581038 v _25861_/A1 (gf180mcu_fd_sc_mcu7t5v0__xor3_1)
     1    0.004687    0.330890    1.139385   21.720423 v _25861_/Z (gf180mcu_fd_sc_mcu7t5v0__xor3_1)
                                                         _04865_ (net)
                      0.330890    0.000044   21.720469 v _25878_/A3 (gf180mcu_fd_sc_mcu7t5v0__oai32_1)
     2    0.012016    1.127394    0.714982   22.435450 ^ _25878_/ZN (gf180mcu_fd_sc_mcu7t5v0__oai32_1)
                                                         _04881_ (net)
                      1.127394    0.000275   22.435724 ^ _25904_/A2 (gf180mcu_fd_sc_mcu7t5v0__xor3_1)
     3    0.018998    0.770155    1.071252   23.506977 ^ _25904_/Z (gf180mcu_fd_sc_mcu7t5v0__xor3_1)
                                                         _04907_ (net)
                      0.770155    0.000277   23.507254 ^ _25906_/A2 (gf180mcu_fd_sc_mcu7t5v0__xnor2_1)
     1    0.007756    0.453584    0.475220   23.982473 ^ _25906_/ZN (gf180mcu_fd_sc_mcu7t5v0__xnor2_1)
                                                         _04909_ (net)
                      0.453584    0.000075   23.982548 ^ _25908_/A2 (gf180mcu_fd_sc_mcu7t5v0__xor2_1)
     2    0.020569    0.803114    0.626379   24.608927 ^ _25908_/Z (gf180mcu_fd_sc_mcu7t5v0__xor2_1)
                                                         _04911_ (net)
                      0.803114    0.000503   24.609430 ^ _25947_/A2 (gf180mcu_fd_sc_mcu7t5v0__oai21_1)
     2    0.013296    0.425440    0.297241   24.906672 v _25947_/ZN (gf180mcu_fd_sc_mcu7t5v0__oai21_1)
                                                         _04949_ (net)
                      0.425440    0.000121   24.906792 v _25973_/B (gf180mcu_fd_sc_mcu7t5v0__aoi21_1)
     3    0.018226    0.747431    0.538238   25.445030 ^ _25973_/ZN (gf180mcu_fd_sc_mcu7t5v0__aoi21_1)
                                                         _04974_ (net)
                      0.747431    0.000297   25.445326 ^ _25974_/A2 (gf180mcu_fd_sc_mcu7t5v0__and2_1)
     1    0.006490    0.191158    0.344354   25.789680 ^ _25974_/Z (gf180mcu_fd_sc_mcu7t5v0__and2_1)
                                                         _04975_ (net)
                      0.191158    0.000089   25.789770 ^ _26015_/A1 (gf180mcu_fd_sc_mcu7t5v0__nand4_1)
     2    0.011834    0.526747    0.276867   26.066635 v _26015_/ZN (gf180mcu_fd_sc_mcu7t5v0__nand4_1)
                                                         _05013_ (net)
                      0.526747    0.000181   26.066816 v _26016_/A2 (gf180mcu_fd_sc_mcu7t5v0__and2_1)
     3    0.019485    0.269199    0.493563   26.560379 v _26016_/Z (gf180mcu_fd_sc_mcu7t5v0__and2_1)
                                                         _05014_ (net)
                      0.269199    0.000332   26.560711 v load_slew85/I (gf180mcu_fd_sc_mcu7t5v0__buf_3)
    12    0.090972    0.335247    0.477735   27.038446 v load_slew85/Z (gf180mcu_fd_sc_mcu7t5v0__buf_3)
                                                         net85 (net)
                      0.335393    0.003928   27.042374 v _26018_/A1 (gf180mcu_fd_sc_mcu7t5v0__or2_1)
     2    0.010317    0.217253    0.496307   27.538681 v _26018_/Z (gf180mcu_fd_sc_mcu7t5v0__or2_1)
                                                         _05016_ (net)
                      0.217253    0.000146   27.538828 v wire58/I (gf180mcu_fd_sc_mcu7t5v0__dlyb_1)
     2    0.038817    0.508819    1.288196   28.827023 v wire58/Z (gf180mcu_fd_sc_mcu7t5v0__dlyb_1)
                                                         net58 (net)
                      0.508819    0.000538   28.827562 v _26020_/A2 (gf180mcu_fd_sc_mcu7t5v0__xnor2_1)
     2    0.009641    0.363882    0.465105   29.292667 v _26020_/ZN (gf180mcu_fd_sc_mcu7t5v0__xnor2_1)
                                                         _05018_ (net)
                      0.363882    0.000089   29.292755 v _26022_/A2 (gf180mcu_fd_sc_mcu7t5v0__or2_1)
     2    0.012545    0.236439    0.516609   29.809364 v _26022_/Z (gf180mcu_fd_sc_mcu7t5v0__or2_1)
                                                         _05020_ (net)
                      0.236439    0.000224   29.809589 v _26026_/A2 (gf180mcu_fd_sc_mcu7t5v0__nand2_1)
     2    0.009455    0.269861    0.227580   30.037169 ^ _26026_/ZN (gf180mcu_fd_sc_mcu7t5v0__nand2_1)
                                                         _05023_ (net)
                      0.269861    0.000135   30.037304 ^ _26029_/A1 (gf180mcu_fd_sc_mcu7t5v0__and2_1)
     3    0.018084    0.353652    0.435456   30.472759 ^ _26029_/Z (gf180mcu_fd_sc_mcu7t5v0__and2_1)
                                                         _05026_ (net)
                      0.353652    0.000348   30.473108 ^ _26035_/A2 (gf180mcu_fd_sc_mcu7t5v0__oai21_1)
     3    0.019972    0.414135    0.309509   30.782616 v _26035_/ZN (gf180mcu_fd_sc_mcu7t5v0__oai21_1)
                                                         _05031_ (net)
                      0.414135    0.000366   30.782982 v _26048_/A1 (gf180mcu_fd_sc_mcu7t5v0__oai211_1)
     3    0.012942    0.582193    0.438980   31.221962 ^ _26048_/ZN (gf180mcu_fd_sc_mcu7t5v0__oai211_1)
                                                         _05042_ (net)
                      0.582193    0.000114   31.222076 ^ _26060_/A2 (gf180mcu_fd_sc_mcu7t5v0__and3_1)
     2    0.012825    0.297801    0.513939   31.736015 ^ _26060_/Z (gf180mcu_fd_sc_mcu7t5v0__and3_1)
                                                         _05052_ (net)
                      0.297801    0.000227   31.736242 ^ _26064_/A1 (gf180mcu_fd_sc_mcu7t5v0__oai21_1)
     3    0.019714    0.405709    0.277119   32.013363 v _26064_/ZN (gf180mcu_fd_sc_mcu7t5v0__oai21_1)
                                                         _05056_ (net)
                      0.405709    0.000423   32.013786 v _26073_/A2 (gf180mcu_fd_sc_mcu7t5v0__aoi21_1)
     2    0.010699    0.562378    0.401641   32.415424 ^ _26073_/ZN (gf180mcu_fd_sc_mcu7t5v0__aoi21_1)
                                                         _05064_ (net)
                      0.562378    0.000203   32.415627 ^ _26080_/A2 (gf180mcu_fd_sc_mcu7t5v0__oai21_1)
     3    0.020107    0.447470    0.345469   32.761097 v _26080_/ZN (gf180mcu_fd_sc_mcu7t5v0__oai21_1)
                                                         _05070_ (net)
                      0.447470    0.000341   32.761440 v _26086_/A2 (gf180mcu_fd_sc_mcu7t5v0__and3_1)
     1    0.004739    0.146860    0.416566   33.178005 v _26086_/Z (gf180mcu_fd_sc_mcu7t5v0__and3_1)
                                                         _05075_ (net)
                      0.146860    0.000046   33.178051 v _26088_/A2 (gf180mcu_fd_sc_mcu7t5v0__oai31_1)
     1    0.004102    0.526433    0.370864   33.548916 ^ _26088_/ZN (gf180mcu_fd_sc_mcu7t5v0__oai31_1)
                                                         _00823_ (net)
                      0.526433    0.000078   33.548992 ^ _40448_/D (gf180mcu_fd_sc_mcu7t5v0__dffrnq_1)
                                             33.548992   data arrival time

                                100.000000  100.000000   clock core_clk (rise edge)
                                  0.000000  100.000000   clock source latency
     2    0.131007    0.000000    0.000000  100.000000 ^ clk (in)
                                                         clk (net)
                      0.053825    0.022020  100.022018 ^ clkbuf_0_clk/I (gf180mcu_fd_sc_mcu7t5v0__clkbuf_16)
     4    0.204819    0.251705    0.326956  100.348976 ^ clkbuf_0_clk/Z (gf180mcu_fd_sc_mcu7t5v0__clkbuf_16)
                                                         clknet_0_clk (net)
                      0.252092    0.010274  100.359245 ^ clkbuf_2_0_0_clk/I (gf180mcu_fd_sc_mcu7t5v0__clkbuf_8)
    16    0.424869    0.876626    0.719751  101.079002 ^ clkbuf_2_0_0_clk/Z (gf180mcu_fd_sc_mcu7t5v0__clkbuf_8)
                                                         clknet_2_0_0_clk (net)
                      0.879567    0.028052  101.107048 ^ clkbuf_6_1_0_clk/I (gf180mcu_fd_sc_mcu7t5v0__clkbuf_8)
     9    0.165883    0.378308    0.536289  101.643341 ^ clkbuf_6_1_0_clk/Z (gf180mcu_fd_sc_mcu7t5v0__clkbuf_8)
                                                         clknet_6_1_0_clk (net)
                      0.378315    0.002338  101.645676 ^ clkbuf_leaf_446_clk/I (gf180mcu_fd_sc_mcu7t5v0__clkbuf_8)
     7    0.039512    0.141596    0.314088  101.959763 ^ clkbuf_leaf_446_clk/Z (gf180mcu_fd_sc_mcu7t5v0__clkbuf_8)
                                                         clknet_leaf_446_clk (net)
                      0.141596    0.000171  101.959938 ^ _40448_/CLK (gf180mcu_fd_sc_mcu7t5v0__dffrnq_1)
                                  0.000000  101.959938   clock reconvergence pessimism
                                 -0.364784  101.595154   library setup time
                                            101.595154   data required time
---------------------------------------------------------------------------------------------
                                            101.595154   data required time
                                            -33.548992   data arrival time
---------------------------------------------------------------------------------------------
                                             68.046158   slack (MET)




===========================================================================
report_checks --slack_max -0.01
============================================================================
======================= nom_tt_025C_5v00 Corner ===================================

No paths found.


===========================================================================
 report_check_types -max_slew -max_cap -max_fanout -violators
============================================================================
======================= nom_tt_025C_5v00 Corner ===================================



===========================================================================
report_parasitic_annotation -report_unannotated
============================================================================
Found 426 unannotated drivers.
 clkload0/ZN
 clkload1/ZN
 clkload10/ZN
 clkload100/ZN
 clkload101/ZN
 clkload102/ZN
 clkload103/ZN
 clkload104/ZN
 clkload105/Z
 clkload106/ZN
 clkload107/ZN
 clkload108/ZN
 clkload109/Z
 clkload11/ZN
 clkload110/Z
 clkload111/ZN
 clkload112/ZN
 clkload113/ZN
 clkload114/Z
 clkload115/ZN
 clkload116/ZN
 clkload117/ZN
 clkload118/ZN
 clkload119/ZN
 clkload12/Z
 clkload120/ZN
 clkload121/ZN
 clkload122/ZN
 clkload123/ZN
 clkload124/ZN
 clkload125/ZN
 clkload126/ZN
 clkload127/ZN
 clkload128/ZN
 clkload129/ZN
 clkload13/ZN
 clkload130/ZN
 clkload131/ZN
 clkload132/ZN
 clkload133/ZN
 clkload134/ZN
 clkload135/ZN
 clkload136/ZN
 clkload137/ZN
 clkload138/ZN
 clkload139/ZN
 clkload14/ZN
 clkload140/ZN
 clkload141/ZN
 clkload142/ZN
 clkload143/ZN
 clkload144/ZN
 clkload145/ZN
 clkload146/ZN
 clkload147/ZN
 clkload148/ZN
 clkload149/ZN
 clkload15/ZN
 clkload150/ZN
 clkload151/Z
 clkload152/ZN
 clkload153/Z
 clkload154/Z
 clkload155/ZN
 clkload156/Z
 clkload157/ZN
 clkload158/ZN
 clkload159/ZN
 clkload16/ZN
 clkload160/ZN
 clkload161/ZN
 clkload162/ZN
 clkload163/ZN
 clkload164/ZN
 clkload165/ZN
 clkload166/ZN
 clkload167/ZN
 clkload168/ZN
 clkload169/ZN
 clkload17/ZN
 clkload170/ZN
 clkload171/ZN
 clkload172/ZN
 clkload173/ZN
 clkload174/ZN
 clkload175/ZN
 clkload176/ZN
 clkload177/ZN
 clkload178/ZN
 clkload179/ZN
 clkload18/ZN
 clkload180/ZN
 clkload181/ZN
 clkload182/ZN
 clkload183/ZN
 clkload184/ZN
 clkload185/ZN
 clkload186/Z
 clkload187/Z
 clkload188/ZN
 clkload189/ZN
 clkload19/ZN
 clkload190/ZN
 clkload191/Z
 clkload192/Z
 clkload193/ZN
 clkload194/ZN
 clkload195/Z
 clkload196/ZN
 clkload197/ZN
 clkload198/ZN
 clkload199/ZN
 clkload2/ZN
 clkload20/ZN
 clkload200/ZN
 clkload201/ZN
 clkload202/ZN
 clkload203/ZN
 clkload204/ZN
 clkload205/ZN
 clkload206/ZN
 clkload207/ZN
 clkload208/ZN
 clkload209/ZN
 clkload21/ZN
 clkload210/ZN
 clkload211/ZN
 clkload212/ZN
 clkload213/ZN
 clkload214/ZN
 clkload215/ZN
 clkload216/ZN
 clkload217/ZN
 clkload218/ZN
 clkload219/ZN
 clkload22/ZN
 clkload220/ZN
 clkload221/ZN
 clkload222/Z
 clkload223/ZN
 clkload224/ZN
 clkload225/ZN
 clkload226/Z
 clkload227/Z
 clkload228/ZN
 clkload229/ZN
 clkload23/ZN
 clkload230/ZN
 clkload231/ZN
 clkload232/ZN
 clkload233/ZN
 clkload234/ZN
 clkload235/ZN
 clkload236/ZN
 clkload237/ZN
 clkload238/ZN
 clkload239/ZN
 clkload24/ZN
 clkload240/ZN
 clkload241/ZN
 clkload242/ZN
 clkload243/Z
 clkload244/Z
 clkload245/Z
 clkload246/ZN
 clkload247/ZN
 clkload248/ZN
 clkload249/ZN
 clkload25/ZN
 clkload250/ZN
 clkload251/ZN
 clkload252/ZN
 clkload253/ZN
 clkload254/ZN
 clkload255/ZN
 clkload256/ZN
 clkload257/ZN
 clkload258/ZN
 clkload259/ZN
 clkload26/ZN
 clkload260/ZN
 clkload261/Z
 clkload262/ZN
 clkload263/ZN
 clkload264/ZN
 clkload265/Z
 clkload266/ZN
 clkload267/ZN
 clkload268/ZN
 clkload269/ZN
 clkload27/ZN
 clkload270/ZN
 clkload271/ZN
 clkload272/ZN
 clkload273/ZN
 clkload274/ZN
 clkload275/ZN
 clkload276/ZN
 clkload277/ZN
 clkload278/ZN
 clkload279/ZN
 clkload28/ZN
 clkload280/ZN
 clkload281/ZN
 clkload282/ZN
 clkload283/Z
 clkload284/ZN
 clkload285/Z
 clkload286/ZN
 clkload287/ZN
 clkload288/ZN
 clkload289/ZN
 clkload29/ZN
 clkload290/ZN
 clkload291/Z
 clkload292/Z
 clkload293/ZN
 clkload294/ZN
 clkload295/ZN
 clkload296/ZN
 clkload297/ZN
 clkload298/ZN
 clkload299/ZN
 clkload3/ZN
 clkload30/ZN
 clkload300/ZN
 clkload301/ZN
 clkload302/ZN
 clkload303/ZN
 clkload304/ZN
 clkload305/ZN
 clkload306/Z
 clkload307/ZN
 clkload308/ZN
 clkload309/ZN
 clkload31/ZN
 clkload310/ZN
 clkload311/ZN
 clkload312/ZN
 clkload313/ZN
 clkload314/ZN
 clkload315/ZN
 clkload316/ZN
 clkload317/ZN
 clkload318/ZN
 clkload319/ZN
 clkload32/ZN
 clkload320/ZN
 clkload321/ZN
 clkload322/ZN
 clkload323/ZN
 clkload324/ZN
 clkload325/Z
 clkload326/ZN
 clkload327/Z
 clkload328/ZN
 clkload329/ZN
 clkload33/ZN
 clkload330/ZN
 clkload331/ZN
 clkload332/ZN
 clkload333/ZN
 clkload334/ZN
 clkload335/ZN
 clkload336/ZN
 clkload337/ZN
 clkload338/ZN
 clkload339/ZN
 clkload34/ZN
 clkload340/Z
 clkload341/ZN
 clkload342/ZN
 clkload343/ZN
 clkload344/ZN
 clkload345/ZN
 clkload346/ZN
 clkload347/ZN
 clkload348/ZN
 clkload349/ZN
 clkload35/ZN
 clkload350/Z
 clkload351/ZN
 clkload352/ZN
 clkload353/ZN
 clkload354/ZN
 clkload355/ZN
 clkload356/ZN
 clkload357/ZN
 clkload358/ZN
 clkload359/ZN
 clkload36/ZN
 clkload360/ZN
 clkload361/ZN
 clkload362/ZN
 clkload363/ZN
 clkload364/Z
 clkload365/ZN
 clkload366/ZN
 clkload367/Z
 clkload368/ZN
 clkload369/Z
 clkload37/ZN
 clkload370/Z
 clkload371/ZN
 clkload372/ZN
 clkload373/ZN
 clkload374/ZN
 clkload375/ZN
 clkload376/ZN
 clkload377/ZN
 clkload378/Z
 clkload379/ZN
 clkload38/ZN
 clkload380/ZN
 clkload381/ZN
 clkload382/ZN
 clkload383/ZN
 clkload384/ZN
 clkload385/ZN
 clkload386/ZN
 clkload387/ZN
 clkload388/ZN
 clkload389/ZN
 clkload39/ZN
 clkload390/ZN
 clkload391/ZN
 clkload392/ZN
 clkload393/ZN
 clkload394/ZN
 clkload395/ZN
 clkload396/ZN
 clkload397/ZN
 clkload398/ZN
 clkload399/ZN
 clkload4/ZN
 clkload40/ZN
 clkload400/ZN
 clkload401/ZN
 clkload402/Z
 clkload403/ZN
 clkload404/ZN
 clkload405/ZN
 clkload406/ZN
 clkload407/ZN
 clkload408/ZN
 clkload409/ZN
 clkload41/ZN
 clkload410/ZN
 clkload411/ZN
 clkload412/ZN
 clkload413/ZN
 clkload414/Z
 clkload415/Z
 clkload416/ZN
 clkload417/ZN
 clkload418/Z
 clkload419/ZN
 clkload42/ZN
 clkload420/ZN
 clkload421/ZN
 clkload422/ZN
 clkload423/ZN
 clkload424/ZN
 clkload425/ZN
 clkload43/ZN
 clkload44/ZN
 clkload45/ZN
 clkload46/Z
 clkload47/ZN
 clkload48/ZN
 clkload49/ZN
 clkload5/ZN
 clkload50/Z
 clkload51/ZN
 clkload52/Z
 clkload53/ZN
 clkload54/ZN
 clkload55/ZN
 clkload56/Z
 clkload57/ZN
 clkload58/ZN
 clkload59/Z
 clkload6/ZN
 clkload60/ZN
 clkload61/Z
 clkload62/ZN
 clkload63/ZN
 clkload64/ZN
 clkload65/ZN
 clkload66/ZN
 clkload67/ZN
 clkload68/ZN
 clkload69/ZN
 clkload7/ZN
 clkload70/ZN
 clkload71/Z
 clkload72/Z
 clkload73/ZN
 clkload74/ZN
 clkload75/ZN
 clkload76/ZN
 clkload77/ZN
 clkload78/ZN
 clkload79/ZN
 clkload8/ZN
 clkload80/ZN
 clkload81/ZN
 clkload82/ZN
 clkload83/Z
 clkload84/Z
 clkload85/ZN
 clkload86/ZN
 clkload87/ZN
 clkload88/ZN
 clkload89/ZN
 clkload9/ZN
 clkload90/ZN
 clkload91/ZN
 clkload92/ZN
 clkload93/ZN
 clkload94/ZN
 clkload95/ZN
 clkload96/ZN
 clkload97/ZN
 clkload98/ZN
 clkload99/ZN
Found 0 partially unannotated drivers.

===========================================================================
max slew violation count 0
max fanout violation count 0
max cap violation count 0
============================================================================

===========================================================================
check_setup -verbose -unconstrained_endpoints -multiple_clock -no_clock -no_input_delay -loops -generated_clocks
===========================================================================
