Clock: core_clk
Sources: clk 
Generated: no
Virtual: yes
Propagated: no
Period: 100.000000

===========================================================================
report_clock_properties
============================================================================
Clock                   Period          Waveform
----------------------------------------------------
core_clk            100.000000    0.000000 50.000000

===========================================================================
report_clock_latency
============================================================================
Clock core_clk
rise -> rise
    min     max
0.000000 0.000000 source latency
1.564069         network latency _41146_/CLK
        2.019110 network latency _40891_/CLK
---------------
1.564069 2.019110 latency
        0.455041 skew

fall -> fall
    min     max
0.000000 0.000000 source latency
1.732271         network latency _41146_/CLK
        2.242754 network latency _40891_/CLK
---------------
1.732271 2.242754 latency
        0.510482 skew



===========================================================================
report_clock_min_period
============================================================================
core_clk period_min = 31.95 fmax = 31.30
