
===========================================================================
report_checks -unconstrained
===========================================================================
======================= min_ss_125C_4v50 Corner ===================================

Startpoint: _40351_ (rising edge-triggered flip-flop clocked by core_clk)
Endpoint: _40448_ (rising edge-triggered flip-flop clocked by core_clk)
Path Group: core_clk
Path Type: max

Fanout         Cap        Slew       Delay        Time   Description
---------------------------------------------------------------------------------------------
                                  0.000000    0.000000   clock core_clk (rise edge)
                                  0.000000    0.000000   clock source latency
     2    0.123885    0.000000    0.000000    0.000000 ^ clk (in)
                                                         clk (net)
                      0.043592    0.017831    0.017831 ^ clkbuf_0_clk/I (gf180mcu_fd_sc_mcu7t5v0__clkbuf_16)
     4    0.190422    0.419909    0.561819    0.579649 ^ clkbuf_0_clk/Z (gf180mcu_fd_sc_mcu7t5v0__clkbuf_16)
                                                         clknet_0_clk (net)
                      0.419988    0.008570    0.588220 ^ clkbuf_2_0_0_clk/I (gf180mcu_fd_sc_mcu7t5v0__clkbuf_8)
    16    0.398418    1.411754    1.213101    1.801321 ^ clkbuf_2_0_0_clk/Z (gf180mcu_fd_sc_mcu7t5v0__clkbuf_8)
                                                         clknet_2_0_0_clk (net)
                      1.412695    0.020024    1.821345 ^ clkbuf_6_3_0_clk/I (gf180mcu_fd_sc_mcu7t5v0__clkbuf_8)
     9    0.151036    0.605441    0.910977    2.732322 ^ clkbuf_6_3_0_clk/Z (gf180mcu_fd_sc_mcu7t5v0__clkbuf_8)
                                                         clknet_6_3_0_clk (net)
                      0.605442    0.001022    2.733345 ^ clkbuf_leaf_444_clk/I (gf180mcu_fd_sc_mcu7t5v0__clkbuf_8)
     9    0.055242    0.294062    0.591927    3.325271 ^ clkbuf_leaf_444_clk/Z (gf180mcu_fd_sc_mcu7t5v0__clkbuf_8)
                                                         clknet_leaf_444_clk (net)
                      0.294062    0.000625    3.325896 ^ _40351_/CLK (gf180mcu_fd_sc_mcu7t5v0__dffrnq_1)
    20    0.129273    3.610649    3.680938    7.006834 ^ _40351_/Q (gf180mcu_fd_sc_mcu7t5v0__dffrnq_1)
                                                         g_lane[1].u_lane.vector_index[2] (net)
                      3.610662    0.003943    7.010776 ^ _19816_/I (gf180mcu_fd_sc_mcu7t5v0__clkinv_1)
     9    0.072997    2.458545    2.049294    9.060070 v _19816_/ZN (gf180mcu_fd_sc_mcu7t5v0__clkinv_1)
                                                         _16282_ (net)
                      2.458545    0.000460    9.060531 v _25363_/A2 (gf180mcu_fd_sc_mcu7t5v0__nor4_1)
     6    0.045320    5.439953    3.525690   12.586221 ^ _25363_/ZN (gf180mcu_fd_sc_mcu7t5v0__nor4_1)
                                                         _04375_ (net)
                      5.439953    0.000515   12.586736 ^ _25392_/A2 (gf180mcu_fd_sc_mcu7t5v0__oai32_1)
     4    0.030690    1.824793    0.921115   13.507851 v _25392_/ZN (gf180mcu_fd_sc_mcu7t5v0__oai32_1)
                                                         _04404_ (net)
                      1.824793    0.000933   13.508783 v _25444_/A2 (gf180mcu_fd_sc_mcu7t5v0__or4_1)
     3    0.022201    0.848541    2.243130   15.751914 v _25444_/Z (gf180mcu_fd_sc_mcu7t5v0__or4_1)
                                                         _04455_ (net)
                      0.848541    0.000396   15.752310 v _25476_/B (gf180mcu_fd_sc_mcu7t5v0__aoi211_1)
     2    0.015649    1.910842    1.340162   17.092472 ^ _25476_/ZN (gf180mcu_fd_sc_mcu7t5v0__aoi211_1)
                                                         _04487_ (net)
                      1.910842    0.000227   17.092699 ^ _25579_/A2 (gf180mcu_fd_sc_mcu7t5v0__oai31_1)
     1    0.020569    1.071889    0.765050   17.857750 v _25579_/ZN (gf180mcu_fd_sc_mcu7t5v0__oai31_1)
                                                         _04588_ (net)
                      1.071889    0.000890   17.858639 v wire501/I (gf180mcu_fd_sc_mcu7t5v0__dlyb_1)
     3    0.023168    0.672436    2.478243   20.336884 v wire501/Z (gf180mcu_fd_sc_mcu7t5v0__dlyb_1)
                                                         net501 (net)
                      0.672436    0.000664   20.337547 v _25631_/A4 (gf180mcu_fd_sc_mcu7t5v0__or4_1)
     4    0.022158    0.846098    2.036659   22.374207 v _25631_/Z (gf180mcu_fd_sc_mcu7t5v0__or4_1)
                                                         _04639_ (net)
                      0.846098    0.000156   22.374363 v _25632_/A2 (gf180mcu_fd_sc_mcu7t5v0__nand2_1)
     1    0.008144    0.509833    0.508207   22.882570 ^ _25632_/ZN (gf180mcu_fd_sc_mcu7t5v0__nand2_1)
                                                         _04640_ (net)
                      0.509833    0.000080   22.882648 ^ _25633_/A2 (gf180mcu_fd_sc_mcu7t5v0__xnor2_1)
    12    0.085260    5.309178    2.134955   25.017605 ^ _25633_/ZN (gf180mcu_fd_sc_mcu7t5v0__xnor2_1)
                                                         _04641_ (net)
                      5.309178    0.003315   25.020920 ^ _25635_/A2 (gf180mcu_fd_sc_mcu7t5v0__nand2_1)
     3    0.017555    1.353251    0.466310   25.487228 v _25635_/ZN (gf180mcu_fd_sc_mcu7t5v0__nand2_1)
                                                         _04643_ (net)
                      1.353251    0.000234   25.487463 v _25641_/A2 (gf180mcu_fd_sc_mcu7t5v0__xor3_1)
     2    0.014561    0.680123    2.522491   28.009954 v _25641_/Z (gf180mcu_fd_sc_mcu7t5v0__xor3_1)
                                                         _04649_ (net)
                      0.680123    0.000279   28.010233 v _25643_/A2 (gf180mcu_fd_sc_mcu7t5v0__xnor2_1)
     5    0.032159    1.113360    1.148880   29.159113 v _25643_/ZN (gf180mcu_fd_sc_mcu7t5v0__xnor2_1)
                                                         _04651_ (net)
                      1.113360    0.000394   29.159508 v _25697_/A2 (gf180mcu_fd_sc_mcu7t5v0__and3_1)
     4    0.020119    0.490534    1.078169   30.237677 v _25697_/Z (gf180mcu_fd_sc_mcu7t5v0__and3_1)
                                                         _04704_ (net)
                      0.490534    0.000288   30.237965 v _25740_/A2 (gf180mcu_fd_sc_mcu7t5v0__or3_1)
     1    0.005546    0.434686    1.224116   31.462080 v _25740_/Z (gf180mcu_fd_sc_mcu7t5v0__or3_1)
                                                         _04746_ (net)
                      0.434686    0.000053   31.462133 v _25763_/A2 (gf180mcu_fd_sc_mcu7t5v0__xor3_1)
     3    0.024408    0.919484    2.292474   33.754608 v _25763_/Z (gf180mcu_fd_sc_mcu7t5v0__xor3_1)
                                                         _04769_ (net)
                      0.919484    0.000192   33.754799 v _25793_/A2 (gf180mcu_fd_sc_mcu7t5v0__aoi21_1)
     4    0.027823    1.866783    1.300844   35.055641 ^ _25793_/ZN (gf180mcu_fd_sc_mcu7t5v0__aoi21_1)
                                                         _04798_ (net)
                      1.866783    0.000458   35.056103 ^ _25816_/A1 (gf180mcu_fd_sc_mcu7t5v0__xor3_1)
     1    0.006976    0.793929    1.821618   36.877720 ^ _25816_/Z (gf180mcu_fd_sc_mcu7t5v0__xor3_1)
                                                         _04821_ (net)
                      0.793929    0.000139   36.877857 ^ _25832_/B1 (gf180mcu_fd_sc_mcu7t5v0__oai32_1)
     2    0.017015    0.822406    0.589065   37.466923 v _25832_/ZN (gf180mcu_fd_sc_mcu7t5v0__oai32_1)
                                                         _04836_ (net)
                      0.822406    0.000522   37.467445 v _25861_/A1 (gf180mcu_fd_sc_mcu7t5v0__xor3_1)
     1    0.004755    0.601802    2.157144   39.624588 v _25861_/Z (gf180mcu_fd_sc_mcu7t5v0__xor3_1)
                                                         _04865_ (net)
                      0.601802    0.000046   39.624634 v _25878_/A3 (gf180mcu_fd_sc_mcu7t5v0__oai32_1)
     2    0.011685    2.072804    1.359517   40.984154 ^ _25878_/ZN (gf180mcu_fd_sc_mcu7t5v0__oai32_1)
                                                         _04881_ (net)
                      2.072804    0.000259   40.984413 ^ _25904_/A2 (gf180mcu_fd_sc_mcu7t5v0__xor3_1)
     3    0.019243    1.446383    2.082054   43.066467 ^ _25904_/Z (gf180mcu_fd_sc_mcu7t5v0__xor3_1)
                                                         _04907_ (net)
                      1.446383    0.000274   43.066738 ^ _25906_/A2 (gf180mcu_fd_sc_mcu7t5v0__xnor2_1)
     1    0.007973    0.847974    0.902986   43.969727 ^ _25906_/ZN (gf180mcu_fd_sc_mcu7t5v0__xnor2_1)
                                                         _04909_ (net)
                      0.847974    0.000075   43.969799 ^ _25908_/A2 (gf180mcu_fd_sc_mcu7t5v0__xor2_1)
     2    0.019988    1.420231    1.146642   45.116440 ^ _25908_/Z (gf180mcu_fd_sc_mcu7t5v0__xor2_1)
                                                         _04911_ (net)
                      1.420231    0.000451   45.116894 ^ _25947_/A2 (gf180mcu_fd_sc_mcu7t5v0__oai21_1)
     2    0.013408    0.763309    0.554348   45.671242 v _25947_/ZN (gf180mcu_fd_sc_mcu7t5v0__oai21_1)
                                                         _04949_ (net)
                      0.763309    0.000114   45.671352 v _25973_/B (gf180mcu_fd_sc_mcu7t5v0__aoi21_1)
     3    0.018229    1.385541    0.995531   46.666885 ^ _25973_/ZN (gf180mcu_fd_sc_mcu7t5v0__aoi21_1)
                                                         _04974_ (net)
                      1.385541    0.000284   46.667168 ^ _25974_/A2 (gf180mcu_fd_sc_mcu7t5v0__and2_1)
     1    0.006352    0.337512    0.641865   47.309036 ^ _25974_/Z (gf180mcu_fd_sc_mcu7t5v0__and2_1)
                                                         _04975_ (net)
                      0.337512    0.000082   47.309116 ^ _26015_/A1 (gf180mcu_fd_sc_mcu7t5v0__nand4_1)
     2    0.011469    0.975094    0.515055   47.824169 v _26015_/ZN (gf180mcu_fd_sc_mcu7t5v0__nand4_1)
                                                         _05013_ (net)
                      0.975094    0.000171   47.824341 v _26016_/A2 (gf180mcu_fd_sc_mcu7t5v0__and2_1)
     3    0.018978    0.452065    0.894129   48.718472 v _26016_/Z (gf180mcu_fd_sc_mcu7t5v0__and2_1)
                                                         _05014_ (net)
                      0.452065    0.000309   48.718781 v load_slew85/I (gf180mcu_fd_sc_mcu7t5v0__buf_3)
    12    0.090284    0.566694    0.827527   49.546307 v load_slew85/Z (gf180mcu_fd_sc_mcu7t5v0__buf_3)
                                                         net85 (net)
                      0.566770    0.003656   49.549961 v _26018_/A1 (gf180mcu_fd_sc_mcu7t5v0__or2_1)
     2    0.010072    0.385033    0.913751   50.463715 v _26018_/Z (gf180mcu_fd_sc_mcu7t5v0__or2_1)
                                                         _05016_ (net)
                      0.385033    0.000135   50.463848 v wire58/I (gf180mcu_fd_sc_mcu7t5v0__dlyb_1)
     2    0.035869    0.856897    2.393854   52.857700 v wire58/Z (gf180mcu_fd_sc_mcu7t5v0__dlyb_1)
                                                         net58 (net)
                      0.856897    0.000490   52.858192 v _26020_/A2 (gf180mcu_fd_sc_mcu7t5v0__xnor2_1)
     2    0.009425    0.618694    0.844050   53.702244 v _26020_/ZN (gf180mcu_fd_sc_mcu7t5v0__xnor2_1)
                                                         _05018_ (net)
                      0.618694    0.000082   53.702324 v _26022_/A2 (gf180mcu_fd_sc_mcu7t5v0__or2_1)
     2    0.012268    0.417417    0.956050   54.658375 v _26022_/Z (gf180mcu_fd_sc_mcu7t5v0__or2_1)
                                                         _05020_ (net)
                      0.417417    0.000210   54.658585 v _26026_/A2 (gf180mcu_fd_sc_mcu7t5v0__nand2_1)
     2    0.009370    0.461278    0.401180   55.059761 ^ _26026_/ZN (gf180mcu_fd_sc_mcu7t5v0__nand2_1)
                                                         _05023_ (net)
                      0.461278    0.000128   55.059891 ^ _26029_/A1 (gf180mcu_fd_sc_mcu7t5v0__and2_1)
     3    0.017731    0.607296    0.791456   55.851345 ^ _26029_/Z (gf180mcu_fd_sc_mcu7t5v0__and2_1)
                                                         _05026_ (net)
                      0.607296    0.000330   55.851677 ^ _26035_/A2 (gf180mcu_fd_sc_mcu7t5v0__oai21_1)
     3    0.019475    0.734767    0.551587   56.403263 v _26035_/ZN (gf180mcu_fd_sc_mcu7t5v0__oai21_1)
                                                         _05031_ (net)
                      0.734767    0.000345   56.403610 v _26048_/A1 (gf180mcu_fd_sc_mcu7t5v0__oai211_1)
     3    0.012716    1.048978    0.801681   57.205288 ^ _26048_/ZN (gf180mcu_fd_sc_mcu7t5v0__oai211_1)
                                                         _05042_ (net)
                      1.048978    0.000107   57.205395 ^ _26060_/A2 (gf180mcu_fd_sc_mcu7t5v0__and3_1)
     2    0.012350    0.522417    0.971493   58.176888 ^ _26060_/Z (gf180mcu_fd_sc_mcu7t5v0__and3_1)
                                                         _05052_ (net)
                      0.522417    0.000213   58.177101 ^ _26064_/A1 (gf180mcu_fd_sc_mcu7t5v0__oai21_1)
     3    0.019266    0.722195    0.494524   58.671627 v _26064_/ZN (gf180mcu_fd_sc_mcu7t5v0__oai21_1)
                                                         _05056_ (net)
                      0.722195    0.000391   58.672016 v _26073_/A2 (gf180mcu_fd_sc_mcu7t5v0__aoi21_1)
     2    0.010580    1.024110    0.731092   59.403107 ^ _26073_/ZN (gf180mcu_fd_sc_mcu7t5v0__aoi21_1)
                                                         _05064_ (net)
                      1.024110    0.000195   59.403305 ^ _26080_/A2 (gf180mcu_fd_sc_mcu7t5v0__oai21_1)
     3    0.019306    0.785438    0.625501   60.028805 v _26080_/ZN (gf180mcu_fd_sc_mcu7t5v0__oai21_1)
                                                         _05070_ (net)
                      0.785438    0.000306   60.029110 v _26086_/A2 (gf180mcu_fd_sc_mcu7t5v0__and3_1)
     1    0.004784    0.259119    0.763535   60.792645 v _26086_/Z (gf180mcu_fd_sc_mcu7t5v0__and3_1)
                                                         _05075_ (net)
                      0.259119    0.000050   60.792694 v _26088_/A2 (gf180mcu_fd_sc_mcu7t5v0__oai31_1)
     1    0.003972    0.991088    0.711708   61.504402 ^ _26088_/ZN (gf180mcu_fd_sc_mcu7t5v0__oai31_1)
                                                         _00823_ (net)
                      0.991088    0.000071   61.504475 ^ _40448_/D (gf180mcu_fd_sc_mcu7t5v0__dffrnq_1)
                                             61.504475   data arrival time

                                100.000000  100.000000   clock core_clk (rise edge)
                                  0.000000  100.000000   clock source latency
     2    0.123885    0.000000    0.000000  100.000000 ^ clk (in)
                                                         clk (net)
                      0.043592    0.017828  100.017822 ^ clkbuf_0_clk/I (gf180mcu_fd_sc_mcu7t5v0__clkbuf_16)
     4    0.190422    0.419909    0.561819  100.579643 ^ clkbuf_0_clk/Z (gf180mcu_fd_sc_mcu7t5v0__clkbuf_16)
                                                         clknet_0_clk (net)
                      0.419988    0.008576  100.588219 ^ clkbuf_2_0_0_clk/I (gf180mcu_fd_sc_mcu7t5v0__clkbuf_8)
    16    0.398418    1.411754    1.213095  101.801315 ^ clkbuf_2_0_0_clk/Z (gf180mcu_fd_sc_mcu7t5v0__clkbuf_8)
                                                         clknet_2_0_0_clk (net)
                      1.413021    0.023377  101.824692 ^ clkbuf_6_1_0_clk/I (gf180mcu_fd_sc_mcu7t5v0__clkbuf_8)
     9    0.161633    0.638797    0.931195  102.755890 ^ clkbuf_6_1_0_clk/Z (gf180mcu_fd_sc_mcu7t5v0__clkbuf_8)
                                                         clknet_6_1_0_clk (net)
                      0.638800    0.002188  102.758072 ^ clkbuf_leaf_446_clk/I (gf180mcu_fd_sc_mcu7t5v0__clkbuf_8)
     7    0.038940    0.247287    0.559169  103.317245 ^ clkbuf_leaf_446_clk/Z (gf180mcu_fd_sc_mcu7t5v0__clkbuf_8)
                                                         clknet_leaf_446_clk (net)
                      0.247287    0.000163  103.317406 ^ _40448_/CLK (gf180mcu_fd_sc_mcu7t5v0__dffrnq_1)
                                  0.000000  103.317406   clock reconvergence pessimism
                                 -0.713037  102.604370   library setup time
                                            102.604370   data required time
---------------------------------------------------------------------------------------------
                                            102.604370   data required time
                                            -61.504475   data arrival time
---------------------------------------------------------------------------------------------
                                             41.099895   slack (MET)




===========================================================================
report_checks --slack_max -0.01
============================================================================
======================= min_ss_125C_4v50 Corner ===================================

No paths found.


===========================================================================
 report_check_types -max_slew -max_cap -max_fanout -violators
============================================================================
======================= min_ss_125C_4v50 Corner ===================================



===========================================================================
report_parasitic_annotation -report_unannotated
============================================================================
Found 426 unannotated drivers.
 clkload0/ZN
 clkload1/ZN
 clkload10/ZN
 clkload100/ZN
 clkload101/ZN
 clkload102/ZN
 clkload103/ZN
 clkload104/ZN
 clkload105/Z
 clkload106/ZN
 clkload107/ZN
 clkload108/ZN
 clkload109/Z
 clkload11/ZN
 clkload110/Z
 clkload111/ZN
 clkload112/ZN
 clkload113/ZN
 clkload114/Z
 clkload115/ZN
 clkload116/ZN
 clkload117/ZN
 clkload118/ZN
 clkload119/ZN
 clkload12/Z
 clkload120/ZN
 clkload121/ZN
 clkload122/ZN
 clkload123/ZN
 clkload124/ZN
 clkload125/ZN
 clkload126/ZN
 clkload127/ZN
 clkload128/ZN
 clkload129/ZN
 clkload13/ZN
 clkload130/ZN
 clkload131/ZN
 clkload132/ZN
 clkload133/ZN
 clkload134/ZN
 clkload135/ZN
 clkload136/ZN
 clkload137/ZN
 clkload138/ZN
 clkload139/ZN
 clkload14/ZN
 clkload140/ZN
 clkload141/ZN
 clkload142/ZN
 clkload143/ZN
 clkload144/ZN
 clkload145/ZN
 clkload146/ZN
 clkload147/ZN
 clkload148/ZN
 clkload149/ZN
 clkload15/ZN
 clkload150/ZN
 clkload151/Z
 clkload152/ZN
 clkload153/Z
 clkload154/Z
 clkload155/ZN
 clkload156/Z
 clkload157/ZN
 clkload158/ZN
 clkload159/ZN
 clkload16/ZN
 clkload160/ZN
 clkload161/ZN
 clkload162/ZN
 clkload163/ZN
 clkload164/ZN
 clkload165/ZN
 clkload166/ZN
 clkload167/ZN
 clkload168/ZN
 clkload169/ZN
 clkload17/ZN
 clkload170/ZN
 clkload171/ZN
 clkload172/ZN
 clkload173/ZN
 clkload174/ZN
 clkload175/ZN
 clkload176/ZN
 clkload177/ZN
 clkload178/ZN
 clkload179/ZN
 clkload18/ZN
 clkload180/ZN
 clkload181/ZN
 clkload182/ZN
 clkload183/ZN
 clkload184/ZN
 clkload185/ZN
 clkload186/Z
 clkload187/Z
 clkload188/ZN
 clkload189/ZN
 clkload19/ZN
 clkload190/ZN
 clkload191/Z
 clkload192/Z
 clkload193/ZN
 clkload194/ZN
 clkload195/Z
 clkload196/ZN
 clkload197/ZN
 clkload198/ZN
 clkload199/ZN
 clkload2/ZN
 clkload20/ZN
 clkload200/ZN
 clkload201/ZN
 clkload202/ZN
 clkload203/ZN
 clkload204/ZN
 clkload205/ZN
 clkload206/ZN
 clkload207/ZN
 clkload208/ZN
 clkload209/ZN
 clkload21/ZN
 clkload210/ZN
 clkload211/ZN
 clkload212/ZN
 clkload213/ZN
 clkload214/ZN
 clkload215/ZN
 clkload216/ZN
 clkload217/ZN
 clkload218/ZN
 clkload219/ZN
 clkload22/ZN
 clkload220/ZN
 clkload221/ZN
 clkload222/Z
 clkload223/ZN
 clkload224/ZN
 clkload225/ZN
 clkload226/Z
 clkload227/Z
 clkload228/ZN
 clkload229/ZN
 clkload23/ZN
 clkload230/ZN
 clkload231/ZN
 clkload232/ZN
 clkload233/ZN
 clkload234/ZN
 clkload235/ZN
 clkload236/ZN
 clkload237/ZN
 clkload238/ZN
 clkload239/ZN
 clkload24/ZN
 clkload240/ZN
 clkload241/ZN
 clkload242/ZN
 clkload243/Z
 clkload244/Z
 clkload245/Z
 clkload246/ZN
 clkload247/ZN
 clkload248/ZN
 clkload249/ZN
 clkload25/ZN
 clkload250/ZN
 clkload251/ZN
 clkload252/ZN
 clkload253/ZN
 clkload254/ZN
 clkload255/ZN
 clkload256/ZN
 clkload257/ZN
 clkload258/ZN
 clkload259/ZN
 clkload26/ZN
 clkload260/ZN
 clkload261/Z
 clkload262/ZN
 clkload263/ZN
 clkload264/ZN
 clkload265/Z
 clkload266/ZN
 clkload267/ZN
 clkload268/ZN
 clkload269/ZN
 clkload27/ZN
 clkload270/ZN
 clkload271/ZN
 clkload272/ZN
 clkload273/ZN
 clkload274/ZN
 clkload275/ZN
 clkload276/ZN
 clkload277/ZN
 clkload278/ZN
 clkload279/ZN
 clkload28/ZN
 clkload280/ZN
 clkload281/ZN
 clkload282/ZN
 clkload283/Z
 clkload284/ZN
 clkload285/Z
 clkload286/ZN
 clkload287/ZN
 clkload288/ZN
 clkload289/ZN
 clkload29/ZN
 clkload290/ZN
 clkload291/Z
 clkload292/Z
 clkload293/ZN
 clkload294/ZN
 clkload295/ZN
 clkload296/ZN
 clkload297/ZN
 clkload298/ZN
 clkload299/ZN
 clkload3/ZN
 clkload30/ZN
 clkload300/ZN
 clkload301/ZN
 clkload302/ZN
 clkload303/ZN
 clkload304/ZN
 clkload305/ZN
 clkload306/Z
 clkload307/ZN
 clkload308/ZN
 clkload309/ZN
 clkload31/ZN
 clkload310/ZN
 clkload311/ZN
 clkload312/ZN
 clkload313/ZN
 clkload314/ZN
 clkload315/ZN
 clkload316/ZN
 clkload317/ZN
 clkload318/ZN
 clkload319/ZN
 clkload32/ZN
 clkload320/ZN
 clkload321/ZN
 clkload322/ZN
 clkload323/ZN
 clkload324/ZN
 clkload325/Z
 clkload326/ZN
 clkload327/Z
 clkload328/ZN
 clkload329/ZN
 clkload33/ZN
 clkload330/ZN
 clkload331/ZN
 clkload332/ZN
 clkload333/ZN
 clkload334/ZN
 clkload335/ZN
 clkload336/ZN
 clkload337/ZN
 clkload338/ZN
 clkload339/ZN
 clkload34/ZN
 clkload340/Z
 clkload341/ZN
 clkload342/ZN
 clkload343/ZN
 clkload344/ZN
 clkload345/ZN
 clkload346/ZN
 clkload347/ZN
 clkload348/ZN
 clkload349/ZN
 clkload35/ZN
 clkload350/Z
 clkload351/ZN
 clkload352/ZN
 clkload353/ZN
 clkload354/ZN
 clkload355/ZN
 clkload356/ZN
 clkload357/ZN
 clkload358/ZN
 clkload359/ZN
 clkload36/ZN
 clkload360/ZN
 clkload361/ZN
 clkload362/ZN
 clkload363/ZN
 clkload364/Z
 clkload365/ZN
 clkload366/ZN
 clkload367/Z
 clkload368/ZN
 clkload369/Z
 clkload37/ZN
 clkload370/Z
 clkload371/ZN
 clkload372/ZN
 clkload373/ZN
 clkload374/ZN
 clkload375/ZN
 clkload376/ZN
 clkload377/ZN
 clkload378/Z
 clkload379/ZN
 clkload38/ZN
 clkload380/ZN
 clkload381/ZN
 clkload382/ZN
 clkload383/ZN
 clkload384/ZN
 clkload385/ZN
 clkload386/ZN
 clkload387/ZN
 clkload388/ZN
 clkload389/ZN
 clkload39/ZN
 clkload390/ZN
 clkload391/ZN
 clkload392/ZN
 clkload393/ZN
 clkload394/ZN
 clkload395/ZN
 clkload396/ZN
 clkload397/ZN
 clkload398/ZN
 clkload399/ZN
 clkload4/ZN
 clkload40/ZN
 clkload400/ZN
 clkload401/ZN
 clkload402/Z
 clkload403/ZN
 clkload404/ZN
 clkload405/ZN
 clkload406/ZN
 clkload407/ZN
 clkload408/ZN
 clkload409/ZN
 clkload41/ZN
 clkload410/ZN
 clkload411/ZN
 clkload412/ZN
 clkload413/ZN
 clkload414/Z
 clkload415/Z
 clkload416/ZN
 clkload417/ZN
 clkload418/Z
 clkload419/ZN
 clkload42/ZN
 clkload420/ZN
 clkload421/ZN
 clkload422/ZN
 clkload423/ZN
 clkload424/ZN
 clkload425/ZN
 clkload43/ZN
 clkload44/ZN
 clkload45/ZN
 clkload46/Z
 clkload47/ZN
 clkload48/ZN
 clkload49/ZN
 clkload5/ZN
 clkload50/Z
 clkload51/ZN
 clkload52/Z
 clkload53/ZN
 clkload54/ZN
 clkload55/ZN
 clkload56/Z
 clkload57/ZN
 clkload58/ZN
 clkload59/Z
 clkload6/ZN
 clkload60/ZN
 clkload61/Z
 clkload62/ZN
 clkload63/ZN
 clkload64/ZN
 clkload65/ZN
 clkload66/ZN
 clkload67/ZN
 clkload68/ZN
 clkload69/ZN
 clkload7/ZN
 clkload70/ZN
 clkload71/Z
 clkload72/Z
 clkload73/ZN
 clkload74/ZN
 clkload75/ZN
 clkload76/ZN
 clkload77/ZN
 clkload78/ZN
 clkload79/ZN
 clkload8/ZN
 clkload80/ZN
 clkload81/ZN
 clkload82/ZN
 clkload83/Z
 clkload84/Z
 clkload85/ZN
 clkload86/ZN
 clkload87/ZN
 clkload88/ZN
 clkload89/ZN
 clkload9/ZN
 clkload90/ZN
 clkload91/ZN
 clkload92/ZN
 clkload93/ZN
 clkload94/ZN
 clkload95/ZN
 clkload96/ZN
 clkload97/ZN
 clkload98/ZN
 clkload99/ZN
Found 0 partially unannotated drivers.

===========================================================================
max slew violation count 0
max fanout violation count 0
max cap violation count 0
============================================================================

===========================================================================
check_setup -verbose -unconstrained_endpoints -multiple_clock -no_clock -no_input_delay -loops -generated_clocks
===========================================================================
