Clock: core_clk
Sources: clk 
Generated: no
Virtual: yes
Propagated: no
Period: 100.000000

===========================================================================
report_clock_properties
============================================================================
Clock                   Period          Waveform
----------------------------------------------------
core_clk            100.000000    0.000000 50.000000

===========================================================================
report_clock_latency
============================================================================
Clock core_clk
rise -> rise
    min     max
0.000000 0.000000 source latency
2.634229         network latency _41146_/CLK
        3.395387 network latency _40891_/CLK
---------------
2.634229 3.395387 latency
        0.761158 skew

fall -> fall
    min     max
0.000000 0.000000 source latency
2.933373         network latency _41146_/CLK
        3.795719 network latency _40891_/CLK
---------------
2.933373 3.795719 latency
        0.862347 skew



===========================================================================
report_clock_min_period
============================================================================
core_clk period_min = 58.90 fmax = 16.98
