
===========================================================================
 report_power
============================================================================
======================= min_ss_125C_4v50 Corner ===================================

Group                    Internal    Switching      Leakage        Total
                            Power        Power        Power        Power (Watts)
------------------------------------------------------------------------
Sequential           1.671531e-02 1.170645e-03 3.746884e-06 1.788970e-02  43.7%
Combinational        4.143812e-03 3.896212e-03 1.441357e-05 8.054437e-03  19.7%
Clock                8.463172e-03 6.540429e-03 1.600194e-05 1.501960e-02  36.7%
Macro                0.000000e+00 0.000000e+00 0.000000e+00 0.000000e+00   0.0%
Pad                  0.000000e+00 0.000000e+00 0.000000e+00 0.000000e+00   0.0%
------------------------------------------------------------------------
Total                2.932227e-02 1.160728e-02 3.415898e-05 4.096370e-02 100.0%
                            71.6%        28.3%         0.1%

