+ analyze_power_grid -net VDD -voltage_file /foss/designs/lstm16x_int8_gf180_1000x1000/A54_A_wrapper/synthesis/runs/A54_A_wrapper_power_ring5/03-openroad-irdropreport/net-VDD.csv
[INFO PSM-0040] All shapes on net VDD are connected.
########## IR report #################
Net              : VDD
Corner           : nom_tt_025C_5v00
Total power      : 5.32e-02 W
Supply voltage   : 5.00e+00 V
Worstcase voltage: 4.86e+00 V
Average voltage  : 4.86e+00 V
Average IR drop  : 1.39e-01 V
Worstcase IR drop: 1.40e-01 V
Percentage drop  : 2.81 %
######################################
+ analyze_power_grid -net VSS -voltage_file /foss/designs/lstm16x_int8_gf180_1000x1000/A54_A_wrapper/synthesis/runs/A54_A_wrapper_power_ring5/03-openroad-irdropreport/net-VSS.csv
[INFO PSM-0040] All shapes on net VSS are connected.
########## IR report #################
Net              : VSS
Corner           : nom_tt_025C_5v00
Total power      : 5.32e-02 W
Supply voltage   : 0.00e+00 V
Worstcase voltage: 2.94e-02 V
Average voltage  : 2.82e-02 V
Average IR drop  : 2.82e-02 V
Worstcase IR drop: 2.94e-02 V
Percentage drop  : 0.59 %
######################################
