Clock: core_clk
Sources: clk 
Generated: no
Virtual: yes
Propagated: no
Period: 100.000000

===========================================================================
report_clock_properties
============================================================================
Clock                   Period          Waveform
----------------------------------------------------
core_clk            100.000000    0.000000 50.000000

===========================================================================
report_clock_latency
============================================================================
Clock core_clk
rise -> rise
    min     max
0.000000 0.000000 source latency
1.037897         network latency _41325_/CLK
        1.342957 network latency _40891_/CLK
---------------
1.037897 1.342957 latency
        0.305060 skew

fall -> fall
    min     max
0.000000 0.000000 source latency
1.130392         network latency _41146_/CLK
        1.466926 network latency _40891_/CLK
---------------
1.130392 1.466926 latency
        0.336534 skew



===========================================================================
report_clock_min_period
============================================================================
core_clk period_min = 19.69 fmax = 50.78
