
===========================================================================
 report_power
============================================================================
======================= nom_ff_n40C_5v50 Corner ===================================

Group                    Internal    Switching      Leakage        Total
                            Power        Power        Power        Power (Watts)
------------------------------------------------------------------------
Sequential           2.499928e-02 1.811158e-03 1.605411e-06 2.681204e-02  41.5%
Combinational        6.917280e-03 6.165833e-03 3.530466e-06 1.308664e-02  20.2%
Clock                1.475428e-02 1.000566e-02 2.152124e-06 2.476209e-02  38.3%
Macro                0.000000e+00 0.000000e+00 0.000000e+00 0.000000e+00   0.0%
Pad                  0.000000e+00 0.000000e+00 0.000000e+00 0.000000e+00   0.0%
------------------------------------------------------------------------
Total                4.667088e-02 1.798264e-02 7.287822e-06 6.466081e-02 100.0%
                            72.2%        27.8%         0.0%

