
===========================================================================
report_checks -unconstrained
===========================================================================
======================= max_tt_025C_5v00 Corner ===================================

Startpoint: _40351_ (rising edge-triggered flip-flop clocked by core_clk)
Endpoint: _40448_ (rising edge-triggered flip-flop clocked by core_clk)
Path Group: core_clk
Path Type: max

Fanout         Cap        Slew       Delay        Time   Description
---------------------------------------------------------------------------------------------
                                  0.000000    0.000000   clock core_clk (rise edge)
                                  0.000000    0.000000   clock source latency
     2    0.140064    0.000000    0.000000    0.000000 ^ clk (in)
                                                         clk (net)
                      0.065853    0.026936    0.026936 ^ clkbuf_0_clk/I (gf180mcu_fd_sc_mcu7t5v0__clkbuf_16)
     4    0.223184    0.267694    0.338884    0.365820 ^ clkbuf_0_clk/Z (gf180mcu_fd_sc_mcu7t5v0__clkbuf_16)
                                                         clknet_0_clk (net)
                      0.268635    0.012509    0.378329 ^ clkbuf_2_0_0_clk/I (gf180mcu_fd_sc_mcu7t5v0__clkbuf_8)
    16    0.458509    0.942090    0.758098    1.136427 ^ clkbuf_2_0_0_clk/Z (gf180mcu_fd_sc_mcu7t5v0__clkbuf_8)
                                                         clknet_2_0_0_clk (net)
                      0.945108    0.029168    1.165595 ^ clkbuf_6_3_0_clk/I (gf180mcu_fd_sc_mcu7t5v0__clkbuf_8)
     9    0.161692    0.371481    0.539982    1.705577 ^ clkbuf_6_3_0_clk/Z (gf180mcu_fd_sc_mcu7t5v0__clkbuf_8)
                                                         clknet_6_3_0_clk (net)
                      0.371482    0.001136    1.706713 ^ clkbuf_leaf_444_clk/I (gf180mcu_fd_sc_mcu7t5v0__clkbuf_8)
     9    0.058182    0.173503    0.337700    2.044413 ^ clkbuf_leaf_444_clk/Z (gf180mcu_fd_sc_mcu7t5v0__clkbuf_8)
                                                         clknet_leaf_444_clk (net)
                      0.173504    0.000700    2.045113 ^ _40351_/CLK (gf180mcu_fd_sc_mcu7t5v0__dffrnq_1)
    20    0.136998    2.248825    2.126743    4.171856 ^ _40351_/Q (gf180mcu_fd_sc_mcu7t5v0__dffrnq_1)
                                                         g_lane[1].u_lane.vector_index[2] (net)
                      2.248856    0.004762    4.176618 ^ _19816_/I (gf180mcu_fd_sc_mcu7t5v0__clkinv_1)
     9    0.077395    1.511118    1.241096    5.417714 v _19816_/ZN (gf180mcu_fd_sc_mcu7t5v0__clkinv_1)
                                                         _16282_ (net)
                      1.511118    0.000532    5.418246 v _25363_/A2 (gf180mcu_fd_sc_mcu7t5v0__nor4_1)
     6    0.049681    3.079347    2.042595    7.460841 ^ _25363_/ZN (gf180mcu_fd_sc_mcu7t5v0__nor4_1)
                                                         _04375_ (net)
                      3.079347    0.000582    7.461423 ^ _25392_/A2 (gf180mcu_fd_sc_mcu7t5v0__oai32_1)
     4    0.034910    1.122396    0.526629    7.988052 v _25392_/ZN (gf180mcu_fd_sc_mcu7t5v0__oai32_1)
                                                         _04404_ (net)
                      1.122396    0.001204    7.989256 v _25444_/A2 (gf180mcu_fd_sc_mcu7t5v0__or4_1)
     3    0.023890    0.484658    1.238923    9.228179 v _25444_/Z (gf180mcu_fd_sc_mcu7t5v0__or4_1)
                                                         _04455_ (net)
                      0.484658    0.000474    9.228654 v _25476_/B (gf180mcu_fd_sc_mcu7t5v0__aoi211_1)
     2    0.016439    1.068245    0.729822    9.958476 ^ _25476_/ZN (gf180mcu_fd_sc_mcu7t5v0__aoi211_1)
                                                         _04487_ (net)
                      1.068245    0.000270    9.958746 ^ _25579_/A2 (gf180mcu_fd_sc_mcu7t5v0__oai31_1)
     1    0.025742    0.663634    0.465819   10.424565 v _25579_/ZN (gf180mcu_fd_sc_mcu7t5v0__oai31_1)
                                                         _04588_ (net)
                      0.663635    0.001196   10.425762 v wire501/I (gf180mcu_fd_sc_mcu7t5v0__dlyb_1)
     3    0.026801    0.406168    1.359258   11.785020 v wire501/Z (gf180mcu_fd_sc_mcu7t5v0__dlyb_1)
                                                         net501 (net)
                      0.406168    0.000946   11.785965 v _25631_/A4 (gf180mcu_fd_sc_mcu7t5v0__or4_1)
     4    0.022782    0.471384    1.049971   12.835937 v _25631_/Z (gf180mcu_fd_sc_mcu7t5v0__or4_1)
                                                         _04639_ (net)
                      0.471384    0.000174   12.836110 v _25632_/A2 (gf180mcu_fd_sc_mcu7t5v0__nand2_1)
     1    0.007943    0.285981    0.281262   13.117373 ^ _25632_/ZN (gf180mcu_fd_sc_mcu7t5v0__nand2_1)
                                                         _04640_ (net)
                      0.285981    0.000081   13.117454 ^ _25633_/A2 (gf180mcu_fd_sc_mcu7t5v0__xnor2_1)
    12    0.091501    3.145045    1.280549   14.398003 ^ _25633_/ZN (gf180mcu_fd_sc_mcu7t5v0__xnor2_1)
                                                         _04641_ (net)
                      3.145062    0.004261   14.402263 ^ _25635_/A2 (gf180mcu_fd_sc_mcu7t5v0__nand2_1)
     3    0.017853    0.803004    0.243358   14.645621 v _25635_/ZN (gf180mcu_fd_sc_mcu7t5v0__nand2_1)
                                                         _04643_ (net)
                      0.803004    0.000244   14.645865 v _25641_/A2 (gf180mcu_fd_sc_mcu7t5v0__xor3_1)
     2    0.014817    0.375265    1.364613   16.010479 v _25641_/Z (gf180mcu_fd_sc_mcu7t5v0__xor3_1)
                                                         _04649_ (net)
                      0.375265    0.000309   16.010788 v _25643_/A2 (gf180mcu_fd_sc_mcu7t5v0__xnor2_1)
     5    0.032764    0.624759    0.631971   16.642759 v _25643_/ZN (gf180mcu_fd_sc_mcu7t5v0__xnor2_1)
                                                         _04651_ (net)
                      0.624759    0.000442   16.643202 v _25697_/A2 (gf180mcu_fd_sc_mcu7t5v0__and3_1)
     4    0.021575    0.295876    0.601631   17.244831 v _25697_/Z (gf180mcu_fd_sc_mcu7t5v0__and3_1)
                                                         _04704_ (net)
                      0.295876    0.000350   17.245182 v _25740_/A2 (gf180mcu_fd_sc_mcu7t5v0__or3_1)
     1    0.005432    0.232684    0.630282   17.875463 v _25740_/Z (gf180mcu_fd_sc_mcu7t5v0__or3_1)
                                                         _04746_ (net)
                      0.232684    0.000052   17.875515 v _25763_/A2 (gf180mcu_fd_sc_mcu7t5v0__xor3_1)
     3    0.024890    0.519382    1.215115   19.090630 v _25763_/Z (gf180mcu_fd_sc_mcu7t5v0__xor3_1)
                                                         _04769_ (net)
                      0.519382    0.000217   19.090847 v _25793_/A2 (gf180mcu_fd_sc_mcu7t5v0__aoi21_1)
     4    0.028751    1.034687    0.729651   19.820498 ^ _25793_/ZN (gf180mcu_fd_sc_mcu7t5v0__aoi21_1)
                                                         _04798_ (net)
                      1.034687    0.000522   19.821020 ^ _25816_/A1 (gf180mcu_fd_sc_mcu7t5v0__xor3_1)
     1    0.007407    0.443046    0.940458   20.761478 ^ _25816_/Z (gf180mcu_fd_sc_mcu7t5v0__xor3_1)
                                                         _04821_ (net)
                      0.443046    0.000155   20.761633 ^ _25832_/B1 (gf180mcu_fd_sc_mcu7t5v0__oai32_1)
     2    0.018614    0.481487    0.337133   21.098766 v _25832_/ZN (gf180mcu_fd_sc_mcu7t5v0__oai32_1)
                                                         _04836_ (net)
                      0.481488    0.000625   21.099392 v _25861_/A1 (gf180mcu_fd_sc_mcu7t5v0__xor3_1)
     1    0.004696    0.332776    1.143613   22.243004 v _25861_/Z (gf180mcu_fd_sc_mcu7t5v0__xor3_1)
                                                         _04865_ (net)
                      0.332776    0.000044   22.243050 v _25878_/A3 (gf180mcu_fd_sc_mcu7t5v0__oai32_1)
     2    0.012568    1.151779    0.728663   22.971712 ^ _25878_/ZN (gf180mcu_fd_sc_mcu7t5v0__oai32_1)
                                                         _04881_ (net)
                      1.151779    0.000297   22.972010 ^ _25904_/A2 (gf180mcu_fd_sc_mcu7t5v0__xor3_1)
     3    0.019249    0.777447    1.072660   24.044670 ^ _25904_/Z (gf180mcu_fd_sc_mcu7t5v0__xor3_1)
                                                         _04907_ (net)
                      0.777447    0.000290   24.044958 ^ _25906_/A2 (gf180mcu_fd_sc_mcu7t5v0__xnor2_1)
     1    0.007793    0.455551    0.476199   24.521158 ^ _25906_/ZN (gf180mcu_fd_sc_mcu7t5v0__xnor2_1)
                                                         _04909_ (net)
                      0.455551    0.000076   24.521235 ^ _25908_/A2 (gf180mcu_fd_sc_mcu7t5v0__xor2_1)
     2    0.021666    0.834870    0.644739   25.165974 ^ _25908_/Z (gf180mcu_fd_sc_mcu7t5v0__xor2_1)
                                                         _04911_ (net)
                      0.834870    0.000570   25.166544 ^ _25947_/A2 (gf180mcu_fd_sc_mcu7t5v0__oai21_1)
     2    0.013519    0.435650    0.302022   25.468565 v _25947_/ZN (gf180mcu_fd_sc_mcu7t5v0__oai21_1)
                                                         _04949_ (net)
                      0.435650    0.000128   25.468693 v _25973_/B (gf180mcu_fd_sc_mcu7t5v0__aoi21_1)
     3    0.018645    0.764098    0.546962   26.015654 ^ _25973_/ZN (gf180mcu_fd_sc_mcu7t5v0__aoi21_1)
                                                         _04974_ (net)
                      0.764098    0.000316   26.015970 ^ _25974_/A2 (gf180mcu_fd_sc_mcu7t5v0__and2_1)
     1    0.006753    0.195807    0.347789   26.363760 ^ _25974_/Z (gf180mcu_fd_sc_mcu7t5v0__and2_1)
                                                         _04975_ (net)
                      0.195807    0.000096   26.363855 ^ _26015_/A1 (gf180mcu_fd_sc_mcu7t5v0__nand4_1)
     2    0.012390    0.545268    0.285542   26.649399 v _26015_/ZN (gf180mcu_fd_sc_mcu7t5v0__nand4_1)
                                                         _05013_ (net)
                      0.545268    0.000195   26.649593 v _26016_/A2 (gf180mcu_fd_sc_mcu7t5v0__and2_1)
     3    0.020381    0.277905    0.504524   27.154118 v _26016_/Z (gf180mcu_fd_sc_mcu7t5v0__and2_1)
                                                         _05014_ (net)
                      0.277905    0.000361   27.154478 v load_slew85/I (gf180mcu_fd_sc_mcu7t5v0__buf_3)
    12    0.094104    0.344304    0.486692   27.641171 v load_slew85/Z (gf180mcu_fd_sc_mcu7t5v0__buf_3)
                                                         net85 (net)
                      0.344474    0.004315   27.645485 v _26018_/A1 (gf180mcu_fd_sc_mcu7t5v0__or2_1)
     2    0.010760    0.221014    0.503087   28.148573 v _26018_/Z (gf180mcu_fd_sc_mcu7t5v0__or2_1)
                                                         _05016_ (net)
                      0.221014    0.000158   28.148731 v wire58/I (gf180mcu_fd_sc_mcu7t5v0__dlyb_1)
     2    0.042724    0.541478    1.315405   29.464134 v wire58/Z (gf180mcu_fd_sc_mcu7t5v0__dlyb_1)
                                                         net58 (net)
                      0.541479    0.000606   29.464741 v _26020_/A2 (gf180mcu_fd_sc_mcu7t5v0__xnor2_1)
     2    0.009983    0.382915    0.476881   29.941622 v _26020_/ZN (gf180mcu_fd_sc_mcu7t5v0__xnor2_1)
                                                         _05018_ (net)
                      0.382915    0.000092   29.941713 v _26022_/A2 (gf180mcu_fd_sc_mcu7t5v0__or2_1)
     2    0.013097    0.241441    0.526022   30.467735 v _26022_/Z (gf180mcu_fd_sc_mcu7t5v0__or2_1)
                                                         _05020_ (net)
                      0.241441    0.000242   30.467978 v _26026_/A2 (gf180mcu_fd_sc_mcu7t5v0__nand2_1)
     2    0.009708    0.274463    0.231651   30.699629 ^ _26026_/ZN (gf180mcu_fd_sc_mcu7t5v0__nand2_1)
                                                         _05023_ (net)
                      0.274463    0.000142   30.699770 ^ _26029_/A1 (gf180mcu_fd_sc_mcu7t5v0__and2_1)
     3    0.018876    0.365678    0.443734   31.143505 ^ _26029_/Z (gf180mcu_fd_sc_mcu7t5v0__and2_1)
                                                         _05026_ (net)
                      0.365678    0.000377   31.143881 ^ _26035_/A2 (gf180mcu_fd_sc_mcu7t5v0__oai21_1)
     3    0.020928    0.428505    0.319826   31.463707 v _26035_/ZN (gf180mcu_fd_sc_mcu7t5v0__oai21_1)
                                                         _05031_ (net)
                      0.428505    0.000401   31.464109 v _26048_/A1 (gf180mcu_fd_sc_mcu7t5v0__oai211_1)
     3    0.013318    0.589780    0.449234   31.913342 ^ _26048_/ZN (gf180mcu_fd_sc_mcu7t5v0__oai211_1)
                                                         _05042_ (net)
                      0.589780    0.000124   31.913467 ^ _26060_/A2 (gf180mcu_fd_sc_mcu7t5v0__and3_1)
     2    0.013529    0.308176    0.521773   32.435238 ^ _26060_/Z (gf180mcu_fd_sc_mcu7t5v0__and3_1)
                                                         _05052_ (net)
                      0.308176    0.000249   32.435490 ^ _26064_/A1 (gf180mcu_fd_sc_mcu7t5v0__oai21_1)
     3    0.020544    0.417523    0.286153   32.721642 v _26064_/ZN (gf180mcu_fd_sc_mcu7t5v0__oai21_1)
                                                         _05056_ (net)
                      0.417523    0.000465   32.722107 v _26073_/A2 (gf180mcu_fd_sc_mcu7t5v0__aoi21_1)
     2    0.011055    0.576679    0.411287   33.133392 ^ _26073_/ZN (gf180mcu_fd_sc_mcu7t5v0__aoi21_1)
                                                         _05064_ (net)
                      0.576679    0.000213   33.133606 ^ _26080_/A2 (gf180mcu_fd_sc_mcu7t5v0__oai21_1)
     3    0.021265    0.464122    0.358447   33.492054 v _26080_/ZN (gf180mcu_fd_sc_mcu7t5v0__oai21_1)
                                                         _05070_ (net)
                      0.464122    0.000380   33.492435 v _26086_/A2 (gf180mcu_fd_sc_mcu7t5v0__and3_1)
     1    0.004772    0.147805    0.421807   33.914242 v _26086_/Z (gf180mcu_fd_sc_mcu7t5v0__and3_1)
                                                         _05075_ (net)
                      0.147805    0.000046   33.914288 v _26088_/A2 (gf180mcu_fd_sc_mcu7t5v0__oai31_1)
     1    0.004276    0.535261    0.375856   34.290142 ^ _26088_/ZN (gf180mcu_fd_sc_mcu7t5v0__oai31_1)
                                                         _00823_ (net)
                      0.535261    0.000082   34.290226 ^ _40448_/D (gf180mcu_fd_sc_mcu7t5v0__dffrnq_1)
                                             34.290226   data arrival time

                                100.000000  100.000000   clock core_clk (rise edge)
                                  0.000000  100.000000   clock source latency
     2    0.140064    0.000000    0.000000  100.000000 ^ clk (in)
                                                         clk (net)
                      0.065853    0.026937  100.026932 ^ clkbuf_0_clk/I (gf180mcu_fd_sc_mcu7t5v0__clkbuf_16)
     4    0.223184    0.267694    0.338886  100.365822 ^ clkbuf_0_clk/Z (gf180mcu_fd_sc_mcu7t5v0__clkbuf_16)
                                                         clknet_0_clk (net)
                      0.268635    0.012506  100.378326 ^ clkbuf_2_0_0_clk/I (gf180mcu_fd_sc_mcu7t5v0__clkbuf_8)
    16    0.458509    0.942090    0.758099  101.136421 ^ clkbuf_2_0_0_clk/Z (gf180mcu_fd_sc_mcu7t5v0__clkbuf_8)
                                                         clknet_2_0_0_clk (net)
                      0.945997    0.033531  101.169952 ^ clkbuf_6_1_0_clk/I (gf180mcu_fd_sc_mcu7t5v0__clkbuf_8)
     9    0.172444    0.391578    0.551843  101.721802 ^ clkbuf_6_1_0_clk/Z (gf180mcu_fd_sc_mcu7t5v0__clkbuf_8)
                                                         clknet_6_1_0_clk (net)
                      0.391585    0.002508  101.724304 ^ clkbuf_leaf_446_clk/I (gf180mcu_fd_sc_mcu7t5v0__clkbuf_8)
     7    0.040743    0.144054    0.317932  102.042236 ^ clkbuf_leaf_446_clk/Z (gf180mcu_fd_sc_mcu7t5v0__clkbuf_8)
                                                         clknet_leaf_446_clk (net)
                      0.144054    0.000185  102.042427 ^ _40448_/CLK (gf180mcu_fd_sc_mcu7t5v0__dffrnq_1)
                                  0.000000  102.042427   clock reconvergence pessimism
                                 -0.365584  101.676842   library setup time
                                            101.676842   data required time
---------------------------------------------------------------------------------------------
                                            101.676842   data required time
                                            -34.290226   data arrival time
---------------------------------------------------------------------------------------------
                                             67.386620   slack (MET)




===========================================================================
report_checks --slack_max -0.01
============================================================================
======================= max_tt_025C_5v00 Corner ===================================

No paths found.


===========================================================================
 report_check_types -max_slew -max_cap -max_fanout -violators
============================================================================
======================= max_tt_025C_5v00 Corner ===================================



===========================================================================
report_parasitic_annotation -report_unannotated
============================================================================
Found 426 unannotated drivers.
 clkload0/ZN
 clkload1/ZN
 clkload10/ZN
 clkload100/ZN
 clkload101/ZN
 clkload102/ZN
 clkload103/ZN
 clkload104/ZN
 clkload105/Z
 clkload106/ZN
 clkload107/ZN
 clkload108/ZN
 clkload109/Z
 clkload11/ZN
 clkload110/Z
 clkload111/ZN
 clkload112/ZN
 clkload113/ZN
 clkload114/Z
 clkload115/ZN
 clkload116/ZN
 clkload117/ZN
 clkload118/ZN
 clkload119/ZN
 clkload12/Z
 clkload120/ZN
 clkload121/ZN
 clkload122/ZN
 clkload123/ZN
 clkload124/ZN
 clkload125/ZN
 clkload126/ZN
 clkload127/ZN
 clkload128/ZN
 clkload129/ZN
 clkload13/ZN
 clkload130/ZN
 clkload131/ZN
 clkload132/ZN
 clkload133/ZN
 clkload134/ZN
 clkload135/ZN
 clkload136/ZN
 clkload137/ZN
 clkload138/ZN
 clkload139/ZN
 clkload14/ZN
 clkload140/ZN
 clkload141/ZN
 clkload142/ZN
 clkload143/ZN
 clkload144/ZN
 clkload145/ZN
 clkload146/ZN
 clkload147/ZN
 clkload148/ZN
 clkload149/ZN
 clkload15/ZN
 clkload150/ZN
 clkload151/Z
 clkload152/ZN
 clkload153/Z
 clkload154/Z
 clkload155/ZN
 clkload156/Z
 clkload157/ZN
 clkload158/ZN
 clkload159/ZN
 clkload16/ZN
 clkload160/ZN
 clkload161/ZN
 clkload162/ZN
 clkload163/ZN
 clkload164/ZN
 clkload165/ZN
 clkload166/ZN
 clkload167/ZN
 clkload168/ZN
 clkload169/ZN
 clkload17/ZN
 clkload170/ZN
 clkload171/ZN
 clkload172/ZN
 clkload173/ZN
 clkload174/ZN
 clkload175/ZN
 clkload176/ZN
 clkload177/ZN
 clkload178/ZN
 clkload179/ZN
 clkload18/ZN
 clkload180/ZN
 clkload181/ZN
 clkload182/ZN
 clkload183/ZN
 clkload184/ZN
 clkload185/ZN
 clkload186/Z
 clkload187/Z
 clkload188/ZN
 clkload189/ZN
 clkload19/ZN
 clkload190/ZN
 clkload191/Z
 clkload192/Z
 clkload193/ZN
 clkload194/ZN
 clkload195/Z
 clkload196/ZN
 clkload197/ZN
 clkload198/ZN
 clkload199/ZN
 clkload2/ZN
 clkload20/ZN
 clkload200/ZN
 clkload201/ZN
 clkload202/ZN
 clkload203/ZN
 clkload204/ZN
 clkload205/ZN
 clkload206/ZN
 clkload207/ZN
 clkload208/ZN
 clkload209/ZN
 clkload21/ZN
 clkload210/ZN
 clkload211/ZN
 clkload212/ZN
 clkload213/ZN
 clkload214/ZN
 clkload215/ZN
 clkload216/ZN
 clkload217/ZN
 clkload218/ZN
 clkload219/ZN
 clkload22/ZN
 clkload220/ZN
 clkload221/ZN
 clkload222/Z
 clkload223/ZN
 clkload224/ZN
 clkload225/ZN
 clkload226/Z
 clkload227/Z
 clkload228/ZN
 clkload229/ZN
 clkload23/ZN
 clkload230/ZN
 clkload231/ZN
 clkload232/ZN
 clkload233/ZN
 clkload234/ZN
 clkload235/ZN
 clkload236/ZN
 clkload237/ZN
 clkload238/ZN
 clkload239/ZN
 clkload24/ZN
 clkload240/ZN
 clkload241/ZN
 clkload242/ZN
 clkload243/Z
 clkload244/Z
 clkload245/Z
 clkload246/ZN
 clkload247/ZN
 clkload248/ZN
 clkload249/ZN
 clkload25/ZN
 clkload250/ZN
 clkload251/ZN
 clkload252/ZN
 clkload253/ZN
 clkload254/ZN
 clkload255/ZN
 clkload256/ZN
 clkload257/ZN
 clkload258/ZN
 clkload259/ZN
 clkload26/ZN
 clkload260/ZN
 clkload261/Z
 clkload262/ZN
 clkload263/ZN
 clkload264/ZN
 clkload265/Z
 clkload266/ZN
 clkload267/ZN
 clkload268/ZN
 clkload269/ZN
 clkload27/ZN
 clkload270/ZN
 clkload271/ZN
 clkload272/ZN
 clkload273/ZN
 clkload274/ZN
 clkload275/ZN
 clkload276/ZN
 clkload277/ZN
 clkload278/ZN
 clkload279/ZN
 clkload28/ZN
 clkload280/ZN
 clkload281/ZN
 clkload282/ZN
 clkload283/Z
 clkload284/ZN
 clkload285/Z
 clkload286/ZN
 clkload287/ZN
 clkload288/ZN
 clkload289/ZN
 clkload29/ZN
 clkload290/ZN
 clkload291/Z
 clkload292/Z
 clkload293/ZN
 clkload294/ZN
 clkload295/ZN
 clkload296/ZN
 clkload297/ZN
 clkload298/ZN
 clkload299/ZN
 clkload3/ZN
 clkload30/ZN
 clkload300/ZN
 clkload301/ZN
 clkload302/ZN
 clkload303/ZN
 clkload304/ZN
 clkload305/ZN
 clkload306/Z
 clkload307/ZN
 clkload308/ZN
 clkload309/ZN
 clkload31/ZN
 clkload310/ZN
 clkload311/ZN
 clkload312/ZN
 clkload313/ZN
 clkload314/ZN
 clkload315/ZN
 clkload316/ZN
 clkload317/ZN
 clkload318/ZN
 clkload319/ZN
 clkload32/ZN
 clkload320/ZN
 clkload321/ZN
 clkload322/ZN
 clkload323/ZN
 clkload324/ZN
 clkload325/Z
 clkload326/ZN
 clkload327/Z
 clkload328/ZN
 clkload329/ZN
 clkload33/ZN
 clkload330/ZN
 clkload331/ZN
 clkload332/ZN
 clkload333/ZN
 clkload334/ZN
 clkload335/ZN
 clkload336/ZN
 clkload337/ZN
 clkload338/ZN
 clkload339/ZN
 clkload34/ZN
 clkload340/Z
 clkload341/ZN
 clkload342/ZN
 clkload343/ZN
 clkload344/ZN
 clkload345/ZN
 clkload346/ZN
 clkload347/ZN
 clkload348/ZN
 clkload349/ZN
 clkload35/ZN
 clkload350/Z
 clkload351/ZN
 clkload352/ZN
 clkload353/ZN
 clkload354/ZN
 clkload355/ZN
 clkload356/ZN
 clkload357/ZN
 clkload358/ZN
 clkload359/ZN
 clkload36/ZN
 clkload360/ZN
 clkload361/ZN
 clkload362/ZN
 clkload363/ZN
 clkload364/Z
 clkload365/ZN
 clkload366/ZN
 clkload367/Z
 clkload368/ZN
 clkload369/Z
 clkload37/ZN
 clkload370/Z
 clkload371/ZN
 clkload372/ZN
 clkload373/ZN
 clkload374/ZN
 clkload375/ZN
 clkload376/ZN
 clkload377/ZN
 clkload378/Z
 clkload379/ZN
 clkload38/ZN
 clkload380/ZN
 clkload381/ZN
 clkload382/ZN
 clkload383/ZN
 clkload384/ZN
 clkload385/ZN
 clkload386/ZN
 clkload387/ZN
 clkload388/ZN
 clkload389/ZN
 clkload39/ZN
 clkload390/ZN
 clkload391/ZN
 clkload392/ZN
 clkload393/ZN
 clkload394/ZN
 clkload395/ZN
 clkload396/ZN
 clkload397/ZN
 clkload398/ZN
 clkload399/ZN
 clkload4/ZN
 clkload40/ZN
 clkload400/ZN
 clkload401/ZN
 clkload402/Z
 clkload403/ZN
 clkload404/ZN
 clkload405/ZN
 clkload406/ZN
 clkload407/ZN
 clkload408/ZN
 clkload409/ZN
 clkload41/ZN
 clkload410/ZN
 clkload411/ZN
 clkload412/ZN
 clkload413/ZN
 clkload414/Z
 clkload415/Z
 clkload416/ZN
 clkload417/ZN
 clkload418/Z
 clkload419/ZN
 clkload42/ZN
 clkload420/ZN
 clkload421/ZN
 clkload422/ZN
 clkload423/ZN
 clkload424/ZN
 clkload425/ZN
 clkload43/ZN
 clkload44/ZN
 clkload45/ZN
 clkload46/Z
 clkload47/ZN
 clkload48/ZN
 clkload49/ZN
 clkload5/ZN
 clkload50/Z
 clkload51/ZN
 clkload52/Z
 clkload53/ZN
 clkload54/ZN
 clkload55/ZN
 clkload56/Z
 clkload57/ZN
 clkload58/ZN
 clkload59/Z
 clkload6/ZN
 clkload60/ZN
 clkload61/Z
 clkload62/ZN
 clkload63/ZN
 clkload64/ZN
 clkload65/ZN
 clkload66/ZN
 clkload67/ZN
 clkload68/ZN
 clkload69/ZN
 clkload7/ZN
 clkload70/ZN
 clkload71/Z
 clkload72/Z
 clkload73/ZN
 clkload74/ZN
 clkload75/ZN
 clkload76/ZN
 clkload77/ZN
 clkload78/ZN
 clkload79/ZN
 clkload8/ZN
 clkload80/ZN
 clkload81/ZN
 clkload82/ZN
 clkload83/Z
 clkload84/Z
 clkload85/ZN
 clkload86/ZN
 clkload87/ZN
 clkload88/ZN
 clkload89/ZN
 clkload9/ZN
 clkload90/ZN
 clkload91/ZN
 clkload92/ZN
 clkload93/ZN
 clkload94/ZN
 clkload95/ZN
 clkload96/ZN
 clkload97/ZN
 clkload98/ZN
 clkload99/ZN
Found 0 partially unannotated drivers.

===========================================================================
max slew violation count 0
max fanout violation count 0
max cap violation count 0
============================================================================

===========================================================================
check_setup -verbose -unconstrained_endpoints -multiple_clock -no_clock -no_input_delay -loops -generated_clocks
===========================================================================
