Clock: core_clk
Sources: clk 
Generated: no
Virtual: yes
Propagated: no
Period: 100.000000

===========================================================================
report_clock_properties
============================================================================
Clock                   Period          Waveform
----------------------------------------------------
core_clk            100.000000    0.000000 50.000000

===========================================================================
report_clock_latency
============================================================================
Clock core_clk
rise -> rise
    min     max
0.000000 0.000000 source latency
1.635186         network latency _41146_/CLK
        2.112410 network latency _40891_/CLK
---------------
1.635186 2.112410 latency
        0.477224 skew

fall -> fall
    min     max
0.000000 0.000000 source latency
1.815838         network latency _41146_/CLK
        2.352216 network latency _40891_/CLK
---------------
1.815838 2.352216 latency
        0.536378 skew



===========================================================================
report_clock_min_period
============================================================================
core_clk period_min = 32.61 fmax = 30.66
