Clock: core_clk
Sources: clk 
Generated: no
Virtual: yes
Propagated: no
Period: 100.000000

===========================================================================
report_clock_properties
============================================================================
Clock                   Period          Waveform
----------------------------------------------------
core_clk            100.000000    0.000000 50.000000

===========================================================================
report_clock_latency
============================================================================
Clock core_clk
rise -> rise
    min     max
0.000000 0.000000 source latency
1.505380         network latency _41146_/CLK
        1.942148 network latency _40891_/CLK
---------------
1.505380 1.942148 latency
        0.436768 skew

fall -> fall
    min     max
0.000000 0.000000 source latency
1.663228         network latency _41146_/CLK
        2.152472 network latency _40891_/CLK
---------------
1.663228 2.152472 latency
        0.489244 skew



===========================================================================
report_clock_min_period
============================================================================
core_clk period_min = 31.40 fmax = 31.84
