Clock: core_clk
Sources: clk 
Generated: no
Virtual: yes
Propagated: no
Period: 100.000000

===========================================================================
report_clock_properties
============================================================================
Clock                   Period          Waveform
----------------------------------------------------
core_clk            100.000000    0.000000 50.000000

===========================================================================
report_clock_latency
============================================================================
Clock core_clk
rise -> rise
    min     max
0.000000 0.000000 source latency
1.087967         network latency _41325_/CLK
        1.409932 network latency _40891_/CLK
---------------
1.087967 1.409932 latency
        0.321965 skew

fall -> fall
    min     max
0.000000 0.000000 source latency
1.187782         network latency _41146_/CLK
        1.542993 network latency _40891_/CLK
---------------
1.187782 1.542993 latency
        0.355211 skew



===========================================================================
report_clock_min_period
============================================================================
core_clk period_min = 20.11 fmax = 49.72
