
===========================================================================
 report_power
============================================================================
======================= max_ff_n40C_5v50 Corner ===================================

Group                    Internal    Switching      Leakage        Total
                            Power        Power        Power        Power (Watts)
------------------------------------------------------------------------
Sequential           2.503811e-02 1.926781e-03 1.605411e-06 2.696650e-02  40.9%
Combinational        7.007178e-03 6.660646e-03 3.530466e-06 1.367135e-02  20.7%
Clock                1.493155e-02 1.041542e-02 2.152124e-06 2.534912e-02  38.4%
Macro                0.000000e+00 0.000000e+00 0.000000e+00 0.000000e+00   0.0%
Pad                  0.000000e+00 0.000000e+00 0.000000e+00 0.000000e+00   0.0%
------------------------------------------------------------------------
Total                4.697685e-02 1.900286e-02 7.287822e-06 6.598699e-02 100.0%
                            71.2%        28.8%         0.0%

