
===========================================================================
report_checks -unconstrained
===========================================================================
======================= nom_ss_125C_4v50 Corner ===================================

Startpoint: _40351_ (rising edge-triggered flip-flop clocked by core_clk)
Endpoint: _40448_ (rising edge-triggered flip-flop clocked by core_clk)
Path Group: core_clk
Path Type: max

Fanout         Cap        Slew       Delay        Time   Description
---------------------------------------------------------------------------------------------
                                  0.000000    0.000000   clock core_clk (rise edge)
                                  0.000000    0.000000   clock source latency
     2    0.131429    0.000000    0.000000    0.000000 ^ clk (in)
                                                         clk (net)
                      0.054087    0.022123    0.022123 ^ clkbuf_0_clk/I (gf180mcu_fd_sc_mcu7t5v0__clkbuf_16)
     4    0.205179    0.442282    0.577762    0.599885 ^ clkbuf_0_clk/Z (gf180mcu_fd_sc_mcu7t5v0__clkbuf_16)
                                                         clknet_0_clk (net)
                      0.442392    0.010322    0.610207 ^ clkbuf_2_0_0_clk/I (gf180mcu_fd_sc_mcu7t5v0__clkbuf_8)
    16    0.426309    1.504285    1.268896    1.879102 ^ clkbuf_2_0_0_clk/Z (gf180mcu_fd_sc_mcu7t5v0__clkbuf_8)
                                                         clknet_2_0_0_clk (net)
                      1.505596    0.024369    1.903471 ^ clkbuf_6_3_0_clk/I (gf180mcu_fd_sc_mcu7t5v0__clkbuf_8)
     9    0.156348    0.624066    0.932808    2.836279 ^ clkbuf_6_3_0_clk/Z (gf180mcu_fd_sc_mcu7t5v0__clkbuf_8)
                                                         clknet_6_3_0_clk (net)
                      0.624067    0.001080    2.837360 ^ clkbuf_leaf_444_clk/I (gf180mcu_fd_sc_mcu7t5v0__clkbuf_8)
     9    0.056858    0.299339    0.599000    3.436360 ^ clkbuf_leaf_444_clk/Z (gf180mcu_fd_sc_mcu7t5v0__clkbuf_8)
                                                         clknet_leaf_444_clk (net)
                      0.299339    0.000664    3.437025 ^ _40351_/CLK (gf180mcu_fd_sc_mcu7t5v0__dffrnq_1)
    20    0.133532    3.726263    3.748082    7.185106 ^ _40351_/Q (gf180mcu_fd_sc_mcu7t5v0__dffrnq_1)
                                                         g_lane[1].u_lane.vector_index[2] (net)
                      3.726279    0.004358    7.189465 ^ _19816_/I (gf180mcu_fd_sc_mcu7t5v0__clkinv_1)
     9    0.075501    2.539425    2.117688    9.307153 v _19816_/ZN (gf180mcu_fd_sc_mcu7t5v0__clkinv_1)
                                                         _16282_ (net)
                      2.539425    0.000497    9.307650 v _25363_/A2 (gf180mcu_fd_sc_mcu7t5v0__nor4_1)
     6    0.047571    5.678756    3.673595   12.981245 ^ _25363_/ZN (gf180mcu_fd_sc_mcu7t5v0__nor4_1)
                                                         _04375_ (net)
                      5.678756    0.000549   12.981793 ^ _25392_/A2 (gf180mcu_fd_sc_mcu7t5v0__oai32_1)
     4    0.032734    1.910024    0.958462   13.940255 v _25392_/ZN (gf180mcu_fd_sc_mcu7t5v0__oai32_1)
                                                         _04404_ (net)
                      1.910024    0.001064   13.941319 v _25444_/A2 (gf180mcu_fd_sc_mcu7t5v0__or4_1)
     3    0.023101    0.863313    2.286225   16.227545 v _25444_/Z (gf180mcu_fd_sc_mcu7t5v0__or4_1)
                                                         _04455_ (net)
                      0.863313    0.000435   16.227980 v _25476_/B (gf180mcu_fd_sc_mcu7t5v0__aoi211_1)
     2    0.016105    1.947460    1.363093   17.591072 ^ _25476_/ZN (gf180mcu_fd_sc_mcu7t5v0__aoi211_1)
                                                         _04487_ (net)
                      1.947460    0.000250   17.591322 ^ _25579_/A2 (gf180mcu_fd_sc_mcu7t5v0__oai31_1)
     1    0.022931    1.128781    0.815415   18.406738 v _25579_/ZN (gf180mcu_fd_sc_mcu7t5v0__oai31_1)
                                                         _04588_ (net)
                      1.128781    0.001000   18.407738 v wire501/I (gf180mcu_fd_sc_mcu7t5v0__dlyb_1)
     3    0.024857    0.696770    2.519785   20.927523 v wire501/Z (gf180mcu_fd_sc_mcu7t5v0__dlyb_1)
                                                         net501 (net)
                      0.696770    0.000798   20.928322 v _25631_/A4 (gf180mcu_fd_sc_mcu7t5v0__or4_1)
     4    0.022587    0.852723    2.046024   22.974344 v _25631_/Z (gf180mcu_fd_sc_mcu7t5v0__or4_1)
                                                         _04639_ (net)
                      0.852723    0.000167   22.974512 v _25632_/A2 (gf180mcu_fd_sc_mcu7t5v0__nand2_1)
     1    0.008183    0.512240    0.510786   23.485298 ^ _25632_/ZN (gf180mcu_fd_sc_mcu7t5v0__nand2_1)
                                                         _04640_ (net)
                      0.512240    0.000082   23.485380 ^ _25633_/A2 (gf180mcu_fd_sc_mcu7t5v0__xnor2_1)
    12    0.088620    5.504739    2.193579   25.678959 ^ _25633_/ZN (gf180mcu_fd_sc_mcu7t5v0__xnor2_1)
                                                         _04641_ (net)
                      5.504739    0.003789   25.682747 ^ _25635_/A2 (gf180mcu_fd_sc_mcu7t5v0__nand2_1)
     3    0.017838    1.388945    0.467614   26.150360 v _25635_/ZN (gf180mcu_fd_sc_mcu7t5v0__nand2_1)
                                                         _04643_ (net)
                      1.388945    0.000242   26.150602 v _25641_/A2 (gf180mcu_fd_sc_mcu7t5v0__xor3_1)
     2    0.014835    0.686401    2.539709   28.690311 v _25641_/Z (gf180mcu_fd_sc_mcu7t5v0__xor3_1)
                                                         _04649_ (net)
                      0.686401    0.000298   28.690609 v _25643_/A2 (gf180mcu_fd_sc_mcu7t5v0__xnor2_1)
     5    0.032716    1.128788    1.159167   29.849777 v _25643_/ZN (gf180mcu_fd_sc_mcu7t5v0__xnor2_1)
                                                         _04651_ (net)
                      1.128788    0.000419   29.850197 v _25697_/A2 (gf180mcu_fd_sc_mcu7t5v0__and3_1)
     4    0.020838    0.501182    1.090608   30.940805 v _25697_/Z (gf180mcu_fd_sc_mcu7t5v0__and3_1)
                                                         _04704_ (net)
                      0.501182    0.000320   30.941124 v _25740_/A2 (gf180mcu_fd_sc_mcu7t5v0__or3_1)
     1    0.005554    0.434882    1.226059   32.167183 v _25740_/Z (gf180mcu_fd_sc_mcu7t5v0__or3_1)
                                                         _04746_ (net)
                      0.434882    0.000053   32.167236 v _25763_/A2 (gf180mcu_fd_sc_mcu7t5v0__xor3_1)
     3    0.024865    0.927031    2.297789   34.465027 v _25763_/Z (gf180mcu_fd_sc_mcu7t5v0__xor3_1)
                                                         _04769_ (net)
                      0.927031    0.000206   34.465233 v _25793_/A2 (gf180mcu_fd_sc_mcu7t5v0__aoi21_1)
     4    0.028373    1.896490    1.319350   35.784580 ^ _25793_/ZN (gf180mcu_fd_sc_mcu7t5v0__aoi21_1)
                                                         _04798_ (net)
                      1.896490    0.000490   35.785072 ^ _25816_/A1 (gf180mcu_fd_sc_mcu7t5v0__xor3_1)
     1    0.007234    0.807115    1.827097   37.612167 ^ _25816_/Z (gf180mcu_fd_sc_mcu7t5v0__xor3_1)
                                                         _04821_ (net)
                      0.807115    0.000149   37.612316 ^ _25832_/B1 (gf180mcu_fd_sc_mcu7t5v0__oai32_1)
     2    0.017769    0.842209    0.604388   38.216705 v _25832_/ZN (gf180mcu_fd_sc_mcu7t5v0__oai32_1)
                                                         _04836_ (net)
                      0.842209    0.000572   38.217278 v _25861_/A1 (gf180mcu_fd_sc_mcu7t5v0__xor3_1)
     1    0.004763    0.604554    2.162985   40.380260 v _25861_/Z (gf180mcu_fd_sc_mcu7t5v0__xor3_1)
                                                         _04865_ (net)
                      0.604554    0.000046   40.380310 v _25878_/A3 (gf180mcu_fd_sc_mcu7t5v0__oai32_1)
     2    0.012151    2.111203    1.381011   41.761318 ^ _25878_/ZN (gf180mcu_fd_sc_mcu7t5v0__oai32_1)
                                                         _04881_ (net)
                      2.111203    0.000277   41.761597 ^ _25904_/A2 (gf180mcu_fd_sc_mcu7t5v0__xor3_1)
     3    0.019456    1.457838    2.084789   43.846386 ^ _25904_/Z (gf180mcu_fd_sc_mcu7t5v0__xor3_1)
                                                         _04907_ (net)
                      1.457838    0.000284   43.846668 ^ _25906_/A2 (gf180mcu_fd_sc_mcu7t5v0__xnor2_1)
     1    0.008001    0.850754    0.904492   44.751163 ^ _25906_/ZN (gf180mcu_fd_sc_mcu7t5v0__xnor2_1)
                                                         _04909_ (net)
                      0.850754    0.000078   44.751240 ^ _25908_/A2 (gf180mcu_fd_sc_mcu7t5v0__xor2_1)
     2    0.020883    1.466665    1.173753   45.924992 ^ _25908_/Z (gf180mcu_fd_sc_mcu7t5v0__xor2_1)
                                                         _04911_ (net)
                      1.466665    0.000512   45.925507 ^ _25947_/A2 (gf180mcu_fd_sc_mcu7t5v0__oai21_1)
     2    0.013597    0.778243    0.562149   46.487656 v _25947_/ZN (gf180mcu_fd_sc_mcu7t5v0__oai21_1)
                                                         _04949_ (net)
                      0.778243    0.000121   46.487774 v _25973_/B (gf180mcu_fd_sc_mcu7t5v0__aoi21_1)
     3    0.018571    1.410610    1.008484   47.496258 ^ _25973_/ZN (gf180mcu_fd_sc_mcu7t5v0__aoi21_1)
                                                         _04974_ (net)
                      1.410610    0.000302   47.496559 ^ _25974_/A2 (gf180mcu_fd_sc_mcu7t5v0__and2_1)
     1    0.006563    0.343109    0.646853   48.143414 ^ _25974_/Z (gf180mcu_fd_sc_mcu7t5v0__and2_1)
                                                         _04975_ (net)
                      0.343109    0.000089   48.143501 ^ _26015_/A1 (gf180mcu_fd_sc_mcu7t5v0__nand4_1)
     2    0.011934    1.004022    0.528395   48.671898 v _26015_/ZN (gf180mcu_fd_sc_mcu7t5v0__nand4_1)
                                                         _05013_ (net)
                      1.004022    0.000181   48.672081 v _26016_/A2 (gf180mcu_fd_sc_mcu7t5v0__and2_1)
     3    0.019709    0.465595    0.911641   49.583721 v _26016_/Z (gf180mcu_fd_sc_mcu7t5v0__and2_1)
                                                         _05014_ (net)
                      0.465595    0.000338   49.584057 v load_slew85/I (gf180mcu_fd_sc_mcu7t5v0__buf_3)
    12    0.092857    0.579206    0.840572   50.424629 v load_slew85/Z (gf180mcu_fd_sc_mcu7t5v0__buf_3)
                                                         net85 (net)
                      0.579295    0.004007   50.428638 v _26018_/A1 (gf180mcu_fd_sc_mcu7t5v0__or2_1)
     2    0.010422    0.390189    0.923127   51.351765 v _26018_/Z (gf180mcu_fd_sc_mcu7t5v0__or2_1)
                                                         _05016_ (net)
                      0.390189    0.000146   51.351910 v wire58/I (gf180mcu_fd_sc_mcu7t5v0__dlyb_1)
     2    0.039120    0.905370    2.436252   53.788162 v wire58/Z (gf180mcu_fd_sc_mcu7t5v0__dlyb_1)
                                                         net58 (net)
                      0.905370    0.000547   53.788708 v _26020_/A2 (gf180mcu_fd_sc_mcu7t5v0__xnor2_1)
     2    0.009705    0.644366    0.862205   54.650913 v _26020_/ZN (gf180mcu_fd_sc_mcu7t5v0__xnor2_1)
                                                         _05018_ (net)
                      0.644366    0.000089   54.651001 v _26022_/A2 (gf180mcu_fd_sc_mcu7t5v0__or2_1)
     2    0.012702    0.424086    0.968566   55.619568 v _26022_/Z (gf180mcu_fd_sc_mcu7t5v0__or2_1)
                                                         _05020_ (net)
                      0.424086    0.000227   55.619793 v _26026_/A2 (gf180mcu_fd_sc_mcu7t5v0__nand2_1)
     2    0.009579    0.467657    0.406860   56.026653 ^ _26026_/ZN (gf180mcu_fd_sc_mcu7t5v0__nand2_1)
                                                         _05023_ (net)
                      0.467657    0.000135   56.026791 ^ _26029_/A1 (gf180mcu_fd_sc_mcu7t5v0__and2_1)
     3    0.018380    0.623693    0.803251   56.830040 ^ _26029_/Z (gf180mcu_fd_sc_mcu7t5v0__and2_1)
                                                         _05026_ (net)
                      0.623693    0.000355   56.830395 ^ _26035_/A2 (gf180mcu_fd_sc_mcu7t5v0__oai21_1)
     3    0.020245    0.755481    0.566484   57.396881 v _26035_/ZN (gf180mcu_fd_sc_mcu7t5v0__oai21_1)
                                                         _05031_ (net)
                      0.755481    0.000373   57.397251 v _26048_/A1 (gf180mcu_fd_sc_mcu7t5v0__oai211_1)
     3    0.013018    1.066200    0.816755   58.214008 ^ _26048_/ZN (gf180mcu_fd_sc_mcu7t5v0__oai211_1)
                                                         _05042_ (net)
                      1.066200    0.000117   58.214127 ^ _26060_/A2 (gf180mcu_fd_sc_mcu7t5v0__and3_1)
     2    0.012955    0.537636    0.983963   59.198090 ^ _26060_/Z (gf180mcu_fd_sc_mcu7t5v0__and3_1)
                                                         _05052_ (net)
                      0.537636    0.000231   59.198318 ^ _26064_/A1 (gf180mcu_fd_sc_mcu7t5v0__oai21_1)
     3    0.019954    0.739627    0.508063   59.706383 v _26064_/ZN (gf180mcu_fd_sc_mcu7t5v0__oai21_1)
                                                         _05056_ (net)
                      0.739627    0.000433   59.706814 v _26073_/A2 (gf180mcu_fd_sc_mcu7t5v0__aoi21_1)
     2    0.010875    1.040582    0.745501   60.452316 ^ _26073_/ZN (gf180mcu_fd_sc_mcu7t5v0__aoi21_1)
                                                         _05064_ (net)
                      1.040582    0.000206   60.452522 ^ _26080_/A2 (gf180mcu_fd_sc_mcu7t5v0__oai21_1)
     3    0.020274    0.808880    0.644285   61.096809 v _26080_/ZN (gf180mcu_fd_sc_mcu7t5v0__oai21_1)
                                                         _05070_ (net)
                      0.808880    0.000341   61.097149 v _26086_/A2 (gf180mcu_fd_sc_mcu7t5v0__and3_1)
     1    0.004813    0.260306    0.771387   61.868534 v _26086_/Z (gf180mcu_fd_sc_mcu7t5v0__and3_1)
                                                         _05075_ (net)
                      0.260306    0.000050   61.868584 v _26088_/A2 (gf180mcu_fd_sc_mcu7t5v0__oai31_1)
     1    0.004107    1.004252    0.718948   62.587532 ^ _26088_/ZN (gf180mcu_fd_sc_mcu7t5v0__oai31_1)
                                                         _00823_ (net)
                      1.004252    0.000078   62.587612 ^ _40448_/D (gf180mcu_fd_sc_mcu7t5v0__dffrnq_1)
                                             62.587612   data arrival time

                                100.000000  100.000000   clock core_clk (rise edge)
                                  0.000000  100.000000   clock source latency
     2    0.131429    0.000000    0.000000  100.000000 ^ clk (in)
                                                         clk (net)
                      0.054087    0.022126  100.022125 ^ clkbuf_0_clk/I (gf180mcu_fd_sc_mcu7t5v0__clkbuf_16)
     4    0.205179    0.442282    0.577757  100.599876 ^ clkbuf_0_clk/Z (gf180mcu_fd_sc_mcu7t5v0__clkbuf_16)
                                                         clknet_0_clk (net)
                      0.442392    0.010324  100.610207 ^ clkbuf_2_0_0_clk/I (gf180mcu_fd_sc_mcu7t5v0__clkbuf_8)
    16    0.426309    1.504285    1.268894  101.879097 ^ clkbuf_2_0_0_clk/Z (gf180mcu_fd_sc_mcu7t5v0__clkbuf_8)
                                                         clknet_2_0_0_clk (net)
                      1.506020    0.028216  101.907310 ^ clkbuf_6_1_0_clk/I (gf180mcu_fd_sc_mcu7t5v0__clkbuf_8)
     9    0.167061    0.657651    0.953221  102.860535 ^ clkbuf_6_1_0_clk/Z (gf180mcu_fd_sc_mcu7t5v0__clkbuf_8)
                                                         clknet_6_1_0_clk (net)
                      0.657654    0.002352  102.862885 ^ clkbuf_leaf_446_clk/I (gf180mcu_fd_sc_mcu7t5v0__clkbuf_8)
     7    0.039943    0.250853    0.564782  103.427666 ^ clkbuf_leaf_446_clk/Z (gf180mcu_fd_sc_mcu7t5v0__clkbuf_8)
                                                         clknet_leaf_446_clk (net)
                      0.250853    0.000171  103.427841 ^ _40448_/CLK (gf180mcu_fd_sc_mcu7t5v0__dffrnq_1)
                                  0.000000  103.427841   clock reconvergence pessimism
                                 -0.714109  102.713730   library setup time
                                            102.713730   data required time
---------------------------------------------------------------------------------------------
                                            102.713730   data required time
                                            -62.587612   data arrival time
---------------------------------------------------------------------------------------------
                                             40.126118   slack (MET)




===========================================================================
report_checks --slack_max -0.01
============================================================================
======================= nom_ss_125C_4v50 Corner ===================================

No paths found.


===========================================================================
 report_check_types -max_slew -max_cap -max_fanout -violators
============================================================================
======================= nom_ss_125C_4v50 Corner ===================================



===========================================================================
report_parasitic_annotation -report_unannotated
============================================================================
Found 426 unannotated drivers.
 clkload0/ZN
 clkload1/ZN
 clkload10/ZN
 clkload100/ZN
 clkload101/ZN
 clkload102/ZN
 clkload103/ZN
 clkload104/ZN
 clkload105/Z
 clkload106/ZN
 clkload107/ZN
 clkload108/ZN
 clkload109/Z
 clkload11/ZN
 clkload110/Z
 clkload111/ZN
 clkload112/ZN
 clkload113/ZN
 clkload114/Z
 clkload115/ZN
 clkload116/ZN
 clkload117/ZN
 clkload118/ZN
 clkload119/ZN
 clkload12/Z
 clkload120/ZN
 clkload121/ZN
 clkload122/ZN
 clkload123/ZN
 clkload124/ZN
 clkload125/ZN
 clkload126/ZN
 clkload127/ZN
 clkload128/ZN
 clkload129/ZN
 clkload13/ZN
 clkload130/ZN
 clkload131/ZN
 clkload132/ZN
 clkload133/ZN
 clkload134/ZN
 clkload135/ZN
 clkload136/ZN
 clkload137/ZN
 clkload138/ZN
 clkload139/ZN
 clkload14/ZN
 clkload140/ZN
 clkload141/ZN
 clkload142/ZN
 clkload143/ZN
 clkload144/ZN
 clkload145/ZN
 clkload146/ZN
 clkload147/ZN
 clkload148/ZN
 clkload149/ZN
 clkload15/ZN
 clkload150/ZN
 clkload151/Z
 clkload152/ZN
 clkload153/Z
 clkload154/Z
 clkload155/ZN
 clkload156/Z
 clkload157/ZN
 clkload158/ZN
 clkload159/ZN
 clkload16/ZN
 clkload160/ZN
 clkload161/ZN
 clkload162/ZN
 clkload163/ZN
 clkload164/ZN
 clkload165/ZN
 clkload166/ZN
 clkload167/ZN
 clkload168/ZN
 clkload169/ZN
 clkload17/ZN
 clkload170/ZN
 clkload171/ZN
 clkload172/ZN
 clkload173/ZN
 clkload174/ZN
 clkload175/ZN
 clkload176/ZN
 clkload177/ZN
 clkload178/ZN
 clkload179/ZN
 clkload18/ZN
 clkload180/ZN
 clkload181/ZN
 clkload182/ZN
 clkload183/ZN
 clkload184/ZN
 clkload185/ZN
 clkload186/Z
 clkload187/Z
 clkload188/ZN
 clkload189/ZN
 clkload19/ZN
 clkload190/ZN
 clkload191/Z
 clkload192/Z
 clkload193/ZN
 clkload194/ZN
 clkload195/Z
 clkload196/ZN
 clkload197/ZN
 clkload198/ZN
 clkload199/ZN
 clkload2/ZN
 clkload20/ZN
 clkload200/ZN
 clkload201/ZN
 clkload202/ZN
 clkload203/ZN
 clkload204/ZN
 clkload205/ZN
 clkload206/ZN
 clkload207/ZN
 clkload208/ZN
 clkload209/ZN
 clkload21/ZN
 clkload210/ZN
 clkload211/ZN
 clkload212/ZN
 clkload213/ZN
 clkload214/ZN
 clkload215/ZN
 clkload216/ZN
 clkload217/ZN
 clkload218/ZN
 clkload219/ZN
 clkload22/ZN
 clkload220/ZN
 clkload221/ZN
 clkload222/Z
 clkload223/ZN
 clkload224/ZN
 clkload225/ZN
 clkload226/Z
 clkload227/Z
 clkload228/ZN
 clkload229/ZN
 clkload23/ZN
 clkload230/ZN
 clkload231/ZN
 clkload232/ZN
 clkload233/ZN
 clkload234/ZN
 clkload235/ZN
 clkload236/ZN
 clkload237/ZN
 clkload238/ZN
 clkload239/ZN
 clkload24/ZN
 clkload240/ZN
 clkload241/ZN
 clkload242/ZN
 clkload243/Z
 clkload244/Z
 clkload245/Z
 clkload246/ZN
 clkload247/ZN
 clkload248/ZN
 clkload249/ZN
 clkload25/ZN
 clkload250/ZN
 clkload251/ZN
 clkload252/ZN
 clkload253/ZN
 clkload254/ZN
 clkload255/ZN
 clkload256/ZN
 clkload257/ZN
 clkload258/ZN
 clkload259/ZN
 clkload26/ZN
 clkload260/ZN
 clkload261/Z
 clkload262/ZN
 clkload263/ZN
 clkload264/ZN
 clkload265/Z
 clkload266/ZN
 clkload267/ZN
 clkload268/ZN
 clkload269/ZN
 clkload27/ZN
 clkload270/ZN
 clkload271/ZN
 clkload272/ZN
 clkload273/ZN
 clkload274/ZN
 clkload275/ZN
 clkload276/ZN
 clkload277/ZN
 clkload278/ZN
 clkload279/ZN
 clkload28/ZN
 clkload280/ZN
 clkload281/ZN
 clkload282/ZN
 clkload283/Z
 clkload284/ZN
 clkload285/Z
 clkload286/ZN
 clkload287/ZN
 clkload288/ZN
 clkload289/ZN
 clkload29/ZN
 clkload290/ZN
 clkload291/Z
 clkload292/Z
 clkload293/ZN
 clkload294/ZN
 clkload295/ZN
 clkload296/ZN
 clkload297/ZN
 clkload298/ZN
 clkload299/ZN
 clkload3/ZN
 clkload30/ZN
 clkload300/ZN
 clkload301/ZN
 clkload302/ZN
 clkload303/ZN
 clkload304/ZN
 clkload305/ZN
 clkload306/Z
 clkload307/ZN
 clkload308/ZN
 clkload309/ZN
 clkload31/ZN
 clkload310/ZN
 clkload311/ZN
 clkload312/ZN
 clkload313/ZN
 clkload314/ZN
 clkload315/ZN
 clkload316/ZN
 clkload317/ZN
 clkload318/ZN
 clkload319/ZN
 clkload32/ZN
 clkload320/ZN
 clkload321/ZN
 clkload322/ZN
 clkload323/ZN
 clkload324/ZN
 clkload325/Z
 clkload326/ZN
 clkload327/Z
 clkload328/ZN
 clkload329/ZN
 clkload33/ZN
 clkload330/ZN
 clkload331/ZN
 clkload332/ZN
 clkload333/ZN
 clkload334/ZN
 clkload335/ZN
 clkload336/ZN
 clkload337/ZN
 clkload338/ZN
 clkload339/ZN
 clkload34/ZN
 clkload340/Z
 clkload341/ZN
 clkload342/ZN
 clkload343/ZN
 clkload344/ZN
 clkload345/ZN
 clkload346/ZN
 clkload347/ZN
 clkload348/ZN
 clkload349/ZN
 clkload35/ZN
 clkload350/Z
 clkload351/ZN
 clkload352/ZN
 clkload353/ZN
 clkload354/ZN
 clkload355/ZN
 clkload356/ZN
 clkload357/ZN
 clkload358/ZN
 clkload359/ZN
 clkload36/ZN
 clkload360/ZN
 clkload361/ZN
 clkload362/ZN
 clkload363/ZN
 clkload364/Z
 clkload365/ZN
 clkload366/ZN
 clkload367/Z
 clkload368/ZN
 clkload369/Z
 clkload37/ZN
 clkload370/Z
 clkload371/ZN
 clkload372/ZN
 clkload373/ZN
 clkload374/ZN
 clkload375/ZN
 clkload376/ZN
 clkload377/ZN
 clkload378/Z
 clkload379/ZN
 clkload38/ZN
 clkload380/ZN
 clkload381/ZN
 clkload382/ZN
 clkload383/ZN
 clkload384/ZN
 clkload385/ZN
 clkload386/ZN
 clkload387/ZN
 clkload388/ZN
 clkload389/ZN
 clkload39/ZN
 clkload390/ZN
 clkload391/ZN
 clkload392/ZN
 clkload393/ZN
 clkload394/ZN
 clkload395/ZN
 clkload396/ZN
 clkload397/ZN
 clkload398/ZN
 clkload399/ZN
 clkload4/ZN
 clkload40/ZN
 clkload400/ZN
 clkload401/ZN
 clkload402/Z
 clkload403/ZN
 clkload404/ZN
 clkload405/ZN
 clkload406/ZN
 clkload407/ZN
 clkload408/ZN
 clkload409/ZN
 clkload41/ZN
 clkload410/ZN
 clkload411/ZN
 clkload412/ZN
 clkload413/ZN
 clkload414/Z
 clkload415/Z
 clkload416/ZN
 clkload417/ZN
 clkload418/Z
 clkload419/ZN
 clkload42/ZN
 clkload420/ZN
 clkload421/ZN
 clkload422/ZN
 clkload423/ZN
 clkload424/ZN
 clkload425/ZN
 clkload43/ZN
 clkload44/ZN
 clkload45/ZN
 clkload46/Z
 clkload47/ZN
 clkload48/ZN
 clkload49/ZN
 clkload5/ZN
 clkload50/Z
 clkload51/ZN
 clkload52/Z
 clkload53/ZN
 clkload54/ZN
 clkload55/ZN
 clkload56/Z
 clkload57/ZN
 clkload58/ZN
 clkload59/Z
 clkload6/ZN
 clkload60/ZN
 clkload61/Z
 clkload62/ZN
 clkload63/ZN
 clkload64/ZN
 clkload65/ZN
 clkload66/ZN
 clkload67/ZN
 clkload68/ZN
 clkload69/ZN
 clkload7/ZN
 clkload70/ZN
 clkload71/Z
 clkload72/Z
 clkload73/ZN
 clkload74/ZN
 clkload75/ZN
 clkload76/ZN
 clkload77/ZN
 clkload78/ZN
 clkload79/ZN
 clkload8/ZN
 clkload80/ZN
 clkload81/ZN
 clkload82/ZN
 clkload83/Z
 clkload84/Z
 clkload85/ZN
 clkload86/ZN
 clkload87/ZN
 clkload88/ZN
 clkload89/ZN
 clkload9/ZN
 clkload90/ZN
 clkload91/ZN
 clkload92/ZN
 clkload93/ZN
 clkload94/ZN
 clkload95/ZN
 clkload96/ZN
 clkload97/ZN
 clkload98/ZN
 clkload99/ZN
Found 0 partially unannotated drivers.

===========================================================================
max slew violation count 0
max fanout violation count 0
max cap violation count 0
============================================================================

===========================================================================
check_setup -verbose -unconstrained_endpoints -multiple_clock -no_clock -no_input_delay -loops -generated_clocks
===========================================================================
