Clock: core_clk
Sources: clk 
Generated: no
Virtual: yes
Propagated: no
Period: 100.000000

===========================================================================
report_clock_properties
============================================================================
Clock                   Period          Waveform
----------------------------------------------------
core_clk            100.000000    0.000000 50.000000

===========================================================================
report_clock_latency
============================================================================
Clock core_clk
rise -> rise
    min     max
0.000000 0.000000 source latency
2.729587         network latency _41146_/CLK
        3.518910 network latency _40891_/CLK
---------------
2.729587 3.518910 latency
        0.789323 skew

fall -> fall
    min     max
0.000000 0.000000 source latency
3.048790         network latency _41146_/CLK
        3.945374 network latency _40891_/CLK
---------------
3.048790 3.945374 latency
        0.896584 skew



===========================================================================
report_clock_min_period
============================================================================
core_clk period_min = 59.87 fmax = 16.70
