
===========================================================================
 report_power
============================================================================
======================= nom_ss_125C_4v50 Corner ===================================

Group                    Internal    Switching      Leakage        Total
                            Power        Power        Power        Power (Watts)
------------------------------------------------------------------------
Sequential           1.672543e-02 1.234667e-03 3.746884e-06 1.796385e-02  43.2%
Combinational        4.167431e-03 4.170232e-03 1.441357e-05 8.352077e-03  20.1%
Clock                8.515843e-03 6.766970e-03 1.600194e-05 1.529882e-02  36.8%
Macro                0.000000e+00 0.000000e+00 0.000000e+00 0.000000e+00   0.0%
Pad                  0.000000e+00 0.000000e+00 0.000000e+00 0.000000e+00   0.0%
------------------------------------------------------------------------
Total                2.940864e-02 1.217186e-02 3.415898e-05 4.161466e-02 100.0%
                            70.7%        29.2%         0.1%

