Reading timing models for corner nom_tt_025C_5v00…
Reading timing library for the 'nom_tt_025C_5v00' corner at '/foss/pdks/gf180mcuD/libs.ref/gf180mcu_fd_sc_mcu7t5v0/lib/gf180mcu_fd_sc_mcu7t5v0__tt_025C_5v00.lib'…
Reading OpenROAD database at '/foss/designs/lstm16x_int8_gf180_1000x1000/A54_A_wrapper/synthesis/runs/A54_A_wrapper_clean5/16-openroad-repairantennas/1-openroad-diodeinsertion/A54_A.odb'…
Reading design constraints file at '/foss/designs/lstm16x_int8_gf180_1000x1000/A54_A_wrapper/synthesis/constraints.sdc'…
[INFO] No information on clock propagation in input SDC file-- propagating all clocks.
[INFO ORD-0030] Using 32 thread(s).
+ detailed_route -droute_end_iter 64 -or_seed 42 -verbose 1 -output_drc /foss/designs/lstm16x_int8_gf180_1000x1000/A54_A_wrapper/synthesis/runs/A54_A_wrapper_clean5/18-openroad-detailedrouting/drt-run-0/A54_A.drc
[INFO DRT-0149] Reading tech and libs.
[WARNING DRT-0349] LEF58_ENCLOSURE with no CUTCLASS is not supported. Skipping for layer Via1
[WARNING DRT-0349] LEF58_ENCLOSURE with no CUTCLASS is not supported. Skipping for layer Via1
[WARNING DRT-0349] LEF58_ENCLOSURE with no CUTCLASS is not supported. Skipping for layer Via2
[WARNING DRT-0349] LEF58_ENCLOSURE with no CUTCLASS is not supported. Skipping for layer Via2
[WARNING DRT-0349] LEF58_ENCLOSURE with no CUTCLASS is not supported. Skipping for layer Via3
[WARNING DRT-0349] LEF58_ENCLOSURE with no CUTCLASS is not supported. Skipping for layer Via3
[WARNING DRT-0349] LEF58_ENCLOSURE with no CUTCLASS is not supported. Skipping for layer Via4
[WARNING DRT-0349] LEF58_ENCLOSURE with no CUTCLASS is not supported. Skipping for layer Via4

Units:                2000
Number of layers:     11
Number of macros:     229
Number of vias:       59
Number of viarulegen: 16

[INFO DRT-0150] Reading design.

Design:                   A54_A
Die area:                 ( 0 0 ) ( 2220000 2220000 )
Number of track patterns: 10
Number of DEF vias:       0
Number of components:     34565
Number of terminals:      125
Number of snets:          2
Number of nets:           26154

[INFO DRT-0167] List of default vias:
  Layer Via2
    default via: Via2_VH
  Layer Via3
    default via: Via3_HV
  Layer Via4
    default via: Via4_VH
[INFO DRT-0162] Library cell analysis.
[INFO DRT-0163] Instance analysis.
[INFO DRT-0164] Number of unique instances = 283.
[INFO DRT-0168] Init region query.
[INFO DRT-0024]   Complete Poly2.
[INFO DRT-0024]   Complete CON.
[INFO DRT-0024]   Complete Metal1.
[INFO DRT-0024]   Complete Via1.
[INFO DRT-0024]   Complete Metal2.
[INFO DRT-0024]   Complete Via2.
[INFO DRT-0024]   Complete Metal3.
[INFO DRT-0024]   Complete Via3.
[INFO DRT-0024]   Complete Metal4.
[INFO DRT-0024]   Complete Via4.
[INFO DRT-0024]   Complete Metal5.
[INFO DRT-0033] Poly2 shape region query size = 0.
[INFO DRT-0033] CON shape region query size = 0.
[INFO DRT-0033] Metal1 shape region query size = 667498.
[INFO DRT-0033] Via1 shape region query size = 35624.
[INFO DRT-0033] Metal2 shape region query size = 8057.
[INFO DRT-0033] Via2 shape region query size = 35622.
[INFO DRT-0033] Metal3 shape region query size = 7916.
[INFO DRT-0033] Via3 shape region query size = 35622.
[INFO DRT-0033] Metal4 shape region query size = 3987.
[INFO DRT-0033] Via4 shape region query size = 0.
[INFO DRT-0033] Metal5 shape region query size = 0.
[INFO DRT-0165] Start pin access.
[INFO DRT-0076]   Complete 1000 pins.
[INFO DRT-0076]   Complete 2000 pins.
[INFO DRT-0078]   Complete 2133 pins.
[INFO DRT-0079]   Complete 100 unique inst patterns.
[INFO DRT-0079]   Complete 200 unique inst patterns.
[INFO DRT-0081]   Complete 284 unique inst patterns.
[INFO DRT-0082]   Complete 10000 groups.
[INFO DRT-0084]   Complete 16776 groups.
#scanned instances     = 34565
#unique  instances     = 288
#stdCellGenAp          = 6187
#stdCellValidPlanarAp  = 0
#stdCellValidViaAp     = 5094
#stdCellPinNoAp        = 0
#stdCellPinCnt         = 90959
#instTermValidViaApCnt = 0
#macroGenAp            = 0
#macroValidPlanarAp    = 0
#macroValidViaAp       = 0
#macroNoAp             = 0
[INFO DRT-0166] Complete pin access.
[INFO DRT-0267] cpu time = 00:01:18, elapsed time = 00:00:02, memory = 289.53 (MB), peak = 294.80 (MB)
[INFO DRT-0156] guideIn read 100000 guides.
[INFO DRT-0156] guideIn read 200000 guides.

[INFO DRT-0157] Number of guides:     219207

[INFO DRT-0169] Post process guides.
[INFO DRT-0176] GCELLGRID X 0 DO 132 STEP 16800 ;
[INFO DRT-0177] GCELLGRID Y 0 DO 132 STEP 16800 ;
[INFO DRT-0026]   Complete 100000 origin guides.
[INFO DRT-0026]   Complete 200000 origin guides.
[INFO DRT-0028]   Complete Poly2.
[INFO DRT-0028]   Complete CON.
[INFO DRT-0028]   Complete Metal1.
[INFO DRT-0028]   Complete Via1.
[INFO DRT-0028]   Complete Metal2.
[INFO DRT-0028]   Complete Via2.
[INFO DRT-0028]   Complete Metal3.
[INFO DRT-0028]   Complete Via3.
[INFO DRT-0028]   Complete Metal4.
[INFO DRT-0028]   Complete Via4.
[INFO DRT-0028]   Complete Metal5.
[INFO DRT-0178] Init guide query.
[INFO DRT-0035]   Complete Poly2 (guide).
[INFO DRT-0035]   Complete CON (guide).
[INFO DRT-0035]   Complete Metal1 (guide).
[INFO DRT-0035]   Complete Via1 (guide).
[INFO DRT-0035]   Complete Metal2 (guide).
[INFO DRT-0035]   Complete Via2 (guide).
[INFO DRT-0035]   Complete Metal3 (guide).
[INFO DRT-0035]   Complete Via3 (guide).
[INFO DRT-0035]   Complete Metal4 (guide).
[INFO DRT-0035]   Complete Via4 (guide).
[INFO DRT-0035]   Complete Metal5 (guide).
[INFO DRT-0036] Poly2 guide region query size = 0.
[INFO DRT-0036] CON guide region query size = 0.
[INFO DRT-0036] Metal1 guide region query size = 78084.
[INFO DRT-0036] Via1 guide region query size = 0.
[INFO DRT-0036] Metal2 guide region query size = 69346.
[INFO DRT-0036] Via2 guide region query size = 0.
[INFO DRT-0036] Metal3 guide region query size = 33727.
[INFO DRT-0036] Via3 guide region query size = 0.
[INFO DRT-0036] Metal4 guide region query size = 486.
[INFO DRT-0036] Via4 guide region query size = 0.
[INFO DRT-0036] Metal5 guide region query size = 0.
[INFO DRT-0179] Init gr pin query.
[INFO DRT-0267] cpu time = 00:00:03, elapsed time = 00:00:00, memory = 365.37 (MB), peak = 360.48 (MB)
[INFO DRT-0245] skipped writing guide updates to database.
[INFO DRT-0185] Post process initialize RPin region query.
[INFO DRT-0181] Start track assignment.
[INFO DRT-0184] Done with 69832 vertical wires in 3 frboxes and 111811 horizontal wires in 3 frboxes.
[INFO DRT-0186] Done with 19145 vertical wires in 3 frboxes and 15784 horizontal wires in 3 frboxes.
[INFO DRT-0182] Complete track assignment.
[INFO DRT-0267] cpu time = 00:00:10, elapsed time = 00:00:04, memory = 818.84 (MB), peak = 814.03 (MB)
[INFO DRT-0187] Start routing data preparation.
[INFO DRT-0267] cpu time = 00:00:00, elapsed time = 00:00:00, memory = 840.09 (MB), peak = 835.03 (MB)
[INFO DRT-0194] Start detail routing.
[INFO DRT-0195] Start 0th optimization iteration.
    Completing 10% with 0 violations.
    elapsed time = 00:00:01, memory = 1135.96 (MB).
    Completing 20% with 0 violations.
    elapsed time = 00:00:01, memory = 1230.77 (MB).
    Completing 30% with 1117 violations.
    elapsed time = 00:00:03, memory = 1316.16 (MB).
    Completing 40% with 1117 violations.
    elapsed time = 00:00:04, memory = 1331.60 (MB).
    Completing 50% with 1117 violations.
    elapsed time = 00:00:05, memory = 1360.51 (MB).
    Completing 60% with 2192 violations.
    elapsed time = 00:00:06, memory = 1408.09 (MB).
    Completing 70% with 2192 violations.
    elapsed time = 00:00:07, memory = 1420.18 (MB).
    Completing 80% with 3223 violations.
    elapsed time = 00:00:08, memory = 1449.83 (MB).
    Completing 90% with 3223 violations.
    elapsed time = 00:00:10, memory = 1459.88 (MB).
    Completing 100% with 4235 violations.
    elapsed time = 00:00:11, memory = 1484.31 (MB).
[INFO DRT-0199]   Number of violations = 6037.
Viol/Layer      Metal1 Metal2   Via2 Metal3   Via3 Metal4
Cut Spacing          0      0      1      0      7      0
Metal Spacing        0    470      0      6      0      4
Recheck             82   1280      0    397      0     43
Short                0   3505      0    189     30     23
[INFO DRT-0267] cpu time = 00:04:28, elapsed time = 00:00:12, memory = 1751.15 (MB), peak = 1746.53 (MB)
Total wire length = 1080316 um.
Total wire length on LAYER Metal1 = 0 um.
Total wire length on LAYER Metal2 = 564127 um.
Total wire length on LAYER Metal3 = 501873 um.
Total wire length on LAYER Metal4 = 14315 um.
Total wire length on LAYER Metal5 = 0 um.
Total number of vias = 175622.
Up-via summary (total 175622):

-----------------
  Poly2         0
 Metal1     93622
 Metal2     80448
 Metal3      1552
 Metal4         0
-----------------
       175622


[INFO DRT-0195] Start 1st optimization iteration.
    Completing 10% with 6037 violations.
    elapsed time = 00:00:00, memory = 1765.27 (MB).
    Completing 20% with 6037 violations.
    elapsed time = 00:00:01, memory = 1769.16 (MB).
    Completing 30% with 4958 violations.
    elapsed time = 00:00:03, memory = 1781.17 (MB).
    Completing 40% with 4958 violations.
    elapsed time = 00:00:03, memory = 1787.25 (MB).
    Completing 50% with 4958 violations.
    elapsed time = 00:00:04, memory = 1788.48 (MB).
    Completing 60% with 3920 violations.
    elapsed time = 00:00:06, memory = 1792.78 (MB).
    Completing 70% with 3920 violations.
    elapsed time = 00:00:06, memory = 1793.60 (MB).
    Completing 80% with 2897 violations.
    elapsed time = 00:00:08, memory = 1799.87 (MB).
    Completing 90% with 2897 violations.
    elapsed time = 00:00:09, memory = 1806.10 (MB).
    Completing 100% with 1982 violations.
    elapsed time = 00:00:10, memory = 1812.35 (MB).
[INFO DRT-0199]   Number of violations = 1982.
Viol/Layer      Metal2 Metal3
Metal Spacing      210      0
Short             1753     19
[INFO DRT-0267] cpu time = 00:04:03, elapsed time = 00:00:11, memory = 1819.14 (MB), peak = 1813.78 (MB)
Total wire length = 1070405 um.
Total wire length on LAYER Metal1 = 0 um.
Total wire length on LAYER Metal2 = 555999 um.
Total wire length on LAYER Metal3 = 498754 um.
Total wire length on LAYER Metal4 = 15650 um.
Total wire length on LAYER Metal5 = 0 um.
Total number of vias = 174834.
Up-via summary (total 174834):

-----------------
  Poly2         0
 Metal1     93590
 Metal2     79478
 Metal3      1766
 Metal4         0
-----------------
       174834


[INFO DRT-0195] Start 2nd optimization iteration.
    Completing 10% with 1982 violations.
    elapsed time = 00:00:00, memory = 1823.16 (MB).
    Completing 20% with 1982 violations.
    elapsed time = 00:00:01, memory = 1823.40 (MB).
    Completing 30% with 1943 violations.
    elapsed time = 00:00:03, memory = 1824.37 (MB).
    Completing 40% with 1943 violations.
    elapsed time = 00:00:04, memory = 1825.80 (MB).
    Completing 50% with 1943 violations.
    elapsed time = 00:00:05, memory = 1828.25 (MB).
    Completing 60% with 1943 violations.
    elapsed time = 00:00:06, memory = 1834.63 (MB).
    Completing 70% with 1943 violations.
    elapsed time = 00:00:07, memory = 1837.14 (MB).
    Completing 80% with 1931 violations.
    elapsed time = 00:00:08, memory = 1841.98 (MB).
    Completing 90% with 1931 violations.
    elapsed time = 00:00:09, memory = 1843.75 (MB).
    Completing 100% with 1869 violations.
    elapsed time = 00:00:10, memory = 1846.58 (MB).
[INFO DRT-0199]   Number of violations = 1869.
Viol/Layer      Metal2 Metal3
Metal Spacing      188      1
Short             1653     27
[INFO DRT-0267] cpu time = 00:03:55, elapsed time = 00:00:11, memory = 1852.58 (MB), peak = 1847.28 (MB)
Total wire length = 1068295 um.
Total wire length on LAYER Metal1 = 0 um.
Total wire length on LAYER Metal2 = 554434 um.
Total wire length on LAYER Metal3 = 498038 um.
Total wire length on LAYER Metal4 = 15823 um.
Total wire length on LAYER Metal5 = 0 um.
Total number of vias = 174272.
Up-via summary (total 174272):

-----------------
  Poly2         0
 Metal1     93529
 Metal2     78966
 Metal3      1777
 Metal4         0
-----------------
       174272


[INFO DRT-0195] Start 3rd optimization iteration.
    Completing 10% with 1869 violations.
    elapsed time = 00:00:00, memory = 1855.65 (MB).
    Completing 20% with 1869 violations.
    elapsed time = 00:00:01, memory = 1855.65 (MB).
    Completing 30% with 1478 violations.
    elapsed time = 00:00:02, memory = 1863.16 (MB).
    Completing 40% with 1478 violations.
    elapsed time = 00:00:02, memory = 1867.07 (MB).
    Completing 50% with 1478 violations.
    elapsed time = 00:00:03, memory = 1867.07 (MB).
    Completing 60% with 997 violations.
    elapsed time = 00:00:04, memory = 1868.35 (MB).
    Completing 70% with 997 violations.
    elapsed time = 00:00:04, memory = 1868.35 (MB).
    Completing 80% with 556 violations.
    elapsed time = 00:00:05, memory = 1870.99 (MB).
    Completing 90% with 556 violations.
    elapsed time = 00:00:06, memory = 1871.21 (MB).
    Completing 100% with 91 violations.
    elapsed time = 00:00:06, memory = 1871.59 (MB).
[INFO DRT-0199]   Number of violations = 91.
Viol/Layer      Metal2
Metal Spacing       19
Short               72
[INFO DRT-0267] cpu time = 00:02:29, elapsed time = 00:00:07, memory = 1871.59 (MB), peak = 1866.78 (MB)
Total wire length = 1069234 um.
Total wire length on LAYER Metal1 = 0 um.
Total wire length on LAYER Metal2 = 535622 um.
Total wire length on LAYER Metal3 = 501731 um.
Total wire length on LAYER Metal4 = 31880 um.
Total wire length on LAYER Metal5 = 0 um.
Total number of vias = 178052.
Up-via summary (total 178052):

-----------------
  Poly2         0
 Metal1     93510
 Metal2     80579
 Metal3      3963
 Metal4         0
-----------------
       178052


[INFO DRT-0195] Start 4th guides tiles iteration.
    Completing 10% with 91 violations.
    elapsed time = 00:00:00, memory = 1871.59 (MB).
    Completing 20% with 91 violations.
    elapsed time = 00:00:00, memory = 1871.59 (MB).
    Completing 30% with 91 violations.
    elapsed time = 00:00:00, memory = 1871.59 (MB).
    Completing 40% with 91 violations.
    elapsed time = 00:00:00, memory = 1871.59 (MB).
    Completing 50% with 91 violations.
    elapsed time = 00:00:00, memory = 1871.59 (MB).
    Completing 60% with 91 violations.
    elapsed time = 00:00:00, memory = 1871.59 (MB).
    Completing 70% with 35 violations.
    elapsed time = 00:00:00, memory = 1871.59 (MB).
    Completing 80% with 35 violations.
    elapsed time = 00:00:00, memory = 1871.59 (MB).
    Completing 90% with 35 violations.
    elapsed time = 00:00:00, memory = 1871.59 (MB).
    Completing 100% with 33 violations.
    elapsed time = 00:00:00, memory = 1871.59 (MB).
[INFO DRT-0199]   Number of violations = 33.
Viol/Layer      Metal2
Metal Spacing       14
Short               19
[INFO DRT-0267] cpu time = 00:00:04, elapsed time = 00:00:00, memory = 1871.59 (MB), peak = 1866.78 (MB)
Total wire length = 1069395 um.
Total wire length on LAYER Metal1 = 0 um.
Total wire length on LAYER Metal2 = 535432 um.
Total wire length on LAYER Metal3 = 501905 um.
Total wire length on LAYER Metal4 = 32057 um.
Total wire length on LAYER Metal5 = 0 um.
Total number of vias = 178136.
Up-via summary (total 178136):

-----------------
  Poly2         0
 Metal1     93506
 Metal2     80629
 Metal3      4001
 Metal4         0
-----------------
       178136


[INFO DRT-0195] Start 5th guides tiles iteration.
    Completing 10% with 33 violations.
    elapsed time = 00:00:00, memory = 1871.59 (MB).
    Completing 20% with 33 violations.
    elapsed time = 00:00:00, memory = 1871.59 (MB).
    Completing 30% with 33 violations.
    elapsed time = 00:00:00, memory = 1871.59 (MB).
    Completing 40% with 33 violations.
    elapsed time = 00:00:00, memory = 1871.59 (MB).
    Completing 50% with 33 violations.
    elapsed time = 00:00:00, memory = 1871.59 (MB).
    Completing 60% with 33 violations.
    elapsed time = 00:00:00, memory = 1871.59 (MB).
    Completing 70% with 33 violations.
    elapsed time = 00:00:00, memory = 1871.59 (MB).
    Completing 80% with 33 violations.
    elapsed time = 00:00:00, memory = 1871.59 (MB).
    Completing 90% with 33 violations.
    elapsed time = 00:00:00, memory = 1871.59 (MB).
    Completing 100% with 33 violations.
    elapsed time = 00:00:00, memory = 1871.59 (MB).
[INFO DRT-0199]   Number of violations = 33.
Viol/Layer      Metal2
Metal Spacing       15
Short               18
[INFO DRT-0267] cpu time = 00:00:02, elapsed time = 00:00:00, memory = 1871.59 (MB), peak = 1866.78 (MB)
Total wire length = 1069390 um.
Total wire length on LAYER Metal1 = 0 um.
Total wire length on LAYER Metal2 = 535406 um.
Total wire length on LAYER Metal3 = 501897 um.
Total wire length on LAYER Metal4 = 32086 um.
Total wire length on LAYER Metal5 = 0 um.
Total number of vias = 178136.
Up-via summary (total 178136):

-----------------
  Poly2         0
 Metal1     93506
 Metal2     80627
 Metal3      4003
 Metal4         0
-----------------
       178136


[INFO DRT-0195] Start 6th stubborn tiles iteration.
    Completing 10% with 33 violations.
    elapsed time = 00:00:00, memory = 1871.59 (MB).
    Completing 20% with 33 violations.
    elapsed time = 00:00:01, memory = 1871.59 (MB).
    Completing 30% with 33 violations.
    elapsed time = 00:00:02, memory = 1871.59 (MB).
    Completing 40% with 33 violations.
    elapsed time = 00:00:03, memory = 1871.59 (MB).
    Completing 50% with 33 violations.
    elapsed time = 00:00:03, memory = 1886.43 (MB).
    Completing 60% with 33 violations.
    elapsed time = 00:00:04, memory = 2090.71 (MB).
    Completing 70% with 23 violations.
    elapsed time = 00:00:06, memory = 2126.30 (MB).
    Completing 80% with 23 violations.
    elapsed time = 00:00:07, memory = 2129.19 (MB).
    Completing 90% with 23 violations.
    elapsed time = 00:00:08, memory = 2129.23 (MB).
    Completing 100% with 22 violations.
    elapsed time = 00:00:09, memory = 2129.23 (MB).
[INFO DRT-0199]   Number of violations = 22.
Viol/Layer      Metal2
Metal Spacing        6
Short               16
[INFO DRT-0267] cpu time = 00:03:59, elapsed time = 00:00:09, memory = 2129.23 (MB), peak = 2124.53 (MB)
Total wire length = 1069388 um.
Total wire length on LAYER Metal1 = 0 um.
Total wire length on LAYER Metal2 = 535374 um.
Total wire length on LAYER Metal3 = 501912 um.
Total wire length on LAYER Metal4 = 32101 um.
Total wire length on LAYER Metal5 = 0 um.
Total number of vias = 178140.
Up-via summary (total 178140):

-----------------
  Poly2         0
 Metal1     93506
 Metal2     80628
 Metal3      4006
 Metal4         0
-----------------
       178140


[INFO DRT-0195] Start 7th guides tiles iteration.
    Completing 10% with 22 violations.
    elapsed time = 00:00:00, memory = 2129.23 (MB).
    Completing 20% with 22 violations.
    elapsed time = 00:00:00, memory = 2129.23 (MB).
    Completing 30% with 22 violations.
    elapsed time = 00:00:00, memory = 2129.23 (MB).
    Completing 40% with 22 violations.
    elapsed time = 00:00:00, memory = 2129.23 (MB).
    Completing 50% with 22 violations.
    elapsed time = 00:00:00, memory = 2129.23 (MB).
    Completing 60% with 22 violations.
    elapsed time = 00:00:00, memory = 2129.23 (MB).
    Completing 70% with 22 violations.
    elapsed time = 00:00:00, memory = 2129.23 (MB).
    Completing 80% with 22 violations.
    elapsed time = 00:00:00, memory = 2129.23 (MB).
    Completing 90% with 22 violations.
    elapsed time = 00:00:00, memory = 2129.23 (MB).
    Completing 100% with 22 violations.
    elapsed time = 00:00:00, memory = 2129.23 (MB).
[INFO DRT-0199]   Number of violations = 22.
Viol/Layer      Metal2
Metal Spacing        8
Short               14
[INFO DRT-0267] cpu time = 00:00:02, elapsed time = 00:00:00, memory = 2129.23 (MB), peak = 2124.53 (MB)
Total wire length = 1069385 um.
Total wire length on LAYER Metal1 = 0 um.
Total wire length on LAYER Metal2 = 535377 um.
Total wire length on LAYER Metal3 = 501908 um.
Total wire length on LAYER Metal4 = 32099 um.
Total wire length on LAYER Metal5 = 0 um.
Total number of vias = 178138.
Up-via summary (total 178138):

-----------------
  Poly2         0
 Metal1     93506
 Metal2     80628
 Metal3      4004
 Metal4         0
-----------------
       178138


[INFO DRT-0195] Start 8th stubborn tiles iteration.
    Completing 10% with 22 violations.
    elapsed time = 00:00:00, memory = 2129.23 (MB).
    Completing 20% with 22 violations.
    elapsed time = 00:00:01, memory = 2129.23 (MB).
    Completing 30% with 22 violations.
    elapsed time = 00:00:02, memory = 2129.23 (MB).
    Completing 40% with 22 violations.
    elapsed time = 00:00:02, memory = 2129.23 (MB).
    Completing 50% with 22 violations.
    elapsed time = 00:00:02, memory = 2129.23 (MB).
    Completing 60% with 22 violations.
    elapsed time = 00:00:03, memory = 2129.23 (MB).
    Completing 70% with 22 violations.
    elapsed time = 00:00:04, memory = 2129.23 (MB).
    Completing 80% with 22 violations.
    elapsed time = 00:00:04, memory = 2129.23 (MB).
    Completing 90% with 22 violations.
    elapsed time = 00:00:05, memory = 2129.23 (MB).
    Completing 100% with 22 violations.
    elapsed time = 00:00:06, memory = 2129.23 (MB).
[INFO DRT-0199]   Number of violations = 22.
Viol/Layer      Metal2
Metal Spacing        6
Short               16
[INFO DRT-0267] cpu time = 00:02:51, elapsed time = 00:00:06, memory = 2129.23 (MB), peak = 2124.53 (MB)
Total wire length = 1069382 um.
Total wire length on LAYER Metal1 = 0 um.
Total wire length on LAYER Metal2 = 535370 um.
Total wire length on LAYER Metal3 = 501911 um.
Total wire length on LAYER Metal4 = 32099 um.
Total wire length on LAYER Metal5 = 0 um.
Total number of vias = 178138.
Up-via summary (total 178138):

-----------------
  Poly2         0
 Metal1     93506
 Metal2     80628
 Metal3      4004
 Metal4         0
-----------------
       178138


[INFO DRT-0200] Skipping iteration 9
[INFO DRT-0195] Start 10th guides tiles iteration.
    Completing 10% with 22 violations.
    elapsed time = 00:00:00, memory = 2129.23 (MB).
    Completing 20% with 22 violations.
    elapsed time = 00:00:00, memory = 2129.23 (MB).
    Completing 30% with 22 violations.
    elapsed time = 00:00:00, memory = 2129.23 (MB).
    Completing 40% with 22 violations.
    elapsed time = 00:00:00, memory = 2129.23 (MB).
    Completing 50% with 22 violations.
    elapsed time = 00:00:00, memory = 2129.23 (MB).
    Completing 60% with 22 violations.
    elapsed time = 00:00:00, memory = 2129.23 (MB).
    Completing 70% with 22 violations.
    elapsed time = 00:00:00, memory = 2129.23 (MB).
    Completing 80% with 22 violations.
    elapsed time = 00:00:00, memory = 2129.23 (MB).
    Completing 90% with 22 violations.
    elapsed time = 00:00:00, memory = 2129.23 (MB).
    Completing 100% with 22 violations.
    elapsed time = 00:00:00, memory = 2129.23 (MB).
[INFO DRT-0199]   Number of violations = 22.
Viol/Layer      Metal2
Metal Spacing        8
Short               14
[INFO DRT-0267] cpu time = 00:00:02, elapsed time = 00:00:00, memory = 2129.23 (MB), peak = 2124.53 (MB)
Total wire length = 1069380 um.
Total wire length on LAYER Metal1 = 0 um.
Total wire length on LAYER Metal2 = 535373 um.
Total wire length on LAYER Metal3 = 501907 um.
Total wire length on LAYER Metal4 = 32099 um.
Total wire length on LAYER Metal5 = 0 um.
Total number of vias = 178136.
Up-via summary (total 178136):

-----------------
  Poly2         0
 Metal1     93506
 Metal2     80626
 Metal3      4004
 Metal4         0
-----------------
       178136


[INFO DRT-0195] Start 11th stubborn tiles iteration.
    Completing 10% with 22 violations.
    elapsed time = 00:00:00, memory = 2129.23 (MB).
    Completing 20% with 22 violations.
    elapsed time = 00:00:01, memory = 2129.23 (MB).
    Completing 30% with 22 violations.
    elapsed time = 00:00:02, memory = 2129.23 (MB).
    Completing 40% with 22 violations.
    elapsed time = 00:00:02, memory = 2129.23 (MB).
    Completing 50% with 22 violations.
    elapsed time = 00:00:03, memory = 2129.23 (MB).
    Completing 60% with 22 violations.
    elapsed time = 00:00:04, memory = 2129.23 (MB).
    Completing 70% with 22 violations.
    elapsed time = 00:00:05, memory = 2129.23 (MB).
    Completing 80% with 22 violations.
    elapsed time = 00:00:05, memory = 2129.23 (MB).
    Completing 90% with 22 violations.
    elapsed time = 00:00:06, memory = 2129.23 (MB).
    Completing 100% with 22 violations.
    elapsed time = 00:00:07, memory = 2129.23 (MB).
[INFO DRT-0199]   Number of violations = 22.
Viol/Layer      Metal2
Metal Spacing        8
Short               14
[INFO DRT-0267] cpu time = 00:03:24, elapsed time = 00:00:07, memory = 2129.23 (MB), peak = 2124.53 (MB)
Total wire length = 1069388 um.
Total wire length on LAYER Metal1 = 0 um.
Total wire length on LAYER Metal2 = 535378 um.
Total wire length on LAYER Metal3 = 501908 um.
Total wire length on LAYER Metal4 = 32101 um.
Total wire length on LAYER Metal5 = 0 um.
Total number of vias = 178140.
Up-via summary (total 178140):

-----------------
  Poly2         0
 Metal1     93506
 Metal2     80626
 Metal3      4008
 Metal4         0
-----------------
       178140


[INFO DRT-0200] Skipping iteration 12
[INFO DRT-0200] Skipping iteration 13
[INFO DRT-0200] Skipping iteration 14
[INFO DRT-0195] Start 15th guides tiles iteration.
    Completing 10% with 22 violations.
    elapsed time = 00:00:00, memory = 2129.23 (MB).
    Completing 20% with 22 violations.
    elapsed time = 00:00:00, memory = 2129.23 (MB).
    Completing 30% with 22 violations.
    elapsed time = 00:00:00, memory = 2129.23 (MB).
    Completing 40% with 22 violations.
    elapsed time = 00:00:00, memory = 2129.23 (MB).
    Completing 50% with 22 violations.
    elapsed time = 00:00:00, memory = 2129.23 (MB).
    Completing 60% with 22 violations.
    elapsed time = 00:00:00, memory = 2129.23 (MB).
    Completing 70% with 22 violations.
    elapsed time = 00:00:00, memory = 2129.23 (MB).
    Completing 80% with 22 violations.
    elapsed time = 00:00:00, memory = 2129.23 (MB).
    Completing 90% with 22 violations.
    elapsed time = 00:00:00, memory = 2129.23 (MB).
    Completing 100% with 22 violations.
    elapsed time = 00:00:00, memory = 2129.23 (MB).
[INFO DRT-0199]   Number of violations = 22.
Viol/Layer      Metal2
Metal Spacing        8
Short               14
[INFO DRT-0267] cpu time = 00:00:02, elapsed time = 00:00:00, memory = 2129.23 (MB), peak = 2124.53 (MB)
Total wire length = 1069388 um.
Total wire length on LAYER Metal1 = 0 um.
Total wire length on LAYER Metal2 = 535378 um.
Total wire length on LAYER Metal3 = 501908 um.
Total wire length on LAYER Metal4 = 32101 um.
Total wire length on LAYER Metal5 = 0 um.
Total number of vias = 178140.
Up-via summary (total 178140):

-----------------
  Poly2         0
 Metal1     93506
 Metal2     80626
 Metal3      4008
 Metal4         0
-----------------
       178140


[INFO DRT-0195] Start 16th stubborn tiles iteration.
    Completing 10% with 22 violations.
    elapsed time = 00:00:00, memory = 2129.23 (MB).
    Completing 20% with 22 violations.
    elapsed time = 00:00:00, memory = 2129.23 (MB).
    Completing 30% with 22 violations.
    elapsed time = 00:00:01, memory = 2129.23 (MB).
    Completing 40% with 22 violations.
    elapsed time = 00:00:02, memory = 2129.23 (MB).
    Completing 50% with 22 violations.
    elapsed time = 00:00:03, memory = 2129.23 (MB).
    Completing 60% with 22 violations.
    elapsed time = 00:00:05, memory = 2129.23 (MB).
    Completing 70% with 22 violations.
    elapsed time = 00:00:05, memory = 2129.23 (MB).
    Completing 80% with 22 violations.
    elapsed time = 00:00:06, memory = 2129.23 (MB).
    Completing 90% with 22 violations.
    elapsed time = 00:00:07, memory = 2129.23 (MB).
    Completing 100% with 22 violations.
    elapsed time = 00:00:08, memory = 2129.23 (MB).
[INFO DRT-0199]   Number of violations = 22.
Viol/Layer      Metal2
Metal Spacing        8
Short               14
[INFO DRT-0267] cpu time = 00:03:42, elapsed time = 00:00:08, memory = 2129.23 (MB), peak = 2124.53 (MB)
Total wire length = 1069392 um.
Total wire length on LAYER Metal1 = 0 um.
Total wire length on LAYER Metal2 = 535376 um.
Total wire length on LAYER Metal3 = 501912 um.
Total wire length on LAYER Metal4 = 32103 um.
Total wire length on LAYER Metal5 = 0 um.
Total number of vias = 178142.
Up-via summary (total 178142):

-----------------
  Poly2         0
 Metal1     93506
 Metal2     80626
 Metal3      4010
 Metal4         0
-----------------
       178142


[INFO DRT-0195] Start 17th optimization iteration.
    Completing 10% with 22 violations.
    elapsed time = 00:00:00, memory = 2129.23 (MB).
    Completing 20% with 22 violations.
    elapsed time = 00:00:00, memory = 2129.23 (MB).
    Completing 30% with 34 violations.
    elapsed time = 00:00:00, memory = 2129.23 (MB).
    Completing 40% with 34 violations.
    elapsed time = 00:00:00, memory = 2129.23 (MB).
    Completing 50% with 34 violations.
    elapsed time = 00:00:00, memory = 2129.23 (MB).
    Completing 60% with 46 violations.
    elapsed time = 00:00:00, memory = 2129.23 (MB).
    Completing 70% with 46 violations.
    elapsed time = 00:00:00, memory = 2129.23 (MB).
    Completing 80% with 46 violations.
    elapsed time = 00:00:00, memory = 2129.23 (MB).
    Completing 90% with 46 violations.
    elapsed time = 00:00:00, memory = 2129.23 (MB).
    Completing 100% with 46 violations.
    elapsed time = 00:00:00, memory = 2129.23 (MB).
[INFO DRT-0199]   Number of violations = 46.
Viol/Layer      Metal2
Metal Spacing       28
Short               18
[INFO DRT-0267] cpu time = 00:00:05, elapsed time = 00:00:00, memory = 2129.23 (MB), peak = 2124.53 (MB)
Total wire length = 1069317 um.
Total wire length on LAYER Metal1 = 0 um.
Total wire length on LAYER Metal2 = 535035 um.
Total wire length on LAYER Metal3 = 501920 um.
Total wire length on LAYER Metal4 = 32360 um.
Total wire length on LAYER Metal5 = 0 um.
Total number of vias = 178191.
Up-via summary (total 178191):

-----------------
  Poly2         0
 Metal1     93508
 Metal2     80652
 Metal3      4031
 Metal4         0
-----------------
       178191


[INFO DRT-0195] Start 18th guides tiles iteration.
    Completing 10% with 46 violations.
    elapsed time = 00:00:00, memory = 2129.23 (MB).
    Completing 20% with 46 violations.
    elapsed time = 00:00:00, memory = 2129.23 (MB).
    Completing 30% with 46 violations.
    elapsed time = 00:00:00, memory = 2129.23 (MB).
    Completing 40% with 46 violations.
    elapsed time = 00:00:00, memory = 2129.23 (MB).
    Completing 50% with 46 violations.
    elapsed time = 00:00:00, memory = 2129.23 (MB).
    Completing 60% with 46 violations.
    elapsed time = 00:00:00, memory = 2129.23 (MB).
    Completing 70% with 46 violations.
    elapsed time = 00:00:00, memory = 2129.23 (MB).
    Completing 80% with 46 violations.
    elapsed time = 00:00:00, memory = 2129.23 (MB).
    Completing 90% with 46 violations.
    elapsed time = 00:00:00, memory = 2129.23 (MB).
    Completing 100% with 39 violations.
    elapsed time = 00:00:00, memory = 2129.23 (MB).
[INFO DRT-0199]   Number of violations = 39.
Viol/Layer      Metal2
Metal Spacing       25
Short               14
[INFO DRT-0267] cpu time = 00:00:02, elapsed time = 00:00:00, memory = 2129.23 (MB), peak = 2124.53 (MB)
Total wire length = 1069314 um.
Total wire length on LAYER Metal1 = 0 um.
Total wire length on LAYER Metal2 = 535030 um.
Total wire length on LAYER Metal3 = 501923 um.
Total wire length on LAYER Metal4 = 32360 um.
Total wire length on LAYER Metal5 = 0 um.
Total number of vias = 178193.
Up-via summary (total 178193):

-----------------
  Poly2         0
 Metal1     93508
 Metal2     80654
 Metal3      4031
 Metal4         0
-----------------
       178193


[INFO DRT-0195] Start 19th guides tiles iteration.
    Completing 10% with 39 violations.
    elapsed time = 00:00:00, memory = 2129.23 (MB).
    Completing 20% with 39 violations.
    elapsed time = 00:00:00, memory = 2129.23 (MB).
    Completing 30% with 39 violations.
    elapsed time = 00:00:00, memory = 2129.23 (MB).
    Completing 40% with 39 violations.
    elapsed time = 00:00:00, memory = 2129.23 (MB).
    Completing 50% with 39 violations.
    elapsed time = 00:00:00, memory = 2129.23 (MB).
    Completing 60% with 39 violations.
    elapsed time = 00:00:00, memory = 2129.23 (MB).
    Completing 70% with 39 violations.
    elapsed time = 00:00:00, memory = 2129.23 (MB).
    Completing 80% with 39 violations.
    elapsed time = 00:00:00, memory = 2129.23 (MB).
    Completing 90% with 39 violations.
    elapsed time = 00:00:00, memory = 2129.23 (MB).
    Completing 100% with 35 violations.
    elapsed time = 00:00:00, memory = 2129.23 (MB).
[INFO DRT-0199]   Number of violations = 35.
Viol/Layer      Metal2
Metal Spacing       20
Short               15
[INFO DRT-0267] cpu time = 00:00:01, elapsed time = 00:00:00, memory = 2129.23 (MB), peak = 2124.53 (MB)
Total wire length = 1069317 um.
Total wire length on LAYER Metal1 = 0 um.
Total wire length on LAYER Metal2 = 535031 um.
Total wire length on LAYER Metal3 = 501924 um.
Total wire length on LAYER Metal4 = 32360 um.
Total wire length on LAYER Metal5 = 0 um.
Total number of vias = 178191.
Up-via summary (total 178191):

-----------------
  Poly2         0
 Metal1     93508
 Metal2     80652
 Metal3      4031
 Metal4         0
-----------------
       178191


[INFO DRT-0195] Start 20th guides tiles iteration.
    Completing 10% with 35 violations.
    elapsed time = 00:00:00, memory = 2129.23 (MB).
    Completing 20% with 35 violations.
    elapsed time = 00:00:00, memory = 2129.23 (MB).
    Completing 30% with 35 violations.
    elapsed time = 00:00:00, memory = 2129.23 (MB).
    Completing 40% with 35 violations.
    elapsed time = 00:00:00, memory = 2129.23 (MB).
    Completing 50% with 35 violations.
    elapsed time = 00:00:00, memory = 2129.23 (MB).
    Completing 60% with 35 violations.
    elapsed time = 00:00:00, memory = 2129.23 (MB).
    Completing 70% with 35 violations.
    elapsed time = 00:00:00, memory = 2129.23 (MB).
    Completing 80% with 35 violations.
    elapsed time = 00:00:00, memory = 2129.23 (MB).
    Completing 90% with 35 violations.
    elapsed time = 00:00:00, memory = 2129.23 (MB).
    Completing 100% with 35 violations.
    elapsed time = 00:00:00, memory = 2129.23 (MB).
[INFO DRT-0199]   Number of violations = 35.
Viol/Layer      Metal2
Metal Spacing       20
Short               15
[INFO DRT-0267] cpu time = 00:00:01, elapsed time = 00:00:00, memory = 2129.23 (MB), peak = 2124.53 (MB)
Total wire length = 1069316 um.
Total wire length on LAYER Metal1 = 0 um.
Total wire length on LAYER Metal2 = 535031 um.
Total wire length on LAYER Metal3 = 501924 um.
Total wire length on LAYER Metal4 = 32360 um.
Total wire length on LAYER Metal5 = 0 um.
Total number of vias = 178191.
Up-via summary (total 178191):

-----------------
  Poly2         0
 Metal1     93508
 Metal2     80652
 Metal3      4031
 Metal4         0
-----------------
       178191


[INFO DRT-0195] Start 21st stubborn tiles iteration.
    Completing 10% with 35 violations.
    elapsed time = 00:00:01, memory = 2129.23 (MB).
    Completing 20% with 35 violations.
    elapsed time = 00:00:03, memory = 2129.23 (MB).
    Completing 30% with 35 violations.
    elapsed time = 00:00:03, memory = 2129.23 (MB).
    Completing 40% with 35 violations.
    elapsed time = 00:00:04, memory = 2129.23 (MB).
    Completing 50% with 35 violations.
    elapsed time = 00:00:04, memory = 2129.23 (MB).
    Completing 60% with 29 violations.
    elapsed time = 00:00:06, memory = 2129.23 (MB).
    Completing 70% with 29 violations.
    elapsed time = 00:00:07, memory = 2129.23 (MB).
    Completing 80% with 29 violations.
    elapsed time = 00:00:08, memory = 2129.23 (MB).
    Completing 90% with 29 violations.
    elapsed time = 00:00:08, memory = 2129.23 (MB).
    Completing 100% with 21 violations.
    elapsed time = 00:00:09, memory = 2129.23 (MB).
[INFO DRT-0199]   Number of violations = 21.
Viol/Layer      Metal2
Metal Spacing       13
Short                8
[INFO DRT-0267] cpu time = 00:04:46, elapsed time = 00:00:09, memory = 2129.23 (MB), peak = 2124.53 (MB)
Total wire length = 1069326 um.
Total wire length on LAYER Metal1 = 0 um.
Total wire length on LAYER Metal2 = 535023 um.
Total wire length on LAYER Metal3 = 501934 um.
Total wire length on LAYER Metal4 = 32368 um.
Total wire length on LAYER Metal5 = 0 um.
Total number of vias = 178197.
Up-via summary (total 178197):

-----------------
  Poly2         0
 Metal1     93508
 Metal2     80652
 Metal3      4037
 Metal4         0
-----------------
       178197


[INFO DRT-0195] Start 22nd guides tiles iteration.
    Completing 10% with 21 violations.
    elapsed time = 00:00:00, memory = 2129.23 (MB).
    Completing 20% with 21 violations.
    elapsed time = 00:00:00, memory = 2129.23 (MB).
    Completing 30% with 21 violations.
    elapsed time = 00:00:00, memory = 2129.23 (MB).
    Completing 40% with 21 violations.
    elapsed time = 00:00:00, memory = 2129.23 (MB).
    Completing 50% with 21 violations.
    elapsed time = 00:00:00, memory = 2129.23 (MB).
    Completing 60% with 21 violations.
    elapsed time = 00:00:00, memory = 2129.23 (MB).
    Completing 70% with 21 violations.
    elapsed time = 00:00:00, memory = 2129.23 (MB).
    Completing 80% with 21 violations.
    elapsed time = 00:00:00, memory = 2129.23 (MB).
    Completing 90% with 21 violations.
    elapsed time = 00:00:00, memory = 2129.23 (MB).
    Completing 100% with 21 violations.
    elapsed time = 00:00:00, memory = 2129.23 (MB).
[INFO DRT-0199]   Number of violations = 21.
Viol/Layer      Metal2
Metal Spacing       13
Short                8
[INFO DRT-0267] cpu time = 00:00:01, elapsed time = 00:00:00, memory = 2129.23 (MB), peak = 2124.53 (MB)
Total wire length = 1069326 um.
Total wire length on LAYER Metal1 = 0 um.
Total wire length on LAYER Metal2 = 535023 um.
Total wire length on LAYER Metal3 = 501934 um.
Total wire length on LAYER Metal4 = 32368 um.
Total wire length on LAYER Metal5 = 0 um.
Total number of vias = 178197.
Up-via summary (total 178197):

-----------------
  Poly2         0
 Metal1     93508
 Metal2     80652
 Metal3      4037
 Metal4         0
-----------------
       178197


[INFO DRT-0195] Start 23rd guides tiles iteration.
    Completing 10% with 21 violations.
    elapsed time = 00:00:00, memory = 2129.23 (MB).
    Completing 20% with 21 violations.
    elapsed time = 00:00:00, memory = 2129.23 (MB).
    Completing 30% with 21 violations.
    elapsed time = 00:00:00, memory = 2129.23 (MB).
    Completing 40% with 21 violations.
    elapsed time = 00:00:00, memory = 2129.23 (MB).
    Completing 50% with 21 violations.
    elapsed time = 00:00:00, memory = 2129.23 (MB).
    Completing 60% with 21 violations.
    elapsed time = 00:00:00, memory = 2129.23 (MB).
    Completing 70% with 21 violations.
    elapsed time = 00:00:00, memory = 2129.23 (MB).
    Completing 80% with 21 violations.
    elapsed time = 00:00:00, memory = 2129.23 (MB).
    Completing 90% with 21 violations.
    elapsed time = 00:00:00, memory = 2129.23 (MB).
    Completing 100% with 21 violations.
    elapsed time = 00:00:00, memory = 2129.23 (MB).
[INFO DRT-0199]   Number of violations = 21.
Viol/Layer      Metal2
Metal Spacing       13
Short                8
[INFO DRT-0267] cpu time = 00:00:02, elapsed time = 00:00:00, memory = 2129.23 (MB), peak = 2124.53 (MB)
Total wire length = 1069330 um.
Total wire length on LAYER Metal1 = 0 um.
Total wire length on LAYER Metal2 = 535028 um.
Total wire length on LAYER Metal3 = 501933 um.
Total wire length on LAYER Metal4 = 32368 um.
Total wire length on LAYER Metal5 = 0 um.
Total number of vias = 178197.
Up-via summary (total 178197):

-----------------
  Poly2         0
 Metal1     93508
 Metal2     80652
 Metal3      4037
 Metal4         0
-----------------
       178197


[INFO DRT-0195] Start 24th guides tiles iteration.
    Completing 10% with 21 violations.
    elapsed time = 00:00:00, memory = 2129.23 (MB).
    Completing 20% with 21 violations.
    elapsed time = 00:00:00, memory = 2129.23 (MB).
    Completing 30% with 21 violations.
    elapsed time = 00:00:00, memory = 2129.23 (MB).
    Completing 40% with 21 violations.
    elapsed time = 00:00:00, memory = 2129.23 (MB).
    Completing 50% with 21 violations.
    elapsed time = 00:00:00, memory = 2129.23 (MB).
    Completing 60% with 21 violations.
    elapsed time = 00:00:00, memory = 2129.23 (MB).
    Completing 70% with 21 violations.
    elapsed time = 00:00:00, memory = 2129.23 (MB).
    Completing 80% with 21 violations.
    elapsed time = 00:00:00, memory = 2129.23 (MB).
    Completing 90% with 21 violations.
    elapsed time = 00:00:00, memory = 2129.23 (MB).
    Completing 100% with 21 violations.
    elapsed time = 00:00:00, memory = 2129.23 (MB).
[INFO DRT-0199]   Number of violations = 21.
Viol/Layer      Metal2
Metal Spacing       13
Short                8
[INFO DRT-0267] cpu time = 00:00:01, elapsed time = 00:00:00, memory = 2129.23 (MB), peak = 2124.53 (MB)
Total wire length = 1069327 um.
Total wire length on LAYER Metal1 = 0 um.
Total wire length on LAYER Metal2 = 535023 um.
Total wire length on LAYER Metal3 = 501935 um.
Total wire length on LAYER Metal4 = 32368 um.
Total wire length on LAYER Metal5 = 0 um.
Total number of vias = 178197.
Up-via summary (total 178197):

-----------------
  Poly2         0
 Metal1     93508
 Metal2     80652
 Metal3      4037
 Metal4         0
-----------------
       178197


[INFO DRT-0195] Start 25th optimization iteration.
    Completing 10% with 21 violations.
    elapsed time = 00:00:00, memory = 2129.23 (MB).
    Completing 20% with 21 violations.
    elapsed time = 00:00:00, memory = 2129.23 (MB).
    Completing 30% with 24 violations.
    elapsed time = 00:00:00, memory = 2129.23 (MB).
    Completing 40% with 24 violations.
    elapsed time = 00:00:00, memory = 2129.23 (MB).
    Completing 50% with 24 violations.
    elapsed time = 00:00:00, memory = 2129.23 (MB).
    Completing 60% with 27 violations.
    elapsed time = 00:00:00, memory = 2129.23 (MB).
    Completing 70% with 27 violations.
    elapsed time = 00:00:00, memory = 2129.23 (MB).
    Completing 80% with 27 violations.
    elapsed time = 00:00:00, memory = 2129.23 (MB).
    Completing 90% with 27 violations.
    elapsed time = 00:00:00, memory = 2129.23 (MB).
    Completing 100% with 27 violations.
    elapsed time = 00:00:00, memory = 2129.23 (MB).
[INFO DRT-0199]   Number of violations = 27.
Viol/Layer      Metal2
Metal Spacing       18
Short                9
[INFO DRT-0267] cpu time = 00:00:04, elapsed time = 00:00:00, memory = 2129.23 (MB), peak = 2124.53 (MB)
Total wire length = 1069322 um.
Total wire length on LAYER Metal1 = 0 um.
Total wire length on LAYER Metal2 = 535026 um.
Total wire length on LAYER Metal3 = 501930 um.
Total wire length on LAYER Metal4 = 32365 um.
Total wire length on LAYER Metal5 = 0 um.
Total number of vias = 178193.
Up-via summary (total 178193):

-----------------
  Poly2         0
 Metal1     93508
 Metal2     80650
 Metal3      4035
 Metal4         0
-----------------
       178193


[INFO DRT-0195] Start 26th guides tiles iteration.
    Completing 10% with 27 violations.
    elapsed time = 00:00:00, memory = 2129.23 (MB).
    Completing 20% with 27 violations.
    elapsed time = 00:00:00, memory = 2129.23 (MB).
    Completing 30% with 27 violations.
    elapsed time = 00:00:00, memory = 2129.23 (MB).
    Completing 40% with 27 violations.
    elapsed time = 00:00:00, memory = 2129.23 (MB).
    Completing 50% with 27 violations.
    elapsed time = 00:00:00, memory = 2129.23 (MB).
    Completing 60% with 27 violations.
    elapsed time = 00:00:00, memory = 2129.23 (MB).
    Completing 70% with 27 violations.
    elapsed time = 00:00:00, memory = 2129.23 (MB).
    Completing 80% with 27 violations.
    elapsed time = 00:00:00, memory = 2129.23 (MB).
    Completing 90% with 27 violations.
    elapsed time = 00:00:00, memory = 2129.23 (MB).
    Completing 100% with 26 violations.
    elapsed time = 00:00:00, memory = 2129.23 (MB).
[INFO DRT-0199]   Number of violations = 26.
Viol/Layer      Metal2
Metal Spacing       18
Short                8
[INFO DRT-0267] cpu time = 00:00:02, elapsed time = 00:00:00, memory = 2129.23 (MB), peak = 2124.53 (MB)
Total wire length = 1069318 um.
Total wire length on LAYER Metal1 = 0 um.
Total wire length on LAYER Metal2 = 535023 um.
Total wire length on LAYER Metal3 = 501929 um.
Total wire length on LAYER Metal4 = 32365 um.
Total wire length on LAYER Metal5 = 0 um.
Total number of vias = 178193.
Up-via summary (total 178193):

-----------------
  Poly2         0
 Metal1     93508
 Metal2     80650
 Metal3      4035
 Metal4         0
-----------------
       178193


[INFO DRT-0195] Start 27th guides tiles iteration.
    Completing 10% with 26 violations.
    elapsed time = 00:00:00, memory = 2129.23 (MB).
    Completing 20% with 26 violations.
    elapsed time = 00:00:00, memory = 2129.23 (MB).
    Completing 30% with 26 violations.
    elapsed time = 00:00:00, memory = 2129.23 (MB).
    Completing 40% with 26 violations.
    elapsed time = 00:00:00, memory = 2129.23 (MB).
    Completing 50% with 26 violations.
    elapsed time = 00:00:00, memory = 2129.23 (MB).
    Completing 60% with 26 violations.
    elapsed time = 00:00:00, memory = 2129.23 (MB).
    Completing 70% with 26 violations.
    elapsed time = 00:00:00, memory = 2129.23 (MB).
    Completing 80% with 26 violations.
    elapsed time = 00:00:00, memory = 2129.23 (MB).
    Completing 90% with 26 violations.
    elapsed time = 00:00:00, memory = 2129.23 (MB).
    Completing 100% with 26 violations.
    elapsed time = 00:00:00, memory = 2129.23 (MB).
[INFO DRT-0199]   Number of violations = 26.
Viol/Layer      Metal2
Metal Spacing       18
Short                8
[INFO DRT-0267] cpu time = 00:00:01, elapsed time = 00:00:00, memory = 2129.23 (MB), peak = 2124.53 (MB)
Total wire length = 1069318 um.
Total wire length on LAYER Metal1 = 0 um.
Total wire length on LAYER Metal2 = 535023 um.
Total wire length on LAYER Metal3 = 501929 um.
Total wire length on LAYER Metal4 = 32365 um.
Total wire length on LAYER Metal5 = 0 um.
Total number of vias = 178193.
Up-via summary (total 178193):

-----------------
  Poly2         0
 Metal1     93508
 Metal2     80650
 Metal3      4035
 Metal4         0
-----------------
       178193


[INFO DRT-0195] Start 28th stubborn tiles iteration.
    Completing 10% with 26 violations.
    elapsed time = 00:00:00, memory = 2129.23 (MB).
    Completing 20% with 26 violations.
    elapsed time = 00:00:01, memory = 2129.98 (MB).
    Completing 30% with 26 violations.
    elapsed time = 00:00:02, memory = 2130.00 (MB).
    Completing 40% with 26 violations.
    elapsed time = 00:00:03, memory = 2130.00 (MB).
    Completing 50% with 26 violations.
    elapsed time = 00:00:04, memory = 2130.00 (MB).
    Completing 60% with 26 violations.
    elapsed time = 00:00:05, memory = 2130.00 (MB).
    Completing 70% with 9 violations.
    elapsed time = 00:00:05, memory = 2130.00 (MB).
    Completing 80% with 9 violations.
    elapsed time = 00:00:06, memory = 2130.00 (MB).
    Completing 90% with 9 violations.
    elapsed time = 00:00:07, memory = 2130.00 (MB).
    Completing 100% with 0 violations.
    elapsed time = 00:00:07, memory = 2130.00 (MB).
[INFO DRT-0199]   Number of violations = 0.
[INFO DRT-0267] cpu time = 00:03:41, elapsed time = 00:00:07, memory = 2130.00 (MB), peak = 2125.28 (MB)
Total wire length = 1069314 um.
Total wire length on LAYER Metal1 = 0 um.
Total wire length on LAYER Metal2 = 535001 um.
Total wire length on LAYER Metal3 = 501933 um.
Total wire length on LAYER Metal4 = 32379 um.
Total wire length on LAYER Metal5 = 0 um.
Total number of vias = 178201.
Up-via summary (total 178201):

-----------------
  Poly2         0
 Metal1     93508
 Metal2     80650
 Metal3      4043
 Metal4         0
-----------------
       178201


[INFO DRT-0198] Complete detail routing.
Total wire length = 1069314 um.
Total wire length on LAYER Metal1 = 0 um.
Total wire length on LAYER Metal2 = 535001 um.
Total wire length on LAYER Metal3 = 501933 um.
Total wire length on LAYER Metal4 = 32379 um.
Total wire length on LAYER Metal5 = 0 um.
Total number of vias = 178201.
Up-via summary (total 178201):

-----------------
  Poly2         0
 Metal1     93508
 Metal2     80650
 Metal3      4043
 Metal4         0
-----------------
       178201


[INFO DRT-0267] cpu time = 00:38:03, elapsed time = 00:01:36, memory = 2130.13 (MB), peak = 2125.28 (MB)

[INFO DRT-0180] Post processing.
+ check_antennas 
[INFO ANT-0002] Found 0 net violations.
[INFO ANT-0001] Found 0 pin violations.
Setting global connections for newly added cells…
[INFO] Setting global connections...
[INFO ODB-0403] 0 connections made, 0 conflicts skipped.
Updating metrics…
Cell type report:                       Count       Area
  Endcap cell                             544    2388.38
  Tap cell                               7402   32497.74
  Antenna cell                             11      48.29
  Tie cell                                 94     825.40
  Clock buffer                            619   33406.55
  Timing Repair Buffer                   3162   68459.51
  Inverter                               1111    9847.67
  Clock inverter                          416    9518.39
  Sequential cell                        3042  227782.73
  Multi-Input combinational cell        18164  369687.05
  Total                                 34565  754461.70
Writing OpenROAD database to '/foss/designs/lstm16x_int8_gf180_1000x1000/A54_A_wrapper/synthesis/runs/A54_A_wrapper_clean5/18-openroad-detailedrouting/A54_A.odb'…
Writing netlist to '/foss/designs/lstm16x_int8_gf180_1000x1000/A54_A_wrapper/synthesis/runs/A54_A_wrapper_clean5/18-openroad-detailedrouting/A54_A.nl.v'…
Writing powered netlist to '/foss/designs/lstm16x_int8_gf180_1000x1000/A54_A_wrapper/synthesis/runs/A54_A_wrapper_clean5/18-openroad-detailedrouting/A54_A.pnl.v'…
Writing layout to '/foss/designs/lstm16x_int8_gf180_1000x1000/A54_A_wrapper/synthesis/runs/A54_A_wrapper_clean5/18-openroad-detailedrouting/A54_A.def'…
Writing timing constraints to '/foss/designs/lstm16x_int8_gf180_1000x1000/A54_A_wrapper/synthesis/runs/A54_A_wrapper_clean5/18-openroad-detailedrouting/A54_A.sdc'…
