=== EM/current-density analysis started at 2026-08-12T09:02:40+02:00 ===
Reading timing models for corner nom_tt_025C_5v00…
Reading timing library for the 'nom_tt_025C_5v00' corner at '/foss/pdks/gf180mcuD/libs.ref/gf180mcu_fd_sc_mcu7t5v0/lib/gf180mcu_fd_sc_mcu7t5v0__tt_025C_5v00.lib'…
Reading OpenROAD database at '/foss/designs/lstm16x_int8_gf180_1000x1000/synthesis/runs/lstm16x_22pin_clean4/54-odb-cellfrequencytables/lstm16x_top.odb'…
Reading design constraints file at '/foss/designs/lstm16x_int8_gf180_1000x1000/synthesis/constraints.sdc'…
[INFO] No information on clock propagation in input SDC file-- propagating all clocks.
=== OpenROAD PDNSim EM/current-density analysis ===
Base ODB: /foss/designs/lstm16x_int8_gf180_1000x1000/synthesis/runs/lstm16x_22pin_clean4/54-odb-cellfrequencytables/lstm16x_top.odb
Base SPEF: /foss/designs/lstm16x_int8_gf180_1000x1000/synthesis/runs/lstm16x_22pin_clean4/55-openroad-rcx/nom/lstm16x_top.nom.spef
+ analyze_power_grid -net VDD -voltage_file /foss/designs/lstm16x_int8_gf180_1000x1000/synthesis/runs/lstm16x_22pin_em1/voltage-VDD.csv -error_file /foss/designs/lstm16x_int8_gf180_1000x1000/synthesis/runs/lstm16x_22pin_em1/grid-errors-VDD.rpt -enable_em -em_outfile /foss/designs/lstm16x_int8_gf180_1000x1000/synthesis/runs/lstm16x_22pin_em1/em-VDD.csv
[INFO PSM-0040] All shapes on net VDD are connected.
########## IR report #################
Net              : VDD
Corner           : nom_tt_025C_5v00
Total power      : 4.77e-02 W
Supply voltage   : 5.00e+00 V
Worstcase voltage: 5.00e+00 V
Average voltage  : 5.00e+00 V
Average IR drop  : 1.06e-05 V
Worstcase IR drop: 6.22e-05 V
Percentage drop  : 0.00 %
######################################
########## EM analysis ###############
Net                : VDD
Corner             : nom_tt_025C_5v00
Maximum current    : 2.79e-05 A
Average current    : 5.79e-07 A
Number of resistors: 182396
######################################
+ analyze_power_grid -net VSS -voltage_file /foss/designs/lstm16x_int8_gf180_1000x1000/synthesis/runs/lstm16x_22pin_em1/voltage-VSS.csv -error_file /foss/designs/lstm16x_int8_gf180_1000x1000/synthesis/runs/lstm16x_22pin_em1/grid-errors-VSS.rpt -enable_em -em_outfile /foss/designs/lstm16x_int8_gf180_1000x1000/synthesis/runs/lstm16x_22pin_em1/em-VSS.csv
[INFO PSM-0040] All shapes on net VSS are connected.
########## IR report #################
Net              : VSS
Corner           : nom_tt_025C_5v00
Total power      : 4.77e-02 W
Supply voltage   : 0.00e+00 V
Worstcase voltage: 6.43e-05 V
Average voltage  : 1.01e-05 V
Average IR drop  : 1.01e-05 V
Worstcase IR drop: 6.43e-05 V
Percentage drop  : 0.00 %
######################################
########## EM analysis ###############
Net                : VSS
Corner             : nom_tt_025C_5v00
Maximum current    : 2.21e-05 A
Average current    : 6.45e-07 A
Number of resistors: 162542
######################################
=== EM/current-density analysis completed ===
=== EM/current-density analysis finished rc=0 at 2026-08-12T09:02:59+02:00 ===
