
===========================================================================
report_checks -unconstrained
===========================================================================
======================= max_ss_125C_4v50 Corner ===================================

Startpoint: _40351_ (rising edge-triggered flip-flop clocked by core_clk)
Endpoint: _40448_ (rising edge-triggered flip-flop clocked by core_clk)
Path Group: core_clk
Path Type: max

Fanout         Cap        Slew       Delay        Time   Description
---------------------------------------------------------------------------------------------
                                  0.000000    0.000000   clock core_clk (rise edge)
                                  0.000000    0.000000   clock source latency
     2    0.140486    0.000000    0.000000    0.000000 ^ clk (in)
                                                         clk (net)
                      0.066153    0.027059    0.027059 ^ clkbuf_0_clk/I (gf180mcu_fd_sc_mcu7t5v0__clkbuf_16)
     4    0.223544    0.470191    0.597418    0.624477 ^ clkbuf_0_clk/Z (gf180mcu_fd_sc_mcu7t5v0__clkbuf_16)
                                                         clknet_0_clk (net)
                      0.470378    0.012577    0.637054 ^ clkbuf_2_0_0_clk/I (gf180mcu_fd_sc_mcu7t5v0__clkbuf_8)
    16    0.459949    1.616310    1.336632    1.973687 ^ clkbuf_2_0_0_clk/Z (gf180mcu_fd_sc_mcu7t5v0__clkbuf_8)
                                                         clknet_2_0_0_clk (net)
                      1.618073    0.029326    2.003012 ^ clkbuf_6_3_0_clk/I (gf180mcu_fd_sc_mcu7t5v0__clkbuf_8)
     9    0.162772    0.645955    0.959255    2.962267 ^ clkbuf_6_3_0_clk/Z (gf180mcu_fd_sc_mcu7t5v0__clkbuf_8)
                                                         clknet_6_3_0_clk (net)
                      0.645956    0.001145    2.963413 ^ clkbuf_leaf_444_clk/I (gf180mcu_fd_sc_mcu7t5v0__clkbuf_8)
     9    0.058806    0.307566    0.607241    3.570654 ^ clkbuf_leaf_444_clk/Z (gf180mcu_fd_sc_mcu7t5v0__clkbuf_8)
                                                         clknet_leaf_444_clk (net)
                      0.307566    0.000709    3.571362 ^ _40351_/CLK (gf180mcu_fd_sc_mcu7t5v0__dffrnq_1)
    20    0.138684    3.866293    3.829841    7.401203 ^ _40351_/Q (gf180mcu_fd_sc_mcu7t5v0__dffrnq_1)
                                                         g_lane[1].u_lane.vector_index[2] (net)
                      3.866312    0.004823    7.406025 ^ _19816_/I (gf180mcu_fd_sc_mcu7t5v0__clkinv_1)
     9    0.078542    2.637876    2.202092    9.608117 v _19816_/ZN (gf180mcu_fd_sc_mcu7t5v0__clkinv_1)
                                                         _16282_ (net)
                      2.637876    0.000540    9.608657 v _25363_/A2 (gf180mcu_fd_sc_mcu7t5v0__nor4_1)
     6    0.050290    5.967860    3.851907   13.460565 ^ _25363_/ZN (gf180mcu_fd_sc_mcu7t5v0__nor4_1)
                                                         _04375_ (net)
                      5.967860    0.000589   13.461153 ^ _25392_/A2 (gf180mcu_fd_sc_mcu7t5v0__oai32_1)
     4    0.035236    2.014503    1.006657   14.467811 v _25392_/ZN (gf180mcu_fd_sc_mcu7t5v0__oai32_1)
                                                         _04404_ (net)
                      2.014503    0.001216   14.469027 v _25444_/A2 (gf180mcu_fd_sc_mcu7t5v0__or4_1)
     3    0.024200    0.881354    2.338969   16.807995 v _25444_/Z (gf180mcu_fd_sc_mcu7t5v0__or4_1)
                                                         _04455_ (net)
                      0.881354    0.000481   16.808477 v _25476_/B (gf180mcu_fd_sc_mcu7t5v0__aoi211_1)
     2    0.016677    1.993370    1.391758   18.200235 ^ _25476_/ZN (gf180mcu_fd_sc_mcu7t5v0__aoi211_1)
                                                         _04487_ (net)
                      1.993370    0.000274   18.200508 ^ _25579_/A2 (gf180mcu_fd_sc_mcu7t5v0__oai31_1)
     1    0.025762    1.197922    0.876744   19.077251 v _25579_/ZN (gf180mcu_fd_sc_mcu7t5v0__oai31_1)
                                                         _04588_ (net)
                      1.197922    0.001197   19.078449 v wire501/I (gf180mcu_fd_sc_mcu7t5v0__dlyb_1)
     3    0.026876    0.725715    2.569843   21.648293 v wire501/Z (gf180mcu_fd_sc_mcu7t5v0__dlyb_1)
                                                         net501 (net)
                      0.725715    0.000949   21.649240 v _25631_/A4 (gf180mcu_fd_sc_mcu7t5v0__or4_1)
     4    0.023108    0.860765    2.057332   23.706573 v _25631_/Z (gf180mcu_fd_sc_mcu7t5v0__or4_1)
                                                         _04639_ (net)
                      0.860765    0.000178   23.706751 v _25632_/A2 (gf180mcu_fd_sc_mcu7t5v0__nand2_1)
     1    0.008231    0.515172    0.513927   24.220678 ^ _25632_/ZN (gf180mcu_fd_sc_mcu7t5v0__nand2_1)
                                                         _04640_ (net)
                      0.515172    0.000083   24.220760 ^ _25633_/A2 (gf180mcu_fd_sc_mcu7t5v0__xnor2_1)
    12    0.092648    5.739271    2.263878   26.484640 ^ _25633_/ZN (gf180mcu_fd_sc_mcu7t5v0__xnor2_1)
                                                         _04641_ (net)
                      5.739271    0.004315   26.488955 ^ _25635_/A2 (gf180mcu_fd_sc_mcu7t5v0__nand2_1)
     3    0.018192    1.430859    0.467912   26.956865 v _25635_/ZN (gf180mcu_fd_sc_mcu7t5v0__nand2_1)
                                                         _04643_ (net)
                      1.430859    0.000249   26.957115 v _25641_/A2 (gf180mcu_fd_sc_mcu7t5v0__xor3_1)
     2    0.015161    0.693871    2.559991   29.517105 v _25641_/Z (gf180mcu_fd_sc_mcu7t5v0__xor3_1)
                                                         _04649_ (net)
                      0.693871    0.000316   29.517422 v _25643_/A2 (gf180mcu_fd_sc_mcu7t5v0__xnor2_1)
     5    0.033377    1.147063    1.171381   30.688803 v _25643_/ZN (gf180mcu_fd_sc_mcu7t5v0__xnor2_1)
                                                         _04651_ (net)
                      1.147063    0.000448   30.689251 v _25697_/A2 (gf180mcu_fd_sc_mcu7t5v0__and3_1)
     4    0.021716    0.514160    1.105640   31.794891 v _25697_/Z (gf180mcu_fd_sc_mcu7t5v0__and3_1)
                                                         _04704_ (net)
                      0.514160    0.000352   31.795242 v _25740_/A2 (gf180mcu_fd_sc_mcu7t5v0__or3_1)
     1    0.005563    0.435098    1.228404   33.023647 v _25740_/Z (gf180mcu_fd_sc_mcu7t5v0__or3_1)
                                                         _04746_ (net)
                      0.435098    0.000053   33.023701 v _25763_/A2 (gf180mcu_fd_sc_mcu7t5v0__xor3_1)
     3    0.025450    0.946209    2.304578   35.328278 v _25763_/Z (gf180mcu_fd_sc_mcu7t5v0__xor3_1)
                                                         _04769_ (net)
                      0.946209    0.000224   35.328503 v _25793_/A2 (gf180mcu_fd_sc_mcu7t5v0__aoi21_1)
     4    0.029044    1.932745    1.344915   36.673416 ^ _25793_/ZN (gf180mcu_fd_sc_mcu7t5v0__aoi21_1)
                                                         _04798_ (net)
                      1.932745    0.000526   36.673943 ^ _25816_/A1 (gf180mcu_fd_sc_mcu7t5v0__xor3_1)
     1    0.007549    0.823229    1.833804   38.507748 ^ _25816_/Z (gf180mcu_fd_sc_mcu7t5v0__xor3_1)
                                                         _04821_ (net)
                      0.823229    0.000160   38.507908 ^ _25832_/B1 (gf180mcu_fd_sc_mcu7t5v0__oai32_1)
     2    0.018650    0.868419    0.622439   39.130344 v _25832_/ZN (gf180mcu_fd_sc_mcu7t5v0__oai32_1)
                                                         _04836_ (net)
                      0.868419    0.000625   39.130970 v _25861_/A1 (gf180mcu_fd_sc_mcu7t5v0__xor3_1)
     1    0.004772    0.607870    2.170683   41.301655 v _25861_/Z (gf180mcu_fd_sc_mcu7t5v0__xor3_1)
                                                         _04865_ (net)
                      0.607870    0.000046   41.301701 v _25878_/A3 (gf180mcu_fd_sc_mcu7t5v0__oai32_1)
     2    0.012703    2.156971    1.406509   42.708210 ^ _25878_/ZN (gf180mcu_fd_sc_mcu7t5v0__oai32_1)
                                                         _04881_ (net)
                      2.156971    0.000298   42.708508 ^ _25904_/A2 (gf180mcu_fd_sc_mcu7t5v0__xor3_1)
     3    0.019707    1.471523    2.087972   44.796482 ^ _25904_/Z (gf180mcu_fd_sc_mcu7t5v0__xor3_1)
                                                         _04907_ (net)
                      1.471523    0.000298   44.796780 ^ _25906_/A2 (gf180mcu_fd_sc_mcu7t5v0__xnor2_1)
     1    0.008038    0.854070    0.906347   45.703125 ^ _25906_/ZN (gf180mcu_fd_sc_mcu7t5v0__xnor2_1)
                                                         _04909_ (net)
                      0.854070    0.000078   45.703205 ^ _25908_/A2 (gf180mcu_fd_sc_mcu7t5v0__xor2_1)
     2    0.021980    1.523606    1.206995   46.910198 ^ _25908_/Z (gf180mcu_fd_sc_mcu7t5v0__xor2_1)
                                                         _04911_ (net)
                      1.523606    0.000579   46.910778 ^ _25947_/A2 (gf180mcu_fd_sc_mcu7t5v0__oai21_1)
     2    0.013820    0.796365    0.571632   47.482410 v _25947_/ZN (gf180mcu_fd_sc_mcu7t5v0__oai21_1)
                                                         _04949_ (net)
                      0.796365    0.000131   47.482540 v _25973_/B (gf180mcu_fd_sc_mcu7t5v0__aoi21_1)
     3    0.018990    1.441339    1.024304   48.506847 ^ _25973_/ZN (gf180mcu_fd_sc_mcu7t5v0__aoi21_1)
                                                         _04974_ (net)
                      1.441339    0.000320   48.507164 ^ _25974_/A2 (gf180mcu_fd_sc_mcu7t5v0__and2_1)
     1    0.006826    0.351337    0.653081   49.160248 ^ _25974_/Z (gf180mcu_fd_sc_mcu7t5v0__and2_1)
                                                         _04975_ (net)
                      0.351337    0.000099   49.160347 ^ _26015_/A1 (gf180mcu_fd_sc_mcu7t5v0__nand4_1)
     2    0.012490    1.038742    0.544588   49.704933 v _26015_/ZN (gf180mcu_fd_sc_mcu7t5v0__nand4_1)
                                                         _05013_ (net)
                      1.038742    0.000195   49.705132 v _26016_/A2 (gf180mcu_fd_sc_mcu7t5v0__and2_1)
     3    0.020605    0.480533    0.931916   50.637047 v _26016_/Z (gf180mcu_fd_sc_mcu7t5v0__and2_1)
                                                         _05014_ (net)
                      0.480533    0.000366   50.637413 v load_slew85/I (gf180mcu_fd_sc_mcu7t5v0__buf_3)
    12    0.095989    0.594463    0.855966   51.493378 v load_slew85/Z (gf180mcu_fd_sc_mcu7t5v0__buf_3)
                                                         net85 (net)
                      0.594567    0.004402   51.497780 v _26018_/A1 (gf180mcu_fd_sc_mcu7t5v0__or2_1)
     2    0.010865    0.396704    0.934779   52.432560 v _26018_/Z (gf180mcu_fd_sc_mcu7t5v0__or2_1)
                                                         _05016_ (net)
                      0.396704    0.000160   52.432720 v wire58/I (gf180mcu_fd_sc_mcu7t5v0__dlyb_1)
     2    0.043027    0.959377    2.483265   54.915985 v wire58/Z (gf180mcu_fd_sc_mcu7t5v0__dlyb_1)
                                                         net58 (net)
                      0.959377    0.000611   54.916595 v _26020_/A2 (gf180mcu_fd_sc_mcu7t5v0__xnor2_1)
     2    0.010047    0.675801    0.882928   55.799522 v _26020_/ZN (gf180mcu_fd_sc_mcu7t5v0__xnor2_1)
                                                         _05018_ (net)
                      0.675801    0.000092   55.799614 v _26022_/A2 (gf180mcu_fd_sc_mcu7t5v0__or2_1)
     2    0.013254    0.432550    0.984194   56.783810 v _26022_/Z (gf180mcu_fd_sc_mcu7t5v0__or2_1)
                                                         _05020_ (net)
                      0.432550    0.000245   56.784054 v _26026_/A2 (gf180mcu_fd_sc_mcu7t5v0__nand2_1)
     2    0.009832    0.475376    0.413859   57.197914 ^ _26026_/ZN (gf180mcu_fd_sc_mcu7t5v0__nand2_1)
                                                         _05023_ (net)
                      0.475376    0.000142   57.198055 ^ _26029_/A1 (gf180mcu_fd_sc_mcu7t5v0__and2_1)
     3    0.019172    0.643938    0.817607   58.015663 ^ _26029_/Z (gf180mcu_fd_sc_mcu7t5v0__and2_1)
                                                         _05026_ (net)
                      0.643938    0.000384   58.016048 ^ _26035_/A2 (gf180mcu_fd_sc_mcu7t5v0__oai21_1)
     3    0.021201    0.780836    0.585032   58.601078 v _26035_/ZN (gf180mcu_fd_sc_mcu7t5v0__oai21_1)
                                                         _05031_ (net)
                      0.780836    0.000405   58.601486 v _26048_/A1 (gf180mcu_fd_sc_mcu7t5v0__oai211_1)
     3    0.013394    1.087468    0.835382   59.436867 ^ _26048_/ZN (gf180mcu_fd_sc_mcu7t5v0__oai211_1)
                                                         _05042_ (net)
                      1.087468    0.000124   59.436989 ^ _26060_/A2 (gf180mcu_fd_sc_mcu7t5v0__and3_1)
     2    0.013659    0.555384    0.998195   60.435184 ^ _26060_/Z (gf180mcu_fd_sc_mcu7t5v0__and3_1)
                                                         _05052_ (net)
                      0.555384    0.000256   60.435440 ^ _26064_/A1 (gf180mcu_fd_sc_mcu7t5v0__oai21_1)
     3    0.020784    0.760505    0.524231   60.959671 v _26064_/ZN (gf180mcu_fd_sc_mcu7t5v0__oai21_1)
                                                         _05056_ (net)
                      0.760505    0.000476   60.960148 v _26073_/A2 (gf180mcu_fd_sc_mcu7t5v0__aoi21_1)
     2    0.011231    1.064849    0.762682   61.722832 ^ _26073_/ZN (gf180mcu_fd_sc_mcu7t5v0__aoi21_1)
                                                         _05064_ (net)
                      1.064849    0.000220   61.723053 ^ _26080_/A2 (gf180mcu_fd_sc_mcu7t5v0__oai21_1)
     3    0.021432    0.837503    0.667569   62.390621 v _26080_/ZN (gf180mcu_fd_sc_mcu7t5v0__oai21_1)
                                                         _05070_ (net)
                      0.837503    0.000384   62.391003 v _26086_/A2 (gf180mcu_fd_sc_mcu7t5v0__and3_1)
     1    0.004846    0.261699    0.780929   63.171932 v _26086_/Z (gf180mcu_fd_sc_mcu7t5v0__and3_1)
                                                         _05075_ (net)
                      0.261699    0.000050   63.171982 v _26088_/A2 (gf180mcu_fd_sc_mcu7t5v0__oai31_1)
     1    0.004281    1.020654    0.728171   63.900154 ^ _26088_/ZN (gf180mcu_fd_sc_mcu7t5v0__oai31_1)
                                                         _00823_ (net)
                      1.020654    0.000078   63.900234 ^ _40448_/D (gf180mcu_fd_sc_mcu7t5v0__dffrnq_1)
                                             63.900234   data arrival time

                                100.000000  100.000000   clock core_clk (rise edge)
                                  0.000000  100.000000   clock source latency
     2    0.140486    0.000000    0.000000  100.000000 ^ clk (in)
                                                         clk (net)
                      0.066153    0.027057  100.027054 ^ clkbuf_0_clk/I (gf180mcu_fd_sc_mcu7t5v0__clkbuf_16)
     4    0.223544    0.470191    0.597417  100.624474 ^ clkbuf_0_clk/Z (gf180mcu_fd_sc_mcu7t5v0__clkbuf_16)
                                                         clknet_0_clk (net)
                      0.470378    0.012577  100.637047 ^ clkbuf_2_0_0_clk/I (gf180mcu_fd_sc_mcu7t5v0__clkbuf_8)
    16    0.459949    1.616310    1.336637  101.973686 ^ clkbuf_2_0_0_clk/Z (gf180mcu_fd_sc_mcu7t5v0__clkbuf_8)
                                                         clknet_2_0_0_clk (net)
                      1.618613    0.033729  102.007416 ^ clkbuf_6_1_0_clk/I (gf180mcu_fd_sc_mcu7t5v0__clkbuf_8)
     9    0.173622    0.680355    0.979860  102.987274 ^ clkbuf_6_1_0_clk/Z (gf180mcu_fd_sc_mcu7t5v0__clkbuf_8)
                                                         clknet_6_1_0_clk (net)
                      0.680359    0.002530  102.989807 ^ clkbuf_leaf_446_clk/I (gf180mcu_fd_sc_mcu7t5v0__clkbuf_8)
     7    0.041174    0.255201    0.571617  103.561424 ^ clkbuf_leaf_446_clk/Z (gf180mcu_fd_sc_mcu7t5v0__clkbuf_8)
                                                         clknet_leaf_446_clk (net)
                      0.255201    0.000185  103.561607 ^ _40448_/CLK (gf180mcu_fd_sc_mcu7t5v0__dffrnq_1)
                                  0.000000  103.561607   clock reconvergence pessimism
                                 -0.715474  102.846130   library setup time
                                            102.846130   data required time
---------------------------------------------------------------------------------------------
                                            102.846130   data required time
                                            -63.900234   data arrival time
---------------------------------------------------------------------------------------------
                                             38.945900   slack (MET)




===========================================================================
report_checks --slack_max -0.01
============================================================================
======================= max_ss_125C_4v50 Corner ===================================

No paths found.


===========================================================================
 report_check_types -max_slew -max_cap -max_fanout -violators
============================================================================
======================= max_ss_125C_4v50 Corner ===================================



===========================================================================
report_parasitic_annotation -report_unannotated
============================================================================
Found 426 unannotated drivers.
 clkload0/ZN
 clkload1/ZN
 clkload10/ZN
 clkload100/ZN
 clkload101/ZN
 clkload102/ZN
 clkload103/ZN
 clkload104/ZN
 clkload105/Z
 clkload106/ZN
 clkload107/ZN
 clkload108/ZN
 clkload109/Z
 clkload11/ZN
 clkload110/Z
 clkload111/ZN
 clkload112/ZN
 clkload113/ZN
 clkload114/Z
 clkload115/ZN
 clkload116/ZN
 clkload117/ZN
 clkload118/ZN
 clkload119/ZN
 clkload12/Z
 clkload120/ZN
 clkload121/ZN
 clkload122/ZN
 clkload123/ZN
 clkload124/ZN
 clkload125/ZN
 clkload126/ZN
 clkload127/ZN
 clkload128/ZN
 clkload129/ZN
 clkload13/ZN
 clkload130/ZN
 clkload131/ZN
 clkload132/ZN
 clkload133/ZN
 clkload134/ZN
 clkload135/ZN
 clkload136/ZN
 clkload137/ZN
 clkload138/ZN
 clkload139/ZN
 clkload14/ZN
 clkload140/ZN
 clkload141/ZN
 clkload142/ZN
 clkload143/ZN
 clkload144/ZN
 clkload145/ZN
 clkload146/ZN
 clkload147/ZN
 clkload148/ZN
 clkload149/ZN
 clkload15/ZN
 clkload150/ZN
 clkload151/Z
 clkload152/ZN
 clkload153/Z
 clkload154/Z
 clkload155/ZN
 clkload156/Z
 clkload157/ZN
 clkload158/ZN
 clkload159/ZN
 clkload16/ZN
 clkload160/ZN
 clkload161/ZN
 clkload162/ZN
 clkload163/ZN
 clkload164/ZN
 clkload165/ZN
 clkload166/ZN
 clkload167/ZN
 clkload168/ZN
 clkload169/ZN
 clkload17/ZN
 clkload170/ZN
 clkload171/ZN
 clkload172/ZN
 clkload173/ZN
 clkload174/ZN
 clkload175/ZN
 clkload176/ZN
 clkload177/ZN
 clkload178/ZN
 clkload179/ZN
 clkload18/ZN
 clkload180/ZN
 clkload181/ZN
 clkload182/ZN
 clkload183/ZN
 clkload184/ZN
 clkload185/ZN
 clkload186/Z
 clkload187/Z
 clkload188/ZN
 clkload189/ZN
 clkload19/ZN
 clkload190/ZN
 clkload191/Z
 clkload192/Z
 clkload193/ZN
 clkload194/ZN
 clkload195/Z
 clkload196/ZN
 clkload197/ZN
 clkload198/ZN
 clkload199/ZN
 clkload2/ZN
 clkload20/ZN
 clkload200/ZN
 clkload201/ZN
 clkload202/ZN
 clkload203/ZN
 clkload204/ZN
 clkload205/ZN
 clkload206/ZN
 clkload207/ZN
 clkload208/ZN
 clkload209/ZN
 clkload21/ZN
 clkload210/ZN
 clkload211/ZN
 clkload212/ZN
 clkload213/ZN
 clkload214/ZN
 clkload215/ZN
 clkload216/ZN
 clkload217/ZN
 clkload218/ZN
 clkload219/ZN
 clkload22/ZN
 clkload220/ZN
 clkload221/ZN
 clkload222/Z
 clkload223/ZN
 clkload224/ZN
 clkload225/ZN
 clkload226/Z
 clkload227/Z
 clkload228/ZN
 clkload229/ZN
 clkload23/ZN
 clkload230/ZN
 clkload231/ZN
 clkload232/ZN
 clkload233/ZN
 clkload234/ZN
 clkload235/ZN
 clkload236/ZN
 clkload237/ZN
 clkload238/ZN
 clkload239/ZN
 clkload24/ZN
 clkload240/ZN
 clkload241/ZN
 clkload242/ZN
 clkload243/Z
 clkload244/Z
 clkload245/Z
 clkload246/ZN
 clkload247/ZN
 clkload248/ZN
 clkload249/ZN
 clkload25/ZN
 clkload250/ZN
 clkload251/ZN
 clkload252/ZN
 clkload253/ZN
 clkload254/ZN
 clkload255/ZN
 clkload256/ZN
 clkload257/ZN
 clkload258/ZN
 clkload259/ZN
 clkload26/ZN
 clkload260/ZN
 clkload261/Z
 clkload262/ZN
 clkload263/ZN
 clkload264/ZN
 clkload265/Z
 clkload266/ZN
 clkload267/ZN
 clkload268/ZN
 clkload269/ZN
 clkload27/ZN
 clkload270/ZN
 clkload271/ZN
 clkload272/ZN
 clkload273/ZN
 clkload274/ZN
 clkload275/ZN
 clkload276/ZN
 clkload277/ZN
 clkload278/ZN
 clkload279/ZN
 clkload28/ZN
 clkload280/ZN
 clkload281/ZN
 clkload282/ZN
 clkload283/Z
 clkload284/ZN
 clkload285/Z
 clkload286/ZN
 clkload287/ZN
 clkload288/ZN
 clkload289/ZN
 clkload29/ZN
 clkload290/ZN
 clkload291/Z
 clkload292/Z
 clkload293/ZN
 clkload294/ZN
 clkload295/ZN
 clkload296/ZN
 clkload297/ZN
 clkload298/ZN
 clkload299/ZN
 clkload3/ZN
 clkload30/ZN
 clkload300/ZN
 clkload301/ZN
 clkload302/ZN
 clkload303/ZN
 clkload304/ZN
 clkload305/ZN
 clkload306/Z
 clkload307/ZN
 clkload308/ZN
 clkload309/ZN
 clkload31/ZN
 clkload310/ZN
 clkload311/ZN
 clkload312/ZN
 clkload313/ZN
 clkload314/ZN
 clkload315/ZN
 clkload316/ZN
 clkload317/ZN
 clkload318/ZN
 clkload319/ZN
 clkload32/ZN
 clkload320/ZN
 clkload321/ZN
 clkload322/ZN
 clkload323/ZN
 clkload324/ZN
 clkload325/Z
 clkload326/ZN
 clkload327/Z
 clkload328/ZN
 clkload329/ZN
 clkload33/ZN
 clkload330/ZN
 clkload331/ZN
 clkload332/ZN
 clkload333/ZN
 clkload334/ZN
 clkload335/ZN
 clkload336/ZN
 clkload337/ZN
 clkload338/ZN
 clkload339/ZN
 clkload34/ZN
 clkload340/Z
 clkload341/ZN
 clkload342/ZN
 clkload343/ZN
 clkload344/ZN
 clkload345/ZN
 clkload346/ZN
 clkload347/ZN
 clkload348/ZN
 clkload349/ZN
 clkload35/ZN
 clkload350/Z
 clkload351/ZN
 clkload352/ZN
 clkload353/ZN
 clkload354/ZN
 clkload355/ZN
 clkload356/ZN
 clkload357/ZN
 clkload358/ZN
 clkload359/ZN
 clkload36/ZN
 clkload360/ZN
 clkload361/ZN
 clkload362/ZN
 clkload363/ZN
 clkload364/Z
 clkload365/ZN
 clkload366/ZN
 clkload367/Z
 clkload368/ZN
 clkload369/Z
 clkload37/ZN
 clkload370/Z
 clkload371/ZN
 clkload372/ZN
 clkload373/ZN
 clkload374/ZN
 clkload375/ZN
 clkload376/ZN
 clkload377/ZN
 clkload378/Z
 clkload379/ZN
 clkload38/ZN
 clkload380/ZN
 clkload381/ZN
 clkload382/ZN
 clkload383/ZN
 clkload384/ZN
 clkload385/ZN
 clkload386/ZN
 clkload387/ZN
 clkload388/ZN
 clkload389/ZN
 clkload39/ZN
 clkload390/ZN
 clkload391/ZN
 clkload392/ZN
 clkload393/ZN
 clkload394/ZN
 clkload395/ZN
 clkload396/ZN
 clkload397/ZN
 clkload398/ZN
 clkload399/ZN
 clkload4/ZN
 clkload40/ZN
 clkload400/ZN
 clkload401/ZN
 clkload402/Z
 clkload403/ZN
 clkload404/ZN
 clkload405/ZN
 clkload406/ZN
 clkload407/ZN
 clkload408/ZN
 clkload409/ZN
 clkload41/ZN
 clkload410/ZN
 clkload411/ZN
 clkload412/ZN
 clkload413/ZN
 clkload414/Z
 clkload415/Z
 clkload416/ZN
 clkload417/ZN
 clkload418/Z
 clkload419/ZN
 clkload42/ZN
 clkload420/ZN
 clkload421/ZN
 clkload422/ZN
 clkload423/ZN
 clkload424/ZN
 clkload425/ZN
 clkload43/ZN
 clkload44/ZN
 clkload45/ZN
 clkload46/Z
 clkload47/ZN
 clkload48/ZN
 clkload49/ZN
 clkload5/ZN
 clkload50/Z
 clkload51/ZN
 clkload52/Z
 clkload53/ZN
 clkload54/ZN
 clkload55/ZN
 clkload56/Z
 clkload57/ZN
 clkload58/ZN
 clkload59/Z
 clkload6/ZN
 clkload60/ZN
 clkload61/Z
 clkload62/ZN
 clkload63/ZN
 clkload64/ZN
 clkload65/ZN
 clkload66/ZN
 clkload67/ZN
 clkload68/ZN
 clkload69/ZN
 clkload7/ZN
 clkload70/ZN
 clkload71/Z
 clkload72/Z
 clkload73/ZN
 clkload74/ZN
 clkload75/ZN
 clkload76/ZN
 clkload77/ZN
 clkload78/ZN
 clkload79/ZN
 clkload8/ZN
 clkload80/ZN
 clkload81/ZN
 clkload82/ZN
 clkload83/Z
 clkload84/Z
 clkload85/ZN
 clkload86/ZN
 clkload87/ZN
 clkload88/ZN
 clkload89/ZN
 clkload9/ZN
 clkload90/ZN
 clkload91/ZN
 clkload92/ZN
 clkload93/ZN
 clkload94/ZN
 clkload95/ZN
 clkload96/ZN
 clkload97/ZN
 clkload98/ZN
 clkload99/ZN
Found 0 partially unannotated drivers.

===========================================================================
max slew violation count 0
max fanout violation count 0
max cap violation count 0
============================================================================

===========================================================================
check_setup -verbose -unconstrained_endpoints -multiple_clock -no_clock -no_input_delay -loops -generated_clocks
===========================================================================
