Clock: core_clk
Sources: clk 
Generated: no
Virtual: yes
Propagated: no
Period: 100.000000

===========================================================================
report_clock_properties
============================================================================
Clock                   Period          Waveform
----------------------------------------------------
core_clk            100.000000    0.000000 50.000000

===========================================================================
report_clock_latency
============================================================================
Clock core_clk
rise -> rise
    min     max
0.000000 0.000000 source latency
2.845104         network latency _41146_/CLK
        3.668668 network latency _40891_/CLK
---------------
2.845104 3.668668 latency
        0.823565 skew

fall -> fall
    min     max
0.000000 0.000000 source latency
3.188237         network latency _41146_/CLK
        4.126580 network latency _40891_/CLK
---------------
3.188237 4.126580 latency
        0.938343 skew



===========================================================================
report_clock_min_period
============================================================================
core_clk period_min = 61.05 fmax = 16.38
